[1.334s] Invoking command in '/home/arepo/TMR2026_Rescue/jaguar/arm/src/jaguar_teleop': PYTHONPATH=/home/arepo/TMR2026_Rescue/jaguar/arm/build/jaguar_teleop/prefix_override:/usr/lib/python3/dist-packages/colcon_core/task/python/colcon_distutils_commands:/home/arepo/TMR2026_Rescue/jaguar/arm/install/jaguar_teleop/lib/python3.10/site-packages:${PYTHONPATH} /usr/bin/python3 -W ignore:setup.py install is deprecated -W ignore:easy_install command is deprecated setup.py egg_info --egg-base ../../build/jaguar_teleop build --build-base /home/arepo/TMR2026_Rescue/jaguar/arm/build/jaguar_teleop/build install --record /home/arepo/TMR2026_Rescue/jaguar/arm/build/jaguar_teleop/install.log --single-version-externally-managed install_data
[1.555s] running egg_info
[1.555s] creating ../../build/jaguar_teleop/jaguar_teleop.egg-info
[1.571s] writing ../../build/jaguar_teleop/jaguar_teleop.egg-info/PKG-INFO
[1.572s] writing dependency_links to ../../build/jaguar_teleop/jaguar_teleop.egg-info/dependency_links.txt
[1.572s] writing entry points to ../../build/jaguar_teleop/jaguar_teleop.egg-info/entry_points.txt
[1.572s] writing requirements to ../../build/jaguar_teleop/jaguar_teleop.egg-info/requires.txt
[1.572s] writing top-level names to ../../build/jaguar_teleop/jaguar_teleop.egg-info/top_level.txt
[1.573s] writing manifest file '../../build/jaguar_teleop/jaguar_teleop.egg-info/SOURCES.txt'
[1.607s] reading manifest file '../../build/jaguar_teleop/jaguar_teleop.egg-info/SOURCES.txt'
[1.609s] writing manifest file '../../build/jaguar_teleop/jaguar_teleop.egg-info/SOURCES.txt'
[1.609s] running build
[1.609s] running build_py
[1.609s] creating /home/arepo/TMR2026_Rescue/jaguar/arm/build/jaguar_teleop/build
[1.609s] creating /home/arepo/TMR2026_Rescue/jaguar/arm/build/jaguar_teleop/build/lib
[1.609s] creating /home/arepo/TMR2026_Rescue/jaguar/arm/build/jaguar_teleop/build/lib/jaguar_teleop
[1.609s] copying jaguar_teleop/keyboard_servo.py -> /home/arepo/TMR2026_Rescue/jaguar/arm/build/jaguar_teleop/build/lib/jaguar_teleop
[1.610s] copying jaguar_teleop/joystick_servo.py -> /home/arepo/TMR2026_Rescue/jaguar/arm/build/jaguar_teleop/build/lib/jaguar_teleop
[1.610s] copying jaguar_teleop/__init__.py -> /home/arepo/TMR2026_Rescue/jaguar/arm/build/jaguar_teleop/build/lib/jaguar_teleop
[1.610s] copying jaguar_teleop/teleop_tk.py -> /home/arepo/TMR2026_Rescue/jaguar/arm/build/jaguar_teleop/build/lib/jaguar_teleop
[1.610s] copying jaguar_teleop/serial_bridge.py -> /home/arepo/TMR2026_Rescue/jaguar/arm/build/jaguar_teleop/build/lib/jaguar_teleop
[1.610s] running install
[1.613s] running install_lib
[1.629s] creating /home/arepo/TMR2026_Rescue/jaguar/arm/install/jaguar_teleop/lib/python3.10/site-packages/jaguar_teleop
[1.630s] copying /home/arepo/TMR2026_Rescue/jaguar/arm/build/jaguar_teleop/build/lib/jaguar_teleop/keyboard_servo.py -> /home/arepo/TMR2026_Rescue/jaguar/arm/install/jaguar_teleop/lib/python3.10/site-packages/jaguar_teleop
[1.630s] copying /home/arepo/TMR2026_Rescue/jaguar/arm/build/jaguar_teleop/build/lib/jaguar_teleop/joystick_servo.py -> /home/arepo/TMR2026_Rescue/jaguar/arm/install/jaguar_teleop/lib/python3.10/site-packages/jaguar_teleop
[1.630s] copying /home/arepo/TMR2026_Rescue/jaguar/arm/build/jaguar_teleop/build/lib/jaguar_teleop/__init__.py -> /home/arepo/TMR2026_Rescue/jaguar/arm/install/jaguar_teleop/lib/python3.10/site-packages/jaguar_teleop
[1.630s] copying /home/arepo/TMR2026_Rescue/jaguar/arm/build/jaguar_teleop/build/lib/jaguar_teleop/teleop_tk.py -> /home/arepo/TMR2026_Rescue/jaguar/arm/install/jaguar_teleop/lib/python3.10/site-packages/jaguar_teleop
[1.630s] copying /home/arepo/TMR2026_Rescue/jaguar/arm/build/jaguar_teleop/build/lib/jaguar_teleop/serial_bridge.py -> /home/arepo/TMR2026_Rescue/jaguar/arm/install/jaguar_teleop/lib/python3.10/site-packages/jaguar_teleop
[1.630s] byte-compiling /home/arepo/TMR2026_Rescue/jaguar/arm/install/jaguar_teleop/lib/python3.10/site-packages/jaguar_teleop/keyboard_servo.py to keyboard_servo.cpython-310.pyc
[1.632s] byte-compiling /home/arepo/TMR2026_Rescue/jaguar/arm/install/jaguar_teleop/lib/python3.10/site-packages/jaguar_teleop/joystick_servo.py to joystick_servo.cpython-310.pyc
[1.633s] byte-compiling /home/arepo/TMR2026_Rescue/jaguar/arm/install/jaguar_teleop/lib/python3.10/site-packages/jaguar_teleop/__init__.py to __init__.cpython-310.pyc
[1.634s] byte-compiling /home/arepo/TMR2026_Rescue/jaguar/arm/install/jaguar_teleop/lib/python3.10/site-packages/jaguar_teleop/teleop_tk.py to teleop_tk.cpython-310.pyc
[1.635s] byte-compiling /home/arepo/TMR2026_Rescue/jaguar/arm/install/jaguar_teleop/lib/python3.10/site-packages/jaguar_teleop/serial_bridge.py to serial_bridge.cpython-310.pyc
[1.636s] running install_data
[1.636s] creating /home/arepo/TMR2026_Rescue/jaguar/arm/install/jaguar_teleop/share/ament_index
[1.636s] creating /home/arepo/TMR2026_Rescue/jaguar/arm/install/jaguar_teleop/share/ament_index/resource_index
[1.637s] creating /home/arepo/TMR2026_Rescue/jaguar/arm/install/jaguar_teleop/share/ament_index/resource_index/packages
[1.637s] copying resource/jaguar_teleop -> /home/arepo/TMR2026_Rescue/jaguar/arm/install/jaguar_teleop/share/ament_index/resource_index/packages
[1.637s] copying package.xml -> /home/arepo/TMR2026_Rescue/jaguar/arm/install/jaguar_teleop/share/jaguar_teleop
[1.637s] creating /home/arepo/TMR2026_Rescue/jaguar/arm/install/jaguar_teleop/share/jaguar_teleop/launch
[1.637s] copying launch/joystick.launch.py -> /home/arepo/TMR2026_Rescue/jaguar/arm/install/jaguar_teleop/share/jaguar_teleop/launch
[1.637s] running install_egg_info
[1.655s] Copying ../../build/jaguar_teleop/jaguar_teleop.egg-info to /home/arepo/TMR2026_Rescue/jaguar/arm/install/jaguar_teleop/lib/python3.10/site-packages/jaguar_teleop-0.0.0-py3.10.egg-info
[1.655s] running install_scripts
[1.822s] Installing joystick_servo script to /home/arepo/TMR2026_Rescue/jaguar/arm/install/jaguar_teleop/lib/jaguar_teleop
[1.822s] Installing keyboard_servo script to /home/arepo/TMR2026_Rescue/jaguar/arm/install/jaguar_teleop/lib/jaguar_teleop
[1.822s] Installing serial_bridge script to /home/arepo/TMR2026_Rescue/jaguar/arm/install/jaguar_teleop/lib/jaguar_teleop
[1.822s] Installing teleop_tk script to /home/arepo/TMR2026_Rescue/jaguar/arm/install/jaguar_teleop/lib/jaguar_teleop
[1.823s] writing list of installed files to '/home/arepo/TMR2026_Rescue/jaguar/arm/build/jaguar_teleop/install.log'
[1.866s] Invoked command in '/home/arepo/TMR2026_Rescue/jaguar/arm/src/jaguar_teleop' returned '0': PYTHONPATH=/home/arepo/TMR2026_Rescue/jaguar/arm/build/jaguar_teleop/prefix_override:/usr/lib/python3/dist-packages/colcon_core/task/python/colcon_distutils_commands:/home/arepo/TMR2026_Rescue/jaguar/arm/install/jaguar_teleop/lib/python3.10/site-packages:${PYTHONPATH} /usr/bin/python3 -W ignore:setup.py install is deprecated -W ignore:easy_install command is deprecated setup.py egg_info --egg-base ../../build/jaguar_teleop build --build-base /home/arepo/TMR2026_Rescue/jaguar/arm/build/jaguar_teleop/build install --record /home/arepo/TMR2026_Rescue/jaguar/arm/build/jaguar_teleop/install.log --single-version-externally-managed install_data
