[0.180s] Invoking command in '/home/arepo/TMR2026_Rescue/shared/gui_ws/build/gui': CMAKE_PREFIX_PATH=${CMAKE_PREFIX_PATH}:/home/arepo/TMR2026_Rescue/shared/gui_ws/install/esp32_bridge:/opt/ros/humble /home/arepo/.local/bin/cmake --build /home/arepo/TMR2026_Rescue/shared/gui_ws/build/gui -- -j16 -l16
[0.263s] [  0%] [0mBuilt target gui_autogen_timestamp_deps[0m
[0.289s] [  5%] [1m[34mAutomatic MOC and UIC for target gui[0m
[0.551s] [  5%] [0mBuilt target gui_autogen[0m
[0.636s] [ 11%] [32mBuilding CXX object CMakeFiles/gui.dir/gui_autogen/mocs_compilation.cpp.o[0m
[0.636s] [ 16%] [32mBuilding CXX object CMakeFiles/gui.dir/src/gui.cpp.o[0m
[0.637s] [ 22%] [32mBuilding CXX object CMakeFiles/gui.dir/src/main_window.cpp.o[0m
[0.637s] [ 27%] [32mBuilding CXX object CMakeFiles/gui.dir/src/video_widget.cpp.o[0m
[0.638s] [ 33%] [32mBuilding CXX object CMakeFiles/gui.dir/src/dashboard_panel.cpp.o[0m
[0.638s] [ 38%] [32mBuilding CXX object CMakeFiles/gui.dir/src/speech_processor.cpp.o[0m
[0.640s] [ 44%] [32mBuilding CXX object CMakeFiles/gui.dir/src/filters.cpp.o[0m
[0.640s] [ 50%] [32mBuilding CXX object CMakeFiles/gui.dir/src/app_settings.cpp.o[0m
[0.641s] [ 55%] [32mBuilding CXX object CMakeFiles/gui.dir/src/settings_dialog.cpp.o[0m
[0.641s] [ 61%] [32mBuilding CXX object CMakeFiles/gui.dir/src/keybind_dialog.cpp.o[0m
[16.404s] [ 66%] [1m[32mLinking CXX executable gui[0m
[21.023s] [100%] [0mBuilt target gui[0m
[21.030s] Invoked command in '/home/arepo/TMR2026_Rescue/shared/gui_ws/build/gui' returned '0': CMAKE_PREFIX_PATH=${CMAKE_PREFIX_PATH}:/home/arepo/TMR2026_Rescue/shared/gui_ws/install/esp32_bridge:/opt/ros/humble /home/arepo/.local/bin/cmake --build /home/arepo/TMR2026_Rescue/shared/gui_ws/build/gui -- -j16 -l16
[21.090s] Invoking command in '/home/arepo/TMR2026_Rescue/shared/gui_ws/build/gui': CMAKE_PREFIX_PATH=${CMAKE_PREFIX_PATH}:/home/arepo/TMR2026_Rescue/shared/gui_ws/install/esp32_bridge:/opt/ros/humble /home/arepo/.local/bin/cmake --install /home/arepo/TMR2026_Rescue/shared/gui_ws/build/gui
[21.146s] -- Install configuration: ""
[21.146s] -- Installing: /home/arepo/TMR2026_Rescue/shared/gui_ws/install/gui/lib/gui/gui
[21.177s] -- Set non-toolchain portion of runtime path of "/home/arepo/TMR2026_Rescue/shared/gui_ws/install/gui/lib/gui/gui" to ""
[21.177s] -- Up-to-date: /home/arepo/TMR2026_Rescue/shared/gui_ws/install/gui/lib/gui/gst_bridge
[21.177s] -- Up-to-date: /home/arepo/TMR2026_Rescue/shared/gui_ws/install/gui/share/gui/assets
[21.177s] -- Up-to-date: /home/arepo/TMR2026_Rescue/shared/gui_ws/install/gui/share/gui/assets/vision
[21.177s] -- Up-to-date: /home/arepo/TMR2026_Rescue/shared/gui_ws/install/gui/share/gui/assets/audio
[21.177s] -- Up-to-date: /home/arepo/TMR2026_Rescue/shared/gui_ws/install/gui/share/gui/launch
[21.177s] -- Up-to-date: /home/arepo/TMR2026_Rescue/shared/gui_ws/install/gui/share/gui/launch/gui.launch.py
[21.177s] -- Up-to-date: /home/arepo/TMR2026_Rescue/shared/gui_ws/install/gui/share/ament_index/resource_index/package_run_dependencies/gui
[21.178s] -- Up-to-date: /home/arepo/TMR2026_Rescue/shared/gui_ws/install/gui/share/ament_index/resource_index/parent_prefix_path/gui
[21.178s] -- Up-to-date: /home/arepo/TMR2026_Rescue/shared/gui_ws/install/gui/share/gui/environment/ament_prefix_path.sh
[21.178s] -- Up-to-date: /home/arepo/TMR2026_Rescue/shared/gui_ws/install/gui/share/gui/environment/ament_prefix_path.dsv
[21.178s] -- Up-to-date: /home/arepo/TMR2026_Rescue/shared/gui_ws/install/gui/share/gui/environment/path.sh
[21.178s] -- Up-to-date: /home/arepo/TMR2026_Rescue/shared/gui_ws/install/gui/share/gui/environment/path.dsv
[21.178s] -- Up-to-date: /home/arepo/TMR2026_Rescue/shared/gui_ws/install/gui/share/gui/local_setup.bash
[21.178s] -- Up-to-date: /home/arepo/TMR2026_Rescue/shared/gui_ws/install/gui/share/gui/local_setup.sh
[21.178s] -- Up-to-date: /home/arepo/TMR2026_Rescue/shared/gui_ws/install/gui/share/gui/local_setup.zsh
[21.178s] -- Up-to-date: /home/arepo/TMR2026_Rescue/shared/gui_ws/install/gui/share/gui/local_setup.dsv
[21.178s] -- Installing: /home/arepo/TMR2026_Rescue/shared/gui_ws/install/gui/share/gui/package.dsv
[21.178s] -- Up-to-date: /home/arepo/TMR2026_Rescue/shared/gui_ws/install/gui/share/ament_index/resource_index/packages/gui
[21.178s] -- Up-to-date: /home/arepo/TMR2026_Rescue/shared/gui_ws/install/gui/share/gui/cmake/guiConfig.cmake
[21.178s] -- Up-to-date: /home/arepo/TMR2026_Rescue/shared/gui_ws/install/gui/share/gui/cmake/guiConfig-version.cmake
[21.178s] -- Up-to-date: /home/arepo/TMR2026_Rescue/shared/gui_ws/install/gui/share/gui/package.xml
[21.179s] Invoked command in '/home/arepo/TMR2026_Rescue/shared/gui_ws/build/gui' returned '0': CMAKE_PREFIX_PATH=${CMAKE_PREFIX_PATH}:/home/arepo/TMR2026_Rescue/shared/gui_ws/install/esp32_bridge:/opt/ros/humble /home/arepo/.local/bin/cmake --install /home/arepo/TMR2026_Rescue/shared/gui_ws/build/gui
