/home/gerardo/TMR2026_Rescue/install/esp32_bridge/lib/python3.10/site-packages/esp32_bridge/audio_node.py
/home/gerardo/TMR2026_Rescue/install/esp32_bridge/lib/python3.10/site-packages/esp32_bridge/servo_bridge.py
/home/gerardo/TMR2026_Rescue/install/esp32_bridge/lib/python3.10/site-packages/esp32_bridge/gst_sender.py
/home/gerardo/TMR2026_Rescue/install/esp32_bridge/lib/python3.10/site-packages/esp32_bridge/main_bridge.py
/home/gerardo/TMR2026_Rescue/install/esp32_bridge/lib/python3.10/site-packages/esp32_bridge/rc_control.py
/home/gerardo/TMR2026_Rescue/install/esp32_bridge/lib/python3.10/site-packages/esp32_bridge/__init__.py
/home/gerardo/TMR2026_Rescue/install/esp32_bridge/lib/python3.10/site-packages/esp32_bridge/__pycache__/audio_node.cpython-310.pyc
/home/gerardo/TMR2026_Rescue/install/esp32_bridge/lib/python3.10/site-packages/esp32_bridge/__pycache__/servo_bridge.cpython-310.pyc
/home/gerardo/TMR2026_Rescue/install/esp32_bridge/lib/python3.10/site-packages/esp32_bridge/__pycache__/gst_sender.cpython-310.pyc
/home/gerardo/TMR2026_Rescue/install/esp32_bridge/lib/python3.10/site-packages/esp32_bridge/__pycache__/main_bridge.cpython-310.pyc
/home/gerardo/TMR2026_Rescue/install/esp32_bridge/lib/python3.10/site-packages/esp32_bridge/__pycache__/rc_control.cpython-310.pyc
/home/gerardo/TMR2026_Rescue/install/esp32_bridge/lib/python3.10/site-packages/esp32_bridge/__pycache__/__init__.cpython-310.pyc
/home/gerardo/TMR2026_Rescue/install/esp32_bridge/share/ament_index/resource_index/packages/esp32_bridge
/home/gerardo/TMR2026_Rescue/install/esp32_bridge/share/esp32_bridge/package.xml
/home/gerardo/TMR2026_Rescue/install/esp32_bridge/share/esp32_bridge/launch/esp32_bridge.launch.py
/home/gerardo/TMR2026_Rescue/install/esp32_bridge/lib/python3.10/site-packages/esp32_bridge-0.0.0-py3.10.egg-info/PKG-INFO
/home/gerardo/TMR2026_Rescue/install/esp32_bridge/lib/python3.10/site-packages/esp32_bridge-0.0.0-py3.10.egg-info/top_level.txt
/home/gerardo/TMR2026_Rescue/install/esp32_bridge/lib/python3.10/site-packages/esp32_bridge-0.0.0-py3.10.egg-info/zip-safe
/home/gerardo/TMR2026_Rescue/install/esp32_bridge/lib/python3.10/site-packages/esp32_bridge-0.0.0-py3.10.egg-info/entry_points.txt
/home/gerardo/TMR2026_Rescue/install/esp32_bridge/lib/python3.10/site-packages/esp32_bridge-0.0.0-py3.10.egg-info/SOURCES.txt
/home/gerardo/TMR2026_Rescue/install/esp32_bridge/lib/python3.10/site-packages/esp32_bridge-0.0.0-py3.10.egg-info/requires.txt
/home/gerardo/TMR2026_Rescue/install/esp32_bridge/lib/python3.10/site-packages/esp32_bridge-0.0.0-py3.10.egg-info/dependency_links.txt
/home/gerardo/TMR2026_Rescue/install/esp32_bridge/lib/esp32_bridge/audio_node
/home/gerardo/TMR2026_Rescue/install/esp32_bridge/lib/esp32_bridge/gst_sender
/home/gerardo/TMR2026_Rescue/install/esp32_bridge/lib/esp32_bridge/main_bridge
/home/gerardo/TMR2026_Rescue/install/esp32_bridge/lib/esp32_bridge/rc_control
/home/gerardo/TMR2026_Rescue/install/esp32_bridge/lib/esp32_bridge/servo_bridge
