[0.170s] Invoking command in '/home/arepo/TMR2026_Rescue/shared/gui_ws/build/gui': CMAKE_PREFIX_PATH=${CMAKE_PREFIX_PATH}:/home/arepo/TMR2026_Rescue/shared/gui_ws/install/esp32_bridge:/opt/ros/humble /home/arepo/.local/bin/cmake --build /home/arepo/TMR2026_Rescue/shared/gui_ws/build/gui -- -j16 -l16
[0.254s] [  0%] [0mBuilt target gui_autogen_timestamp_deps[0m
[0.295s] [  5%] [1m[34mAutomatic MOC and UIC for target gui[0m
[0.331s] [  5%] [0mBuilt target gui_autogen[0m
[0.435s] [ 10%] [32mBuilding CXX object CMakeFiles/gui.dir/src/dashboard_panel.cpp.o[0m
[13.792s] [ 15%] [1m[32mLinking CXX executable gui[0m
[18.545s] [100%] [0mBuilt target gui[0m
[18.552s] Invoked command in '/home/arepo/TMR2026_Rescue/shared/gui_ws/build/gui' returned '0': CMAKE_PREFIX_PATH=${CMAKE_PREFIX_PATH}:/home/arepo/TMR2026_Rescue/shared/gui_ws/install/esp32_bridge:/opt/ros/humble /home/arepo/.local/bin/cmake --build /home/arepo/TMR2026_Rescue/shared/gui_ws/build/gui -- -j16 -l16
[18.614s] Invoking command in '/home/arepo/TMR2026_Rescue/shared/gui_ws/build/gui': CMAKE_PREFIX_PATH=${CMAKE_PREFIX_PATH}:/home/arepo/TMR2026_Rescue/shared/gui_ws/install/esp32_bridge:/opt/ros/humble /home/arepo/.local/bin/cmake --install /home/arepo/TMR2026_Rescue/shared/gui_ws/build/gui
[18.670s] -- Install configuration: ""
[18.670s] -- Installing: /home/arepo/TMR2026_Rescue/shared/gui_ws/install/gui/lib/gui/gui
[18.702s] -- Set non-toolchain portion of runtime path of "/home/arepo/TMR2026_Rescue/shared/gui_ws/install/gui/lib/gui/gui" to ""
[18.702s] -- Up-to-date: /home/arepo/TMR2026_Rescue/shared/gui_ws/install/gui/lib/gui/gst_bridge
[18.702s] -- Up-to-date: /home/arepo/TMR2026_Rescue/shared/gui_ws/install/gui/share/gui/assets
[18.702s] -- Up-to-date: /home/arepo/TMR2026_Rescue/shared/gui_ws/install/gui/share/gui/assets/vision
[18.703s] -- Up-to-date: /home/arepo/TMR2026_Rescue/shared/gui_ws/install/gui/share/gui/assets/audio
[18.703s] -- Up-to-date: /home/arepo/TMR2026_Rescue/shared/gui_ws/install/gui/share/gui/launch
[18.703s] -- Up-to-date: /home/arepo/TMR2026_Rescue/shared/gui_ws/install/gui/share/gui/launch/gui.launch.py
[18.703s] -- Up-to-date: /home/arepo/TMR2026_Rescue/shared/gui_ws/install/gui/share/ament_index/resource_index/package_run_dependencies/gui
[18.703s] -- Up-to-date: /home/arepo/TMR2026_Rescue/shared/gui_ws/install/gui/share/ament_index/resource_index/parent_prefix_path/gui
[18.703s] -- Up-to-date: /home/arepo/TMR2026_Rescue/shared/gui_ws/install/gui/share/gui/environment/ament_prefix_path.sh
[18.703s] -- Up-to-date: /home/arepo/TMR2026_Rescue/shared/gui_ws/install/gui/share/gui/environment/ament_prefix_path.dsv
[18.703s] -- Up-to-date: /home/arepo/TMR2026_Rescue/shared/gui_ws/install/gui/share/gui/environment/path.sh
[18.703s] -- Up-to-date: /home/arepo/TMR2026_Rescue/shared/gui_ws/install/gui/share/gui/environment/path.dsv
[18.703s] -- Up-to-date: /home/arepo/TMR2026_Rescue/shared/gui_ws/install/gui/share/gui/local_setup.bash
[18.703s] -- Up-to-date: /home/arepo/TMR2026_Rescue/shared/gui_ws/install/gui/share/gui/local_setup.sh
[18.703s] -- Up-to-date: /home/arepo/TMR2026_Rescue/shared/gui_ws/install/gui/share/gui/local_setup.zsh
[18.703s] -- Up-to-date: /home/arepo/TMR2026_Rescue/shared/gui_ws/install/gui/share/gui/local_setup.dsv
[18.703s] -- Installing: /home/arepo/TMR2026_Rescue/shared/gui_ws/install/gui/share/gui/package.dsv
[18.703s] -- Up-to-date: /home/arepo/TMR2026_Rescue/shared/gui_ws/install/gui/share/ament_index/resource_index/packages/gui
[18.704s] -- Up-to-date: /home/arepo/TMR2026_Rescue/shared/gui_ws/install/gui/share/gui/cmake/guiConfig.cmake
[18.704s] -- Up-to-date: /home/arepo/TMR2026_Rescue/shared/gui_ws/install/gui/share/gui/cmake/guiConfig-version.cmake
[18.704s] -- Up-to-date: /home/arepo/TMR2026_Rescue/shared/gui_ws/install/gui/share/gui/package.xml
[18.705s] Invoked command in '/home/arepo/TMR2026_Rescue/shared/gui_ws/build/gui' returned '0': CMAKE_PREFIX_PATH=${CMAKE_PREFIX_PATH}:/home/arepo/TMR2026_Rescue/shared/gui_ws/install/esp32_bridge:/opt/ros/humble /home/arepo/.local/bin/cmake --install /home/arepo/TMR2026_Rescue/shared/gui_ws/build/gui
