running egg_info
writing ../../build/esp32_bridge/esp32_bridge.egg-info/PKG-INFO
writing dependency_links to ../../build/esp32_bridge/esp32_bridge.egg-info/dependency_links.txt
writing entry points to ../../build/esp32_bridge/esp32_bridge.egg-info/entry_points.txt
writing requirements to ../../build/esp32_bridge/esp32_bridge.egg-info/requires.txt
writing top-level names to ../../build/esp32_bridge/esp32_bridge.egg-info/top_level.txt
reading manifest file '../../build/esp32_bridge/esp32_bridge.egg-info/SOURCES.txt'
writing manifest file '../../build/esp32_bridge/esp32_bridge.egg-info/SOURCES.txt'
running build
running build_py
copying esp32_bridge/esp32_bridge_node.py -> /home/arepo/TMR2026_Rescue/shared/gui_ws/build/esp32_bridge/build/lib/esp32_bridge
copying esp32_bridge/__init__.py -> /home/arepo/TMR2026_Rescue/shared/gui_ws/build/esp32_bridge/build/lib/esp32_bridge
running install
running install_lib
copying /home/arepo/TMR2026_Rescue/shared/gui_ws/build/esp32_bridge/build/lib/esp32_bridge/esp32_bridge_node.py -> /home/arepo/TMR2026_Rescue/shared/gui_ws/install/esp32_bridge/lib/python3.10/site-packages/esp32_bridge
copying /home/arepo/TMR2026_Rescue/shared/gui_ws/build/esp32_bridge/build/lib/esp32_bridge/__init__.py -> /home/arepo/TMR2026_Rescue/shared/gui_ws/install/esp32_bridge/lib/python3.10/site-packages/esp32_bridge
byte-compiling /home/arepo/TMR2026_Rescue/shared/gui_ws/install/esp32_bridge/lib/python3.10/site-packages/esp32_bridge/esp32_bridge_node.py to esp32_bridge_node.cpython-310.pyc
byte-compiling /home/arepo/TMR2026_Rescue/shared/gui_ws/install/esp32_bridge/lib/python3.10/site-packages/esp32_bridge/__init__.py to __init__.cpython-310.pyc
running install_data
copying resource/esp32_bridge -> /home/arepo/TMR2026_Rescue/shared/gui_ws/install/esp32_bridge/share/ament_index/resource_index/packages
copying package.xml -> /home/arepo/TMR2026_Rescue/shared/gui_ws/install/esp32_bridge/share/esp32_bridge
copying launch/esp32_bridge.launch.py -> /home/arepo/TMR2026_Rescue/shared/gui_ws/install/esp32_bridge/share/esp32_bridge/launch
running install_egg_info
Copying ../../build/esp32_bridge/esp32_bridge.egg-info to /home/arepo/TMR2026_Rescue/shared/gui_ws/install/esp32_bridge/lib/python3.10/site-packages/esp32_bridge-0.0.0-py3.10.egg-info
running install_scripts
Installing esp32_bridge_node script to /home/arepo/TMR2026_Rescue/shared/gui_ws/install/esp32_bridge/lib/esp32_bridge
writing list of installed files to '/home/arepo/TMR2026_Rescue/shared/gui_ws/build/esp32_bridge/install.log'
