[0.853s] Invoking command in '/home/arepo/TMR2026_Rescue/shared/gui_ws/src/esp32_bridge': PYTHONPATH=/home/arepo/TMR2026_Rescue/shared/gui_ws/build/esp32_bridge/prefix_override:/usr/lib/python3/dist-packages/colcon_core/task/python/colcon_distutils_commands:/home/arepo/TMR2026_Rescue/shared/gui_ws/install/esp32_bridge/lib/python3.10/site-packages:${PYTHONPATH} /usr/bin/python3 -W ignore:setup.py install is deprecated -W ignore:easy_install command is deprecated setup.py egg_info --egg-base ../../build/esp32_bridge build --build-base /home/arepo/TMR2026_Rescue/shared/gui_ws/build/esp32_bridge/build install --record /home/arepo/TMR2026_Rescue/shared/gui_ws/build/esp32_bridge/install.log --single-version-externally-managed install_data
[1.048s] running egg_info
[1.063s] writing ../../build/esp32_bridge/esp32_bridge.egg-info/PKG-INFO
[1.063s] writing dependency_links to ../../build/esp32_bridge/esp32_bridge.egg-info/dependency_links.txt
[1.063s] writing entry points to ../../build/esp32_bridge/esp32_bridge.egg-info/entry_points.txt
[1.063s] writing requirements to ../../build/esp32_bridge/esp32_bridge.egg-info/requires.txt
[1.063s] writing top-level names to ../../build/esp32_bridge/esp32_bridge.egg-info/top_level.txt
[1.092s] reading manifest file '../../build/esp32_bridge/esp32_bridge.egg-info/SOURCES.txt'
[1.093s] writing manifest file '../../build/esp32_bridge/esp32_bridge.egg-info/SOURCES.txt'
[1.093s] running build
[1.093s] running build_py
[1.093s] copying esp32_bridge/esp32_bridge_node.py -> /home/arepo/TMR2026_Rescue/shared/gui_ws/build/esp32_bridge/build/lib/esp32_bridge
[1.093s] copying esp32_bridge/__init__.py -> /home/arepo/TMR2026_Rescue/shared/gui_ws/build/esp32_bridge/build/lib/esp32_bridge
[1.093s] running install
[1.097s] running install_lib
[1.111s] copying /home/arepo/TMR2026_Rescue/shared/gui_ws/build/esp32_bridge/build/lib/esp32_bridge/esp32_bridge_node.py -> /home/arepo/TMR2026_Rescue/shared/gui_ws/install/esp32_bridge/lib/python3.10/site-packages/esp32_bridge
[1.111s] copying /home/arepo/TMR2026_Rescue/shared/gui_ws/build/esp32_bridge/build/lib/esp32_bridge/__init__.py -> /home/arepo/TMR2026_Rescue/shared/gui_ws/install/esp32_bridge/lib/python3.10/site-packages/esp32_bridge
[1.112s] byte-compiling /home/arepo/TMR2026_Rescue/shared/gui_ws/install/esp32_bridge/lib/python3.10/site-packages/esp32_bridge/esp32_bridge_node.py to esp32_bridge_node.cpython-310.pyc
[1.114s] byte-compiling /home/arepo/TMR2026_Rescue/shared/gui_ws/install/esp32_bridge/lib/python3.10/site-packages/esp32_bridge/__init__.py to __init__.cpython-310.pyc
[1.114s] running install_data
[1.114s] copying resource/esp32_bridge -> /home/arepo/TMR2026_Rescue/shared/gui_ws/install/esp32_bridge/share/ament_index/resource_index/packages
[1.114s] copying package.xml -> /home/arepo/TMR2026_Rescue/shared/gui_ws/install/esp32_bridge/share/esp32_bridge
[1.115s] copying launch/esp32_bridge.launch.py -> /home/arepo/TMR2026_Rescue/shared/gui_ws/install/esp32_bridge/share/esp32_bridge/launch
[1.115s] running install_egg_info
[1.130s] Copying ../../build/esp32_bridge/esp32_bridge.egg-info to /home/arepo/TMR2026_Rescue/shared/gui_ws/install/esp32_bridge/lib/python3.10/site-packages/esp32_bridge-0.0.0-py3.10.egg-info
[1.131s] running install_scripts
[1.280s] Installing esp32_bridge_node script to /home/arepo/TMR2026_Rescue/shared/gui_ws/install/esp32_bridge/lib/esp32_bridge
[1.280s] writing list of installed files to '/home/arepo/TMR2026_Rescue/shared/gui_ws/build/esp32_bridge/install.log'
[1.302s] Invoked command in '/home/arepo/TMR2026_Rescue/shared/gui_ws/src/esp32_bridge' returned '0': PYTHONPATH=/home/arepo/TMR2026_Rescue/shared/gui_ws/build/esp32_bridge/prefix_override:/usr/lib/python3/dist-packages/colcon_core/task/python/colcon_distutils_commands:/home/arepo/TMR2026_Rescue/shared/gui_ws/install/esp32_bridge/lib/python3.10/site-packages:${PYTHONPATH} /usr/bin/python3 -W ignore:setup.py install is deprecated -W ignore:easy_install command is deprecated setup.py egg_info --egg-base ../../build/esp32_bridge build --build-base /home/arepo/TMR2026_Rescue/shared/gui_ws/build/esp32_bridge/build install --record /home/arepo/TMR2026_Rescue/shared/gui_ws/build/esp32_bridge/install.log --single-version-externally-managed install_data
