[1.049s] Invoking command in '/home/arepo/TMR2026_Rescue/shared/gui_ws/src/esp32_bridge': PYTHONPATH=/home/arepo/TMR2026_Rescue/shared/gui_ws/build/esp32_bridge/prefix_override:/usr/lib/python3/dist-packages/colcon_core/task/python/colcon_distutils_commands:/home/arepo/TMR2026_Rescue/shared/gui_ws/install/esp32_bridge/lib/python3.10/site-packages:${PYTHONPATH} /usr/bin/python3 -W ignore:setup.py install is deprecated -W ignore:easy_install command is deprecated setup.py egg_info --egg-base ../../build/esp32_bridge build --build-base /home/arepo/TMR2026_Rescue/shared/gui_ws/build/esp32_bridge/build install --record /home/arepo/TMR2026_Rescue/shared/gui_ws/build/esp32_bridge/install.log --single-version-externally-managed install_data
[1.246s] running egg_info
[1.246s] creating ../../build/esp32_bridge/esp32_bridge.egg-info
[1.260s] writing ../../build/esp32_bridge/esp32_bridge.egg-info/PKG-INFO
[1.261s] writing dependency_links to ../../build/esp32_bridge/esp32_bridge.egg-info/dependency_links.txt
[1.261s] writing entry points to ../../build/esp32_bridge/esp32_bridge.egg-info/entry_points.txt
[1.261s] writing requirements to ../../build/esp32_bridge/esp32_bridge.egg-info/requires.txt
[1.261s] writing top-level names to ../../build/esp32_bridge/esp32_bridge.egg-info/top_level.txt
[1.261s] writing manifest file '../../build/esp32_bridge/esp32_bridge.egg-info/SOURCES.txt'
[1.291s] reading manifest file '../../build/esp32_bridge/esp32_bridge.egg-info/SOURCES.txt'
[1.291s] writing manifest file '../../build/esp32_bridge/esp32_bridge.egg-info/SOURCES.txt'
[1.291s] running build
[1.291s] running build_py
[1.292s] creating /home/arepo/TMR2026_Rescue/shared/gui_ws/build/esp32_bridge/build
[1.292s] creating /home/arepo/TMR2026_Rescue/shared/gui_ws/build/esp32_bridge/build/lib
[1.292s] creating /home/arepo/TMR2026_Rescue/shared/gui_ws/build/esp32_bridge/build/lib/esp32_bridge
[1.292s] copying esp32_bridge/esp32_bridge_node.py -> /home/arepo/TMR2026_Rescue/shared/gui_ws/build/esp32_bridge/build/lib/esp32_bridge
[1.292s] copying esp32_bridge/__init__.py -> /home/arepo/TMR2026_Rescue/shared/gui_ws/build/esp32_bridge/build/lib/esp32_bridge
[1.292s] running install
[1.296s] running install_lib
[1.312s] creating /home/arepo/TMR2026_Rescue/shared/gui_ws/install/esp32_bridge/lib/python3.10/site-packages/esp32_bridge
[1.312s] copying /home/arepo/TMR2026_Rescue/shared/gui_ws/build/esp32_bridge/build/lib/esp32_bridge/esp32_bridge_node.py -> /home/arepo/TMR2026_Rescue/shared/gui_ws/install/esp32_bridge/lib/python3.10/site-packages/esp32_bridge
[1.312s] copying /home/arepo/TMR2026_Rescue/shared/gui_ws/build/esp32_bridge/build/lib/esp32_bridge/__init__.py -> /home/arepo/TMR2026_Rescue/shared/gui_ws/install/esp32_bridge/lib/python3.10/site-packages/esp32_bridge
[1.312s] byte-compiling /home/arepo/TMR2026_Rescue/shared/gui_ws/install/esp32_bridge/lib/python3.10/site-packages/esp32_bridge/esp32_bridge_node.py to esp32_bridge_node.cpython-310.pyc
[1.315s] byte-compiling /home/arepo/TMR2026_Rescue/shared/gui_ws/install/esp32_bridge/lib/python3.10/site-packages/esp32_bridge/__init__.py to __init__.cpython-310.pyc
[1.316s] running install_data
[1.316s] creating /home/arepo/TMR2026_Rescue/shared/gui_ws/install/esp32_bridge/share/ament_index
[1.316s] creating /home/arepo/TMR2026_Rescue/shared/gui_ws/install/esp32_bridge/share/ament_index/resource_index
[1.316s] creating /home/arepo/TMR2026_Rescue/shared/gui_ws/install/esp32_bridge/share/ament_index/resource_index/packages
[1.316s] copying resource/esp32_bridge -> /home/arepo/TMR2026_Rescue/shared/gui_ws/install/esp32_bridge/share/ament_index/resource_index/packages
[1.317s] copying package.xml -> /home/arepo/TMR2026_Rescue/shared/gui_ws/install/esp32_bridge/share/esp32_bridge
[1.317s] creating /home/arepo/TMR2026_Rescue/shared/gui_ws/install/esp32_bridge/share/esp32_bridge/launch
[1.317s] copying launch/bridge.launch.py -> /home/arepo/TMR2026_Rescue/shared/gui_ws/install/esp32_bridge/share/esp32_bridge/launch
[1.317s] running install_egg_info
[1.333s] Copying ../../build/esp32_bridge/esp32_bridge.egg-info to /home/arepo/TMR2026_Rescue/shared/gui_ws/install/esp32_bridge/lib/python3.10/site-packages/esp32_bridge-0.1.0-py3.10.egg-info
[1.333s] running install_scripts
[1.488s] Installing esp32_bridge_node script to /home/arepo/TMR2026_Rescue/shared/gui_ws/install/esp32_bridge/bin
[1.488s] writing list of installed files to '/home/arepo/TMR2026_Rescue/shared/gui_ws/build/esp32_bridge/install.log'
[1.509s] Invoked command in '/home/arepo/TMR2026_Rescue/shared/gui_ws/src/esp32_bridge' returned '0': PYTHONPATH=/home/arepo/TMR2026_Rescue/shared/gui_ws/build/esp32_bridge/prefix_override:/usr/lib/python3/dist-packages/colcon_core/task/python/colcon_distutils_commands:/home/arepo/TMR2026_Rescue/shared/gui_ws/install/esp32_bridge/lib/python3.10/site-packages:${PYTHONPATH} /usr/bin/python3 -W ignore:setup.py install is deprecated -W ignore:easy_install command is deprecated setup.py egg_info --egg-base ../../build/esp32_bridge build --build-base /home/arepo/TMR2026_Rescue/shared/gui_ws/build/esp32_bridge/build install --record /home/arepo/TMR2026_Rescue/shared/gui_ws/build/esp32_bridge/install.log --single-version-externally-managed install_data
