/home/arepo/TMR2026_Rescue/jaguar/arm/install/jaguar_teleop/lib/python3.10/site-packages/jaguar_teleop/keyboard_servo.py
/home/arepo/TMR2026_Rescue/jaguar/arm/install/jaguar_teleop/lib/python3.10/site-packages/jaguar_teleop/joystick_servo.py
/home/arepo/TMR2026_Rescue/jaguar/arm/install/jaguar_teleop/lib/python3.10/site-packages/jaguar_teleop/__init__.py
/home/arepo/TMR2026_Rescue/jaguar/arm/install/jaguar_teleop/lib/python3.10/site-packages/jaguar_teleop/teleop_tk.py
/home/arepo/TMR2026_Rescue/jaguar/arm/install/jaguar_teleop/lib/python3.10/site-packages/jaguar_teleop/serial_bridge.py
/home/arepo/TMR2026_Rescue/jaguar/arm/install/jaguar_teleop/lib/python3.10/site-packages/jaguar_teleop/__pycache__/keyboard_servo.cpython-310.pyc
/home/arepo/TMR2026_Rescue/jaguar/arm/install/jaguar_teleop/lib/python3.10/site-packages/jaguar_teleop/__pycache__/joystick_servo.cpython-310.pyc
/home/arepo/TMR2026_Rescue/jaguar/arm/install/jaguar_teleop/lib/python3.10/site-packages/jaguar_teleop/__pycache__/__init__.cpython-310.pyc
/home/arepo/TMR2026_Rescue/jaguar/arm/install/jaguar_teleop/lib/python3.10/site-packages/jaguar_teleop/__pycache__/teleop_tk.cpython-310.pyc
/home/arepo/TMR2026_Rescue/jaguar/arm/install/jaguar_teleop/lib/python3.10/site-packages/jaguar_teleop/__pycache__/serial_bridge.cpython-310.pyc
/home/arepo/TMR2026_Rescue/jaguar/arm/install/jaguar_teleop/share/ament_index/resource_index/packages/jaguar_teleop
/home/arepo/TMR2026_Rescue/jaguar/arm/install/jaguar_teleop/share/jaguar_teleop/package.xml
/home/arepo/TMR2026_Rescue/jaguar/arm/install/jaguar_teleop/share/jaguar_teleop/launch/joystick.launch.py
/home/arepo/TMR2026_Rescue/jaguar/arm/install/jaguar_teleop/lib/python3.10/site-packages/jaguar_teleop-0.0.0-py3.10.egg-info/PKG-INFO
/home/arepo/TMR2026_Rescue/jaguar/arm/install/jaguar_teleop/lib/python3.10/site-packages/jaguar_teleop-0.0.0-py3.10.egg-info/dependency_links.txt
/home/arepo/TMR2026_Rescue/jaguar/arm/install/jaguar_teleop/lib/python3.10/site-packages/jaguar_teleop-0.0.0-py3.10.egg-info/top_level.txt
/home/arepo/TMR2026_Rescue/jaguar/arm/install/jaguar_teleop/lib/python3.10/site-packages/jaguar_teleop-0.0.0-py3.10.egg-info/SOURCES.txt
/home/arepo/TMR2026_Rescue/jaguar/arm/install/jaguar_teleop/lib/python3.10/site-packages/jaguar_teleop-0.0.0-py3.10.egg-info/zip-safe
/home/arepo/TMR2026_Rescue/jaguar/arm/install/jaguar_teleop/lib/python3.10/site-packages/jaguar_teleop-0.0.0-py3.10.egg-info/requires.txt
/home/arepo/TMR2026_Rescue/jaguar/arm/install/jaguar_teleop/lib/python3.10/site-packages/jaguar_teleop-0.0.0-py3.10.egg-info/entry_points.txt
/home/arepo/TMR2026_Rescue/jaguar/arm/install/jaguar_teleop/lib/jaguar_teleop/joystick_servo
/home/arepo/TMR2026_Rescue/jaguar/arm/install/jaguar_teleop/lib/jaguar_teleop/keyboard_servo
/home/arepo/TMR2026_Rescue/jaguar/arm/install/jaguar_teleop/lib/jaguar_teleop/serial_bridge
/home/arepo/TMR2026_Rescue/jaguar/arm/install/jaguar_teleop/lib/jaguar_teleop/teleop_tk
