-- The C compiler identification is GNU 11.4.0
-- The CXX compiler identification is GNU 11.4.0
-- Detecting C compiler ABI info
-- Detecting C compiler ABI info - done
-- Check for working C compiler: /usr/bin/cc - skipped
-- Detecting C compile features
-- Detecting C compile features - done
-- Detecting CXX compiler ABI info
-- Detecting CXX compiler ABI info - done
-- Check for working CXX compiler: /usr/bin/c++ - skipped
-- Detecting CXX compile features
-- Detecting CXX compile features - done
-- Found ament_cmake: 1.3.14 (/opt/ros/humble/share/ament_cmake/cmake)
-- Found Python3: /usr/bin/python3 (found version "3.10.12") found components: Interpreter 
-- Found rclcpp: 16.0.19 (/opt/ros/humble/share/rclcpp/cmake)
-- Found rosidl_generator_c: 3.1.8 (/opt/ros/humble/share/rosidl_generator_c/cmake)
-- Found rosidl_adapter: 3.1.8 (/opt/ros/humble/share/rosidl_adapter/cmake)
-- Found rosidl_generator_cpp: 3.1.8 (/opt/ros/humble/share/rosidl_generator_cpp/cmake)
-- Using all available rosidl_typesupport_c: rosidl_typesupport_fastrtps_c;rosidl_typesupport_introspection_c
-- Using all available rosidl_typesupport_cpp: rosidl_typesupport_fastrtps_cpp;rosidl_typesupport_introspection_cpp
-- Found rmw_implementation_cmake: 6.1.2 (/opt/ros/humble/share/rmw_implementation_cmake/cmake)
-- Found rmw_fastrtps_cpp: 6.2.10 (/opt/ros/humble/share/rmw_fastrtps_cpp/cmake)
-- Found OpenSSL: /usr/lib/x86_64-linux-gnu/libcrypto.so (found version "3.0.2")  
-- Found FastRTPS: /opt/ros/humble/include  
-- Using RMW implementation 'rmw_fastrtps_cpp' as default
-- Looking for pthread.h
-- Looking for pthread.h - found
-- Performing Test CMAKE_HAVE_LIBC_PTHREAD
-- Performing Test CMAKE_HAVE_LIBC_PTHREAD - Success
-- Found Threads: TRUE  
-- Found sensor_msgs: 4.9.1 (/opt/ros/humble/share/sensor_msgs/cmake)
-- Found urdf: 2.6.1 (/opt/ros/humble/share/urdf/cmake)
-- Performing Test HAVE_STDATOMIC
-- Performing Test HAVE_STDATOMIC - Success
-- Found WrapAtomic: TRUE  
-- Found OpenGL: /usr/lib/x86_64-linux-gnu/libOpenGL.so   
-- Found WrapOpenGL: TRUE  
-- Could NOT find XKB (missing: XKB_LIBRARY XKB_INCLUDE_DIR) (Required is at least version "0.5.0")
-- Found WrapVulkanHeaders: /usr/include  
-- Found OpenCV: /usr (found version "4.5.4") 
-- Found ament_lint_auto: 0.12.15 (/opt/ros/humble/share/ament_lint_auto/cmake)
-- Configuring done
-- Generating done
-- Build files have been written to: /home/gerardo/TMR2026_Rescue/shared/build/gui
[  5%] [34m[1mAutomatic MOC and UIC for target gui[0m
[  5%] Built target gui_autogen
[ 11%] [32mBuilding CXX object CMakeFiles/gui.dir/src/gui.cpp.o[0m
[ 16%] [32mBuilding CXX object CMakeFiles/gui.dir/src/video_widget.cpp.o[0m
[ 27%] [32mBuilding CXX object CMakeFiles/gui.dir/gui_autogen/mocs_compilation.cpp.o[0m
[ 27%] [32mBuilding CXX object CMakeFiles/gui.dir/src/video_panel.cpp.o[0m
[ 33%] [32mBuilding CXX object CMakeFiles/gui.dir/src/source_manager.cpp.o[0m
[ 38%] [32mBuilding CXX object CMakeFiles/gui.dir/src/camera_hub.cpp.o[0m
[ 44%] [32mBuilding CXX object CMakeFiles/gui.dir/src/main_window.cpp.o[0m
[ 50%] [32mBuilding CXX object CMakeFiles/gui.dir/src/odometry_panel.cpp.o[0m
[ 55%] [32mBuilding CXX object CMakeFiles/gui.dir/src/speech_processor.cpp.o[0m
[ 61%] [32mBuilding CXX object CMakeFiles/gui.dir/src/urdf_viewer.cpp.o[0m
[ 66%] [32mBuilding CXX object CMakeFiles/gui.dir/src/filters.cpp.o[0m
[ 77%] [32mBuilding CXX object CMakeFiles/gui.dir/src/app_settings.cpp.o[0m
[ 77%] [32mBuilding CXX object CMakeFiles/gui.dir/src/dashboard_panel.cpp.o[0m
[ 83%] [32mBuilding CXX object CMakeFiles/gui.dir/src/settings_dialog.cpp.o[0m
[ 88%] [32mBuilding CXX object CMakeFiles/gui.dir/src/keybind_dialog.cpp.o[0m
[ 94%] [32mBuilding CXX object CMakeFiles/gui.dir/src/ppm_calib_dialog.cpp.o[0m
[100%] [32m[1mLinking CXX executable gui[0m
[100%] Built target gui
-- Install configuration: ""
-- Installing: /home/gerardo/TMR2026_Rescue/shared/install/gui/lib/gui/gui
-- Set runtime path of "/home/gerardo/TMR2026_Rescue/shared/install/gui/lib/gui/gui" to ""
-- Installing: /home/gerardo/TMR2026_Rescue/shared/install/gui/lib/gui/gst_bridge
-- Installing: /home/gerardo/TMR2026_Rescue/shared/install/gui/share/gui/assets
-- Installing: /home/gerardo/TMR2026_Rescue/shared/install/gui/share/gui/assets/vision
-- Installing: /home/gerardo/TMR2026_Rescue/shared/install/gui/share/gui/assets/vision/best.pt
-- Installing: /home/gerardo/TMR2026_Rescue/shared/install/gui/share/gui/assets/vision/best.onnx
-- Installing: /home/gerardo/TMR2026_Rescue/shared/install/gui/share/gui/assets/audio
-- Installing: /home/gerardo/TMR2026_Rescue/shared/install/gui/share/gui/assets/audio/vosk-model-small-en-us-0.15
-- Installing: /home/gerardo/TMR2026_Rescue/shared/install/gui/share/gui/assets/audio/vosk-model-small-en-us-0.15/graph
-- Installing: /home/gerardo/TMR2026_Rescue/shared/install/gui/share/gui/assets/audio/vosk-model-small-en-us-0.15/graph/phones
-- Installing: /home/gerardo/TMR2026_Rescue/shared/install/gui/share/gui/assets/audio/vosk-model-small-en-us-0.15/graph/phones/word_boundary.int
-- Installing: /home/gerardo/TMR2026_Rescue/shared/install/gui/share/gui/assets/audio/vosk-model-small-en-us-0.15/graph/Gr.fst
-- Installing: /home/gerardo/TMR2026_Rescue/shared/install/gui/share/gui/assets/audio/vosk-model-small-en-us-0.15/graph/HCLr.fst
-- Installing: /home/gerardo/TMR2026_Rescue/shared/install/gui/share/gui/assets/audio/vosk-model-small-en-us-0.15/graph/disambig_tid.int
-- Installing: /home/gerardo/TMR2026_Rescue/shared/install/gui/share/gui/assets/audio/vosk-model-small-en-us-0.15/README
-- Installing: /home/gerardo/TMR2026_Rescue/shared/install/gui/share/gui/assets/audio/vosk-model-small-en-us-0.15/ivector
-- Installing: /home/gerardo/TMR2026_Rescue/shared/install/gui/share/gui/assets/audio/vosk-model-small-en-us-0.15/ivector/global_cmvn.stats
-- Installing: /home/gerardo/TMR2026_Rescue/shared/install/gui/share/gui/assets/audio/vosk-model-small-en-us-0.15/ivector/online_cmvn.conf
-- Installing: /home/gerardo/TMR2026_Rescue/shared/install/gui/share/gui/assets/audio/vosk-model-small-en-us-0.15/ivector/final.dubm
-- Installing: /home/gerardo/TMR2026_Rescue/shared/install/gui/share/gui/assets/audio/vosk-model-small-en-us-0.15/ivector/final.mat
-- Installing: /home/gerardo/TMR2026_Rescue/shared/install/gui/share/gui/assets/audio/vosk-model-small-en-us-0.15/ivector/final.ie
-- Installing: /home/gerardo/TMR2026_Rescue/shared/install/gui/share/gui/assets/audio/vosk-model-small-en-us-0.15/ivector/splice.conf
-- Installing: /home/gerardo/TMR2026_Rescue/shared/install/gui/share/gui/assets/audio/vosk-model-small-en-us-0.15/conf
-- Installing: /home/gerardo/TMR2026_Rescue/shared/install/gui/share/gui/assets/audio/vosk-model-small-en-us-0.15/conf/mfcc.conf
-- Installing: /home/gerardo/TMR2026_Rescue/shared/install/gui/share/gui/assets/audio/vosk-model-small-en-us-0.15/conf/model.conf
-- Installing: /home/gerardo/TMR2026_Rescue/shared/install/gui/share/gui/assets/audio/vosk-model-small-en-us-0.15/am
-- Installing: /home/gerardo/TMR2026_Rescue/shared/install/gui/share/gui/assets/audio/vosk-model-small-en-us-0.15/am/final.mdl
-- Installing: /home/gerardo/TMR2026_Rescue/shared/install/gui/share/gui/assets/audio/graph
-- Installing: /home/gerardo/TMR2026_Rescue/shared/install/gui/share/gui/assets/audio/graph/phones
-- Installing: /home/gerardo/TMR2026_Rescue/shared/install/gui/share/gui/assets/audio/graph/phones/word_boundary.int
-- Installing: /home/gerardo/TMR2026_Rescue/shared/install/gui/share/gui/assets/audio/graph/phones.txt
-- Installing: /home/gerardo/TMR2026_Rescue/shared/install/gui/share/gui/assets/audio/graph/Gr.fst
-- Installing: /home/gerardo/TMR2026_Rescue/shared/install/gui/share/gui/assets/audio/graph/HCLr.fst
-- Installing: /home/gerardo/TMR2026_Rescue/shared/install/gui/share/gui/assets/audio/graph/words.txt
-- Installing: /home/gerardo/TMR2026_Rescue/shared/install/gui/share/gui/assets/audio/graph/disambig_tid.int
-- Installing: /home/gerardo/TMR2026_Rescue/shared/install/gui/share/gui/assets/audio/README
-- Installing: /home/gerardo/TMR2026_Rescue/shared/install/gui/share/gui/assets/audio/ivector
-- Installing: /home/gerardo/TMR2026_Rescue/shared/install/gui/share/gui/assets/audio/ivector/global_cmvn.stats
-- Installing: /home/gerardo/TMR2026_Rescue/shared/install/gui/share/gui/assets/audio/ivector/online_cmvn.conf
-- Installing: /home/gerardo/TMR2026_Rescue/shared/install/gui/share/gui/assets/audio/ivector/final.dubm
-- Installing: /home/gerardo/TMR2026_Rescue/shared/install/gui/share/gui/assets/audio/ivector/final.mat
-- Installing: /home/gerardo/TMR2026_Rescue/shared/install/gui/share/gui/assets/audio/ivector/final.ie
-- Installing: /home/gerardo/TMR2026_Rescue/shared/install/gui/share/gui/assets/audio/ivector/splice.conf
-- Installing: /home/gerardo/TMR2026_Rescue/shared/install/gui/share/gui/assets/audio/conf
-- Installing: /home/gerardo/TMR2026_Rescue/shared/install/gui/share/gui/assets/audio/conf/mfcc.conf
-- Installing: /home/gerardo/TMR2026_Rescue/shared/install/gui/share/gui/assets/audio/conf/model.conf
-- Installing: /home/gerardo/TMR2026_Rescue/shared/install/gui/share/gui/assets/audio/am
-- Installing: /home/gerardo/TMR2026_Rescue/shared/install/gui/share/gui/assets/audio/am/final.mdl
-- Installing: /home/gerardo/TMR2026_Rescue/shared/install/gui/share/gui/assets/audio/am/tree
-- Installing: /home/gerardo/TMR2026_Rescue/shared/install/gui/share/gui/launch
-- Installing: /home/gerardo/TMR2026_Rescue/shared/install/gui/share/gui/launch/gui.launch.py
-- Installing: /home/gerardo/TMR2026_Rescue/shared/install/gui/share/ament_index/resource_index/package_run_dependencies/gui
-- Installing: /home/gerardo/TMR2026_Rescue/shared/install/gui/share/ament_index/resource_index/parent_prefix_path/gui
-- Installing: /home/gerardo/TMR2026_Rescue/shared/install/gui/share/gui/environment/ament_prefix_path.sh
-- Installing: /home/gerardo/TMR2026_Rescue/shared/install/gui/share/gui/environment/ament_prefix_path.dsv
-- Installing: /home/gerardo/TMR2026_Rescue/shared/install/gui/share/gui/environment/path.sh
-- Installing: /home/gerardo/TMR2026_Rescue/shared/install/gui/share/gui/environment/path.dsv
-- Installing: /home/gerardo/TMR2026_Rescue/shared/install/gui/share/gui/local_setup.bash
-- Installing: /home/gerardo/TMR2026_Rescue/shared/install/gui/share/gui/local_setup.sh
-- Installing: /home/gerardo/TMR2026_Rescue/shared/install/gui/share/gui/local_setup.zsh
-- Installing: /home/gerardo/TMR2026_Rescue/shared/install/gui/share/gui/local_setup.dsv
-- Installing: /home/gerardo/TMR2026_Rescue/shared/install/gui/share/gui/package.dsv
-- Installing: /home/gerardo/TMR2026_Rescue/shared/install/gui/share/ament_index/resource_index/packages/gui
-- Installing: /home/gerardo/TMR2026_Rescue/shared/install/gui/share/gui/cmake/guiConfig.cmake
-- Installing: /home/gerardo/TMR2026_Rescue/shared/install/gui/share/gui/cmake/guiConfig-version.cmake
-- Installing: /home/gerardo/TMR2026_Rescue/shared/install/gui/share/gui/package.xml
