[0.129s] Invoking command in '/home/gerardo/TMR2026_Rescue/shared/build/gui': CMAKE_PREFIX_PATH=/opt/ros/humble /usr/bin/cmake /home/gerardo/TMR2026_Rescue/shared/gui_ws/src/gui -DCMAKE_INSTALL_PREFIX=/home/gerardo/TMR2026_Rescue/shared/install/gui
[0.164s] -- The C compiler identification is GNU 11.4.0
[0.196s] -- The CXX compiler identification is GNU 11.4.0
[0.200s] -- Detecting C compiler ABI info
[0.246s] -- Detecting C compiler ABI info - done
[0.252s] -- Check for working C compiler: /usr/bin/cc - skipped
[0.252s] -- Detecting C compile features
[0.252s] -- Detecting C compile features - done
[0.254s] -- Detecting CXX compiler ABI info
[0.305s] -- Detecting CXX compiler ABI info - done
[0.310s] -- Check for working CXX compiler: /usr/bin/c++ - skipped
[0.311s] -- Detecting CXX compile features
[0.311s] -- Detecting CXX compile features - done
[0.312s] -- Found ament_cmake: 1.3.14 (/opt/ros/humble/share/ament_cmake/cmake)
[0.408s] -- Found Python3: /usr/bin/python3 (found version "3.10.12") found components: Interpreter 
[0.456s] -- Found rclcpp: 16.0.19 (/opt/ros/humble/share/rclcpp/cmake)
[0.475s] -- Found rosidl_generator_c: 3.1.8 (/opt/ros/humble/share/rosidl_generator_c/cmake)
[0.477s] -- Found rosidl_adapter: 3.1.8 (/opt/ros/humble/share/rosidl_adapter/cmake)
[0.481s] -- Found rosidl_generator_cpp: 3.1.8 (/opt/ros/humble/share/rosidl_generator_cpp/cmake)
[0.486s] -- Using all available rosidl_typesupport_c: rosidl_typesupport_fastrtps_c;rosidl_typesupport_introspection_c
[0.493s] -- Using all available rosidl_typesupport_cpp: rosidl_typesupport_fastrtps_cpp;rosidl_typesupport_introspection_cpp
[0.511s] -- Found rmw_implementation_cmake: 6.1.2 (/opt/ros/humble/share/rmw_implementation_cmake/cmake)
[0.512s] -- Found rmw_fastrtps_cpp: 6.2.10 (/opt/ros/humble/share/rmw_fastrtps_cpp/cmake)
[0.564s] -- Found OpenSSL: /usr/lib/x86_64-linux-gnu/libcrypto.so (found version "3.0.2")  
[0.583s] -- Found FastRTPS: /opt/ros/humble/include  
[0.606s] -- Using RMW implementation 'rmw_fastrtps_cpp' as default
[0.610s] -- Looking for pthread.h
[0.662s] -- Looking for pthread.h - found
[0.662s] -- Performing Test CMAKE_HAVE_LIBC_PTHREAD
[0.720s] -- Performing Test CMAKE_HAVE_LIBC_PTHREAD - Success
[0.720s] -- Found Threads: TRUE  
[0.746s] -- Found sensor_msgs: 4.9.1 (/opt/ros/humble/share/sensor_msgs/cmake)
[0.763s] -- Found urdf: 2.6.1 (/opt/ros/humble/share/urdf/cmake)
[0.792s] -- Performing Test HAVE_STDATOMIC
[0.859s] -- Performing Test HAVE_STDATOMIC - Success
[0.860s] -- Found WrapAtomic: TRUE  
[0.871s] -- Found OpenGL: /usr/lib/x86_64-linux-gnu/libOpenGL.so   
[0.871s] -- Found WrapOpenGL: TRUE  
[0.878s] -- Could NOT find XKB (missing: XKB_LIBRARY XKB_INCLUDE_DIR) (Required is at least version "0.5.0")
[0.880s] -- Found WrapVulkanHeaders: /usr/include  
[0.903s] -- Found OpenCV: /usr (found version "4.5.4") 
[0.906s] -- Found ament_lint_auto: 0.12.15 (/opt/ros/humble/share/ament_lint_auto/cmake)
[0.949s] -- Configuring done
[0.973s] -- Generating done
[0.976s] -- Build files have been written to: /home/gerardo/TMR2026_Rescue/shared/build/gui
[0.984s] Invoked command in '/home/gerardo/TMR2026_Rescue/shared/build/gui' returned '0': CMAKE_PREFIX_PATH=/opt/ros/humble /usr/bin/cmake /home/gerardo/TMR2026_Rescue/shared/gui_ws/src/gui -DCMAKE_INSTALL_PREFIX=/home/gerardo/TMR2026_Rescue/shared/install/gui
[0.985s] Invoking command in '/home/gerardo/TMR2026_Rescue/shared/build/gui': CMAKE_PREFIX_PATH=/opt/ros/humble /usr/bin/cmake --build /home/gerardo/TMR2026_Rescue/shared/build/gui -- -j16 -l16
[1.019s] [  5%] [34m[1mAutomatic MOC and UIC for target gui[0m
[1.655s] [  5%] Built target gui_autogen
[1.672s] [ 11%] [32mBuilding CXX object CMakeFiles/gui.dir/src/gui.cpp.o[0m
[1.672s] [ 16%] [32mBuilding CXX object CMakeFiles/gui.dir/src/video_widget.cpp.o[0m
[1.672s] [ 27%] [32mBuilding CXX object CMakeFiles/gui.dir/gui_autogen/mocs_compilation.cpp.o[0m
[1.672s] [ 27%] [32mBuilding CXX object CMakeFiles/gui.dir/src/video_panel.cpp.o[0m
[1.672s] [ 33%] [32mBuilding CXX object CMakeFiles/gui.dir/src/source_manager.cpp.o[0m
[1.672s] [ 38%] [32mBuilding CXX object CMakeFiles/gui.dir/src/camera_hub.cpp.o[0m
[1.672s] [ 44%] [32mBuilding CXX object CMakeFiles/gui.dir/src/main_window.cpp.o[0m
[1.673s] [ 50%] [32mBuilding CXX object CMakeFiles/gui.dir/src/odometry_panel.cpp.o[0m
[1.673s] [ 55%] [32mBuilding CXX object CMakeFiles/gui.dir/src/speech_processor.cpp.o[0m
[1.673s] [ 61%] [32mBuilding CXX object CMakeFiles/gui.dir/src/urdf_viewer.cpp.o[0m
[1.673s] [ 66%] [32mBuilding CXX object CMakeFiles/gui.dir/src/filters.cpp.o[0m
[1.673s] [ 77%] [32mBuilding CXX object CMakeFiles/gui.dir/src/app_settings.cpp.o[0m
[1.673s] [ 77%] [32mBuilding CXX object CMakeFiles/gui.dir/src/dashboard_panel.cpp.o[0m
[1.673s] [ 83%] [32mBuilding CXX object CMakeFiles/gui.dir/src/settings_dialog.cpp.o[0m
[1.674s] [ 88%] [32mBuilding CXX object CMakeFiles/gui.dir/src/keybind_dialog.cpp.o[0m
[1.678s] [ 94%] [32mBuilding CXX object CMakeFiles/gui.dir/src/ppm_calib_dialog.cpp.o[0m
[9.241s] [01m[K/home/gerardo/TMR2026_Rescue/shared/gui_ws/src/gui/src/urdf_viewer.cpp:57:20:[m[K [01;35m[Kwarning: [m[K‘[01m[KGRID_FRAG[m[K’ defined but not used [[01;35m[K]8;;https://gcc.gnu.org/onlinedocs/gcc/Warning-Options.html#index-Wunused-variable-Wunused-variable]8;;[m[K]
[9.241s]    57 | static const char* [01;35m[KGRID_FRAG[m[K = R"(
[9.241s]       |                    [01;35m[K^~~~~~~~~[m[K
[9.241s] [01m[K/home/gerardo/TMR2026_Rescue/shared/gui_ws/src/gui/src/urdf_viewer.cpp:45:20:[m[K [01;35m[Kwarning: [m[K‘[01m[KGRID_VERT[m[K’ defined but not used [[01;35m[K]8;;https://gcc.gnu.org/onlinedocs/gcc/Warning-Options.html#index-Wunused-variable-Wunused-variable]8;;[m[K]
[9.241s]    45 | static const char* [01;35m[KGRID_VERT[m[K = R"(
[9.241s]       |                    [01;35m[K^~~~~~~~~[m[K
[18.869s] [100%] [32m[1mLinking CXX executable gui[0m
[22.379s] [100%] Built target gui
[22.388s] Invoked command in '/home/gerardo/TMR2026_Rescue/shared/build/gui' returned '0': CMAKE_PREFIX_PATH=/opt/ros/humble /usr/bin/cmake --build /home/gerardo/TMR2026_Rescue/shared/build/gui -- -j16 -l16
[22.393s] Invoking command in '/home/gerardo/TMR2026_Rescue/shared/build/gui': CMAKE_PREFIX_PATH=/opt/ros/humble /usr/bin/cmake --install /home/gerardo/TMR2026_Rescue/shared/build/gui
[22.398s] -- Install configuration: ""
[22.398s] -- Installing: /home/gerardo/TMR2026_Rescue/shared/install/gui/lib/gui/gui
[22.407s] -- Set runtime path of "/home/gerardo/TMR2026_Rescue/shared/install/gui/lib/gui/gui" to ""
[22.407s] -- Installing: /home/gerardo/TMR2026_Rescue/shared/install/gui/lib/gui/gst_bridge
[22.407s] -- Installing: /home/gerardo/TMR2026_Rescue/shared/install/gui/share/gui/assets
[22.407s] -- Installing: /home/gerardo/TMR2026_Rescue/shared/install/gui/share/gui/assets/vision
[22.407s] -- Installing: /home/gerardo/TMR2026_Rescue/shared/install/gui/share/gui/assets/vision/best.pt
[22.430s] -- Installing: /home/gerardo/TMR2026_Rescue/shared/install/gui/share/gui/assets/vision/best.onnx
[22.478s] -- Installing: /home/gerardo/TMR2026_Rescue/shared/install/gui/share/gui/assets/audio
[22.478s] -- Installing: /home/gerardo/TMR2026_Rescue/shared/install/gui/share/gui/assets/audio/vosk-model-small-en-us-0.15
[22.478s] -- Installing: /home/gerardo/TMR2026_Rescue/shared/install/gui/share/gui/assets/audio/vosk-model-small-en-us-0.15/graph
[22.478s] -- Installing: /home/gerardo/TMR2026_Rescue/shared/install/gui/share/gui/assets/audio/vosk-model-small-en-us-0.15/graph/phones
[22.478s] -- Installing: /home/gerardo/TMR2026_Rescue/shared/install/gui/share/gui/assets/audio/vosk-model-small-en-us-0.15/graph/phones/word_boundary.int
[22.478s] -- Installing: /home/gerardo/TMR2026_Rescue/shared/install/gui/share/gui/assets/audio/vosk-model-small-en-us-0.15/graph/Gr.fst
[22.490s] -- Installing: /home/gerardo/TMR2026_Rescue/shared/install/gui/share/gui/assets/audio/vosk-model-small-en-us-0.15/graph/HCLr.fst
[22.507s] -- Installing: /home/gerardo/TMR2026_Rescue/shared/install/gui/share/gui/assets/audio/vosk-model-small-en-us-0.15/graph/disambig_tid.int
[22.507s] -- Installing: /home/gerardo/TMR2026_Rescue/shared/install/gui/share/gui/assets/audio/vosk-model-small-en-us-0.15/README
[22.507s] -- Installing: /home/gerardo/TMR2026_Rescue/shared/install/gui/share/gui/assets/audio/vosk-model-small-en-us-0.15/ivector
[22.507s] -- Installing: /home/gerardo/TMR2026_Rescue/shared/install/gui/share/gui/assets/audio/vosk-model-small-en-us-0.15/ivector/global_cmvn.stats
[22.507s] -- Installing: /home/gerardo/TMR2026_Rescue/shared/install/gui/share/gui/assets/audio/vosk-model-small-en-us-0.15/ivector/online_cmvn.conf
[22.507s] -- Installing: /home/gerardo/TMR2026_Rescue/shared/install/gui/share/gui/assets/audio/vosk-model-small-en-us-0.15/ivector/final.dubm
[22.507s] -- Installing: /home/gerardo/TMR2026_Rescue/shared/install/gui/share/gui/assets/audio/vosk-model-small-en-us-0.15/ivector/final.mat
[22.507s] -- Installing: /home/gerardo/TMR2026_Rescue/shared/install/gui/share/gui/assets/audio/vosk-model-small-en-us-0.15/ivector/final.ie
[22.511s] -- Installing: /home/gerardo/TMR2026_Rescue/shared/install/gui/share/gui/assets/audio/vosk-model-small-en-us-0.15/ivector/splice.conf
[22.511s] -- Installing: /home/gerardo/TMR2026_Rescue/shared/install/gui/share/gui/assets/audio/vosk-model-small-en-us-0.15/conf
[22.511s] -- Installing: /home/gerardo/TMR2026_Rescue/shared/install/gui/share/gui/assets/audio/vosk-model-small-en-us-0.15/conf/mfcc.conf
[22.511s] -- Installing: /home/gerardo/TMR2026_Rescue/shared/install/gui/share/gui/assets/audio/vosk-model-small-en-us-0.15/conf/model.conf
[22.511s] -- Installing: /home/gerardo/TMR2026_Rescue/shared/install/gui/share/gui/assets/audio/vosk-model-small-en-us-0.15/am
[22.511s] -- Installing: /home/gerardo/TMR2026_Rescue/shared/install/gui/share/gui/assets/audio/vosk-model-small-en-us-0.15/am/final.mdl
[22.519s] -- Installing: /home/gerardo/TMR2026_Rescue/shared/install/gui/share/gui/assets/audio/graph
[22.519s] -- Installing: /home/gerardo/TMR2026_Rescue/shared/install/gui/share/gui/assets/audio/graph/phones
[22.519s] -- Installing: /home/gerardo/TMR2026_Rescue/shared/install/gui/share/gui/assets/audio/graph/phones/word_boundary.int
[22.519s] -- Installing: /home/gerardo/TMR2026_Rescue/shared/install/gui/share/gui/assets/audio/graph/phones.txt
[22.519s] -- Installing: /home/gerardo/TMR2026_Rescue/shared/install/gui/share/gui/assets/audio/graph/Gr.fst
[22.541s] -- Installing: /home/gerardo/TMR2026_Rescue/shared/install/gui/share/gui/assets/audio/graph/HCLr.fst
[22.570s] -- Installing: /home/gerardo/TMR2026_Rescue/shared/install/gui/share/gui/assets/audio/graph/words.txt
[22.572s] -- Installing: /home/gerardo/TMR2026_Rescue/shared/install/gui/share/gui/assets/audio/graph/disambig_tid.int
[22.572s] -- Installing: /home/gerardo/TMR2026_Rescue/shared/install/gui/share/gui/assets/audio/README
[22.572s] -- Installing: /home/gerardo/TMR2026_Rescue/shared/install/gui/share/gui/assets/audio/ivector
[22.573s] -- Installing: /home/gerardo/TMR2026_Rescue/shared/install/gui/share/gui/assets/audio/ivector/global_cmvn.stats
[22.573s] -- Installing: /home/gerardo/TMR2026_Rescue/shared/install/gui/share/gui/assets/audio/ivector/online_cmvn.conf
[22.573s] -- Installing: /home/gerardo/TMR2026_Rescue/shared/install/gui/share/gui/assets/audio/ivector/final.dubm
[22.573s] -- Installing: /home/gerardo/TMR2026_Rescue/shared/install/gui/share/gui/assets/audio/ivector/final.mat
[22.573s] -- Installing: /home/gerardo/TMR2026_Rescue/shared/install/gui/share/gui/assets/audio/ivector/final.ie
[22.581s] -- Installing: /home/gerardo/TMR2026_Rescue/shared/install/gui/share/gui/assets/audio/ivector/splice.conf
[22.581s] -- Installing: /home/gerardo/TMR2026_Rescue/shared/install/gui/share/gui/assets/audio/conf
[22.581s] -- Installing: /home/gerardo/TMR2026_Rescue/shared/install/gui/share/gui/assets/audio/conf/mfcc.conf
[22.581s] -- Installing: /home/gerardo/TMR2026_Rescue/shared/install/gui/share/gui/assets/audio/conf/model.conf
[22.581s] -- Installing: /home/gerardo/TMR2026_Rescue/shared/install/gui/share/gui/assets/audio/am
[22.581s] -- Installing: /home/gerardo/TMR2026_Rescue/shared/install/gui/share/gui/assets/audio/am/final.mdl
[22.614s] -- Installing: /home/gerardo/TMR2026_Rescue/shared/install/gui/share/gui/assets/audio/am/tree
[22.614s] -- Installing: /home/gerardo/TMR2026_Rescue/shared/install/gui/share/gui/launch
[22.614s] -- Installing: /home/gerardo/TMR2026_Rescue/shared/install/gui/share/gui/launch/gui.launch.py
[22.614s] -- Installing: /home/gerardo/TMR2026_Rescue/shared/install/gui/share/ament_index/resource_index/package_run_dependencies/gui
[22.614s] -- Installing: /home/gerardo/TMR2026_Rescue/shared/install/gui/share/ament_index/resource_index/parent_prefix_path/gui
[22.614s] -- Installing: /home/gerardo/TMR2026_Rescue/shared/install/gui/share/gui/environment/ament_prefix_path.sh
[22.614s] -- Installing: /home/gerardo/TMR2026_Rescue/shared/install/gui/share/gui/environment/ament_prefix_path.dsv
[22.615s] -- Installing: /home/gerardo/TMR2026_Rescue/shared/install/gui/share/gui/environment/path.sh
[22.615s] -- Installing: /home/gerardo/TMR2026_Rescue/shared/install/gui/share/gui/environment/path.dsv
[22.615s] -- Installing: /home/gerardo/TMR2026_Rescue/shared/install/gui/share/gui/local_setup.bash
[22.615s] -- Installing: /home/gerardo/TMR2026_Rescue/shared/install/gui/share/gui/local_setup.sh
[22.615s] -- Installing: /home/gerardo/TMR2026_Rescue/shared/install/gui/share/gui/local_setup.zsh
[22.615s] -- Installing: /home/gerardo/TMR2026_Rescue/shared/install/gui/share/gui/local_setup.dsv
[22.615s] -- Installing: /home/gerardo/TMR2026_Rescue/shared/install/gui/share/gui/package.dsv
[22.615s] -- Installing: /home/gerardo/TMR2026_Rescue/shared/install/gui/share/ament_index/resource_index/packages/gui
[22.615s] -- Installing: /home/gerardo/TMR2026_Rescue/shared/install/gui/share/gui/cmake/guiConfig.cmake
[22.615s] -- Installing: /home/gerardo/TMR2026_Rescue/shared/install/gui/share/gui/cmake/guiConfig-version.cmake
[22.615s] -- Installing: /home/gerardo/TMR2026_Rescue/shared/install/gui/share/gui/package.xml
[22.616s] Invoked command in '/home/gerardo/TMR2026_Rescue/shared/build/gui' returned '0': CMAKE_PREFIX_PATH=/opt/ros/humble /usr/bin/cmake --install /home/gerardo/TMR2026_Rescue/shared/build/gui
