[0.338s] Invoking command in '/home/gerardo/TMR2026_Rescue/build/gui': CMAKE_PREFIX_PATH=${CMAKE_PREFIX_PATH}:/home/gerardo/TMR2026_Rescue/shared/gui_ws/install/esp32_bridge:/opt/ros/humble /usr/bin/cmake /home/gerardo/TMR2026_Rescue/shared/gui_ws/src/gui -DCMAKE_INSTALL_PREFIX=/home/gerardo/TMR2026_Rescue/install/gui
[0.382s] -- The C compiler identification is GNU 11.4.0
[0.436s] -- The CXX compiler identification is GNU 11.4.0
[0.442s] -- Detecting C compiler ABI info
[0.505s] -- Detecting C compiler ABI info - done
[0.510s] -- Check for working C compiler: /usr/bin/cc - skipped
[0.510s] -- Detecting C compile features
[0.511s] -- Detecting C compile features - done
[0.513s] -- Detecting CXX compiler ABI info
[0.581s] -- Detecting CXX compiler ABI info - done
[0.587s] -- Check for working CXX compiler: /usr/bin/c++ - skipped
[0.587s] -- Detecting CXX compile features
[0.588s] -- Detecting CXX compile features - done
[0.589s] -- Found ament_cmake: 1.3.14 (/opt/ros/humble/share/ament_cmake/cmake)
[0.731s] -- Found Python3: /usr/bin/python3 (found version "3.10.12") found components: Interpreter 
[0.804s] -- Found rclcpp: 16.0.19 (/opt/ros/humble/share/rclcpp/cmake)
[0.853s] -- Found rosidl_generator_c: 3.1.8 (/opt/ros/humble/share/rosidl_generator_c/cmake)
[0.857s] -- Found rosidl_adapter: 3.1.8 (/opt/ros/humble/share/rosidl_adapter/cmake)
[0.866s] -- Found rosidl_generator_cpp: 3.1.8 (/opt/ros/humble/share/rosidl_generator_cpp/cmake)
[0.880s] -- Using all available rosidl_typesupport_c: rosidl_typesupport_fastrtps_c;rosidl_typesupport_introspection_c
[0.896s] -- Using all available rosidl_typesupport_cpp: rosidl_typesupport_fastrtps_cpp;rosidl_typesupport_introspection_cpp
[0.942s] -- Found rmw_implementation_cmake: 6.1.2 (/opt/ros/humble/share/rmw_implementation_cmake/cmake)
[0.944s] -- Found rmw_fastrtps_cpp: 6.2.10 (/opt/ros/humble/share/rmw_fastrtps_cpp/cmake)
[1.034s] -- Found OpenSSL: /usr/lib/x86_64-linux-gnu/libcrypto.so (found version "3.0.2")  
[1.064s] -- Found FastRTPS: /opt/ros/humble/include  
[1.098s] -- Using RMW implementation 'rmw_fastrtps_cpp' as default
[1.106s] -- Looking for pthread.h
[1.169s] -- Looking for pthread.h - found
[1.169s] -- Performing Test CMAKE_HAVE_LIBC_PTHREAD
[1.232s] -- Performing Test CMAKE_HAVE_LIBC_PTHREAD - Success
[1.232s] -- Found Threads: TRUE  
[1.279s] -- Found sensor_msgs: 4.9.1 (/opt/ros/humble/share/sensor_msgs/cmake)
[1.305s] -- Found urdf: 2.6.1 (/opt/ros/humble/share/urdf/cmake)
[1.359s] -- Performing Test HAVE_STDATOMIC
[1.445s] -- Performing Test HAVE_STDATOMIC - Success
[1.445s] -- Found WrapAtomic: TRUE  
[1.460s] -- Found OpenGL: /usr/lib/x86_64-linux-gnu/libOpenGL.so   
[1.461s] -- Found WrapOpenGL: TRUE  
[1.509s] -- Found XKB: /usr/lib/x86_64-linux-gnu/libxkbcommon.so (found suitable version "1.4.0", minimum required is "0.5.0") 
[1.514s] -- Found WrapVulkanHeaders: /usr/include  
[1.554s] -- Found OpenCV: /usr (found version "4.5.4") 
[1.564s] -- Found ament_lint_auto: 0.12.15 (/opt/ros/humble/share/ament_lint_auto/cmake)
[1.613s] -- Added test 'cppcheck' to perform static code analysis on C / C++ code
[1.613s] -- Configured cppcheck include dirs: $<BUILD_INTERFACE:/home/gerardo/TMR2026_Rescue/shared/gui_ws/src/gui/include>
[1.613s] -- Configured cppcheck exclude dirs and/or files: 
[1.614s] -- Added test 'flake8' to check Python code syntax and style conventions
[1.614s] -- Added test 'lint_cmake' to check CMake code style
[1.615s] -- Added test 'pep257' to check Python code against some of the docstring style conventions in PEP 257
[1.617s] -- Added test 'uncrustify' to check C / C++ code style
[1.617s] -- Configured uncrustify additional arguments: 
[1.617s] -- Added test 'xmllint' to check XML markup files
[1.618s] -- Configuring done
[1.647s] -- Generating done
[1.650s] -- Build files have been written to: /home/gerardo/TMR2026_Rescue/build/gui
[1.658s] Invoked command in '/home/gerardo/TMR2026_Rescue/build/gui' returned '0': CMAKE_PREFIX_PATH=${CMAKE_PREFIX_PATH}:/home/gerardo/TMR2026_Rescue/shared/gui_ws/install/esp32_bridge:/opt/ros/humble /usr/bin/cmake /home/gerardo/TMR2026_Rescue/shared/gui_ws/src/gui -DCMAKE_INSTALL_PREFIX=/home/gerardo/TMR2026_Rescue/install/gui
[1.659s] Invoking command in '/home/gerardo/TMR2026_Rescue/build/gui': CMAKE_PREFIX_PATH=${CMAKE_PREFIX_PATH}:/home/gerardo/TMR2026_Rescue/shared/gui_ws/install/esp32_bridge:/opt/ros/humble /usr/bin/cmake --build /home/gerardo/TMR2026_Rescue/build/gui -- -j16 -l16
[1.696s] [  5%] [34m[1mAutomatic MOC and UIC for target gui[0m
[2.377s] [  5%] Built target gui_autogen
[2.396s] [ 11%] [32mBuilding CXX object CMakeFiles/gui.dir/gui_autogen/mocs_compilation.cpp.o[0m
[2.396s] [ 16%] [32mBuilding CXX object CMakeFiles/gui.dir/src/main_window.cpp.o[0m
[2.396s] [ 22%] [32mBuilding CXX object CMakeFiles/gui.dir/src/gui.cpp.o[0m
[2.396s] [ 27%] [32mBuilding CXX object CMakeFiles/gui.dir/src/video_panel.cpp.o[0m
[2.397s] [ 33%] [32mBuilding CXX object CMakeFiles/gui.dir/src/video_widget.cpp.o[0m
[2.397s] [ 38%] [32mBuilding CXX object CMakeFiles/gui.dir/src/dashboard_panel.cpp.o[0m
[2.397s] [ 44%] [32mBuilding CXX object CMakeFiles/gui.dir/src/camera_hub.cpp.o[0m
[2.397s] [ 50%] [32mBuilding CXX object CMakeFiles/gui.dir/src/odometry_panel.cpp.o[0m
[2.397s] [ 55%] [32mBuilding CXX object CMakeFiles/gui.dir/src/source_manager.cpp.o[0m
[2.397s] [ 61%] [32mBuilding CXX object CMakeFiles/gui.dir/src/speech_processor.cpp.o[0m
[2.398s] [ 66%] [32mBuilding CXX object CMakeFiles/gui.dir/src/filters.cpp.o[0m
[2.398s] [ 72%] [32mBuilding CXX object CMakeFiles/gui.dir/src/settings_dialog.cpp.o[0m
[2.399s] [ 77%] [32mBuilding CXX object CMakeFiles/gui.dir/src/urdf_viewer.cpp.o[0m
[2.399s] [ 83%] [32mBuilding CXX object CMakeFiles/gui.dir/src/app_settings.cpp.o[0m
[2.400s] [ 88%] [32mBuilding CXX object CMakeFiles/gui.dir/src/ppm_calib_dialog.cpp.o[0m
[2.400s] [ 94%] [32mBuilding CXX object CMakeFiles/gui.dir/src/keybind_dialog.cpp.o[0m
[12.283s] [01m[K/home/gerardo/TMR2026_Rescue/shared/gui_ws/src/gui/src/urdf_viewer.cpp:57:20:[m[K [01;35m[Kwarning: [m[K‘[01m[KGRID_FRAG[m[K’ defined but not used [[01;35m[K]8;;https://gcc.gnu.org/onlinedocs/gcc/Warning-Options.html#index-Wunused-variable-Wunused-variable]8;;[m[K]
[12.283s]    57 | static const char* [01;35m[KGRID_FRAG[m[K = R"(
[12.283s]       |                    [01;35m[K^~~~~~~~~[m[K
[12.283s] [01m[K/home/gerardo/TMR2026_Rescue/shared/gui_ws/src/gui/src/urdf_viewer.cpp:45:20:[m[K [01;35m[Kwarning: [m[K‘[01m[KGRID_VERT[m[K’ defined but not used [[01;35m[K]8;;https://gcc.gnu.org/onlinedocs/gcc/Warning-Options.html#index-Wunused-variable-Wunused-variable]8;;[m[K]
[12.283s]    45 | static const char* [01;35m[KGRID_VERT[m[K = R"(
[12.283s]       |                    [01;35m[K^~~~~~~~~[m[K
[23.961s] [100%] [32m[1mLinking CXX executable gui[0m
[27.914s] [100%] Built target gui
[27.922s] Invoked command in '/home/gerardo/TMR2026_Rescue/build/gui' returned '0': CMAKE_PREFIX_PATH=${CMAKE_PREFIX_PATH}:/home/gerardo/TMR2026_Rescue/shared/gui_ws/install/esp32_bridge:/opt/ros/humble /usr/bin/cmake --build /home/gerardo/TMR2026_Rescue/build/gui -- -j16 -l16
[27.923s] Invoking command in '/home/gerardo/TMR2026_Rescue/build/gui': CMAKE_PREFIX_PATH=${CMAKE_PREFIX_PATH}:/home/gerardo/TMR2026_Rescue/shared/gui_ws/install/esp32_bridge:/opt/ros/humble /usr/bin/cmake --install /home/gerardo/TMR2026_Rescue/build/gui
[27.930s] -- Install configuration: ""
[27.930s] -- Installing: /home/gerardo/TMR2026_Rescue/install/gui/lib/gui/gui
[27.942s] -- Set runtime path of "/home/gerardo/TMR2026_Rescue/install/gui/lib/gui/gui" to ""
[27.942s] -- Installing: /home/gerardo/TMR2026_Rescue/install/gui/lib/gui/gst_bridge
[27.942s] -- Installing: /home/gerardo/TMR2026_Rescue/install/gui/share/gui/assets
[27.942s] -- Installing: /home/gerardo/TMR2026_Rescue/install/gui/share/gui/assets/vision
[27.942s] -- Installing: /home/gerardo/TMR2026_Rescue/install/gui/share/gui/assets/vision/best.pt
[27.983s] -- Installing: /home/gerardo/TMR2026_Rescue/install/gui/share/gui/assets/vision/best.onnx
[28.059s] -- Installing: /home/gerardo/TMR2026_Rescue/install/gui/share/gui/assets/audio
[28.059s] -- Installing: /home/gerardo/TMR2026_Rescue/install/gui/share/gui/assets/audio/vosk-model-small-en-us-0.15
[28.059s] -- Installing: /home/gerardo/TMR2026_Rescue/install/gui/share/gui/assets/audio/vosk-model-small-en-us-0.15/graph
[28.059s] -- Installing: /home/gerardo/TMR2026_Rescue/install/gui/share/gui/assets/audio/vosk-model-small-en-us-0.15/graph/phones
[28.059s] -- Installing: /home/gerardo/TMR2026_Rescue/install/gui/share/gui/assets/audio/vosk-model-small-en-us-0.15/graph/phones/word_boundary.int
[28.059s] -- Installing: /home/gerardo/TMR2026_Rescue/install/gui/share/gui/assets/audio/vosk-model-small-en-us-0.15/graph/Gr.fst
[28.083s] -- Installing: /home/gerardo/TMR2026_Rescue/install/gui/share/gui/assets/audio/vosk-model-small-en-us-0.15/graph/HCLr.fst
[28.100s] -- Installing: /home/gerardo/TMR2026_Rescue/install/gui/share/gui/assets/audio/vosk-model-small-en-us-0.15/graph/disambig_tid.int
[28.101s] -- Installing: /home/gerardo/TMR2026_Rescue/install/gui/share/gui/assets/audio/vosk-model-small-en-us-0.15/README
[28.101s] -- Installing: /home/gerardo/TMR2026_Rescue/install/gui/share/gui/assets/audio/vosk-model-small-en-us-0.15/ivector
[28.101s] -- Installing: /home/gerardo/TMR2026_Rescue/install/gui/share/gui/assets/audio/vosk-model-small-en-us-0.15/ivector/global_cmvn.stats
[28.101s] -- Installing: /home/gerardo/TMR2026_Rescue/install/gui/share/gui/assets/audio/vosk-model-small-en-us-0.15/ivector/online_cmvn.conf
[28.101s] -- Installing: /home/gerardo/TMR2026_Rescue/install/gui/share/gui/assets/audio/vosk-model-small-en-us-0.15/ivector/final.dubm
[28.102s] -- Installing: /home/gerardo/TMR2026_Rescue/install/gui/share/gui/assets/audio/vosk-model-small-en-us-0.15/ivector/final.mat
[28.102s] -- Installing: /home/gerardo/TMR2026_Rescue/install/gui/share/gui/assets/audio/vosk-model-small-en-us-0.15/ivector/final.ie
[28.110s] -- Installing: /home/gerardo/TMR2026_Rescue/install/gui/share/gui/assets/audio/vosk-model-small-en-us-0.15/ivector/splice.conf
[28.110s] -- Installing: /home/gerardo/TMR2026_Rescue/install/gui/share/gui/assets/audio/vosk-model-small-en-us-0.15/conf
[28.110s] -- Installing: /home/gerardo/TMR2026_Rescue/install/gui/share/gui/assets/audio/vosk-model-small-en-us-0.15/conf/mfcc.conf
[28.110s] -- Installing: /home/gerardo/TMR2026_Rescue/install/gui/share/gui/assets/audio/vosk-model-small-en-us-0.15/conf/model.conf
[28.110s] -- Installing: /home/gerardo/TMR2026_Rescue/install/gui/share/gui/assets/audio/vosk-model-small-en-us-0.15/am
[28.110s] -- Installing: /home/gerardo/TMR2026_Rescue/install/gui/share/gui/assets/audio/vosk-model-small-en-us-0.15/am/final.mdl
[28.123s] -- Installing: /home/gerardo/TMR2026_Rescue/install/gui/share/gui/assets/audio/graph
[28.123s] -- Installing: /home/gerardo/TMR2026_Rescue/install/gui/share/gui/assets/audio/graph/phones
[28.123s] -- Installing: /home/gerardo/TMR2026_Rescue/install/gui/share/gui/assets/audio/graph/phones/word_boundary.int
[28.124s] -- Installing: /home/gerardo/TMR2026_Rescue/install/gui/share/gui/assets/audio/graph/phones.txt
[28.124s] -- Installing: /home/gerardo/TMR2026_Rescue/install/gui/share/gui/assets/audio/graph/Gr.fst
[28.164s] -- Installing: /home/gerardo/TMR2026_Rescue/install/gui/share/gui/assets/audio/graph/HCLr.fst
[28.216s] -- Installing: /home/gerardo/TMR2026_Rescue/install/gui/share/gui/assets/audio/graph/words.txt
[28.222s] -- Installing: /home/gerardo/TMR2026_Rescue/install/gui/share/gui/assets/audio/graph/disambig_tid.int
[28.223s] -- Installing: /home/gerardo/TMR2026_Rescue/install/gui/share/gui/assets/audio/README
[28.223s] -- Installing: /home/gerardo/TMR2026_Rescue/install/gui/share/gui/assets/audio/ivector
[28.223s] -- Installing: /home/gerardo/TMR2026_Rescue/install/gui/share/gui/assets/audio/ivector/global_cmvn.stats
[28.223s] -- Installing: /home/gerardo/TMR2026_Rescue/install/gui/share/gui/assets/audio/ivector/online_cmvn.conf
[28.223s] -- Installing: /home/gerardo/TMR2026_Rescue/install/gui/share/gui/assets/audio/ivector/final.dubm
[28.224s] -- Installing: /home/gerardo/TMR2026_Rescue/install/gui/share/gui/assets/audio/ivector/final.mat
[28.225s] -- Installing: /home/gerardo/TMR2026_Rescue/install/gui/share/gui/assets/audio/ivector/final.ie
[28.239s] -- Installing: /home/gerardo/TMR2026_Rescue/install/gui/share/gui/assets/audio/ivector/splice.conf
[28.240s] -- Installing: /home/gerardo/TMR2026_Rescue/install/gui/share/gui/assets/audio/conf
[28.240s] -- Installing: /home/gerardo/TMR2026_Rescue/install/gui/share/gui/assets/audio/conf/mfcc.conf
[28.240s] -- Installing: /home/gerardo/TMR2026_Rescue/install/gui/share/gui/assets/audio/conf/model.conf
[28.240s] -- Installing: /home/gerardo/TMR2026_Rescue/install/gui/share/gui/assets/audio/am
[28.240s] -- Installing: /home/gerardo/TMR2026_Rescue/install/gui/share/gui/assets/audio/am/final.mdl
[28.298s] -- Installing: /home/gerardo/TMR2026_Rescue/install/gui/share/gui/assets/audio/am/tree
[28.302s] -- Installing: /home/gerardo/TMR2026_Rescue/install/gui/share/gui/launch
[28.302s] -- Installing: /home/gerardo/TMR2026_Rescue/install/gui/share/gui/launch/gui.launch.py
[28.302s] -- Installing: /home/gerardo/TMR2026_Rescue/install/gui/share/ament_index/resource_index/package_run_dependencies/gui
[28.302s] -- Installing: /home/gerardo/TMR2026_Rescue/install/gui/share/ament_index/resource_index/parent_prefix_path/gui
[28.302s] -- Installing: /home/gerardo/TMR2026_Rescue/install/gui/share/gui/environment/ament_prefix_path.sh
[28.302s] -- Installing: /home/gerardo/TMR2026_Rescue/install/gui/share/gui/environment/ament_prefix_path.dsv
[28.302s] -- Installing: /home/gerardo/TMR2026_Rescue/install/gui/share/gui/environment/path.sh
[28.302s] -- Installing: /home/gerardo/TMR2026_Rescue/install/gui/share/gui/environment/path.dsv
[28.302s] -- Installing: /home/gerardo/TMR2026_Rescue/install/gui/share/gui/local_setup.bash
[28.302s] -- Installing: /home/gerardo/TMR2026_Rescue/install/gui/share/gui/local_setup.sh
[28.302s] -- Installing: /home/gerardo/TMR2026_Rescue/install/gui/share/gui/local_setup.zsh
[28.302s] -- Installing: /home/gerardo/TMR2026_Rescue/install/gui/share/gui/local_setup.dsv
[28.302s] -- Installing: /home/gerardo/TMR2026_Rescue/install/gui/share/gui/package.dsv
[28.302s] -- Installing: /home/gerardo/TMR2026_Rescue/install/gui/share/ament_index/resource_index/packages/gui
[28.302s] -- Installing: /home/gerardo/TMR2026_Rescue/install/gui/share/gui/cmake/guiConfig.cmake
[28.303s] -- Installing: /home/gerardo/TMR2026_Rescue/install/gui/share/gui/cmake/guiConfig-version.cmake
[28.303s] -- Installing: /home/gerardo/TMR2026_Rescue/install/gui/share/gui/package.xml
[28.304s] Invoked command in '/home/gerardo/TMR2026_Rescue/build/gui' returned '0': CMAKE_PREFIX_PATH=${CMAKE_PREFIX_PATH}:/home/gerardo/TMR2026_Rescue/shared/gui_ws/install/esp32_bridge:/opt/ros/humble /usr/bin/cmake --install /home/gerardo/TMR2026_Rescue/build/gui
