/home/arepo/TMR2026_Rescue/jaguar/arm/install/ginkgo_odrive_bridge/lib/python3.10/site-packages/ginkgo_odrive_bridge/joint_state_bridge.py
/home/arepo/TMR2026_Rescue/jaguar/arm/install/ginkgo_odrive_bridge/lib/python3.10/site-packages/ginkgo_odrive_bridge/__init__.py
/home/arepo/TMR2026_Rescue/jaguar/arm/install/ginkgo_odrive_bridge/lib/python3.10/site-packages/ginkgo_odrive_bridge/__pycache__/joint_state_bridge.cpython-310.pyc
/home/arepo/TMR2026_Rescue/jaguar/arm/install/ginkgo_odrive_bridge/lib/python3.10/site-packages/ginkgo_odrive_bridge/__pycache__/__init__.cpython-310.pyc
/home/arepo/TMR2026_Rescue/jaguar/arm/install/ginkgo_odrive_bridge/share/ament_index/resource_index/packages/ginkgo_odrive_bridge
/home/arepo/TMR2026_Rescue/jaguar/arm/install/ginkgo_odrive_bridge/share/ginkgo_odrive_bridge/package.xml
/home/arepo/TMR2026_Rescue/jaguar/arm/install/ginkgo_odrive_bridge/share/ginkgo_odrive_bridge/README.md
/home/arepo/TMR2026_Rescue/jaguar/arm/install/ginkgo_odrive_bridge/share/ginkgo_odrive_bridge/config/joint_state_bridge.yaml
/home/arepo/TMR2026_Rescue/jaguar/arm/install/ginkgo_odrive_bridge/share/ginkgo_odrive_bridge/launch/joint_state_bridge.launch.py
/home/arepo/TMR2026_Rescue/jaguar/arm/install/ginkgo_odrive_bridge/share/ginkgo_odrive_bridge/Python_USB_CAN_Test_64bits/ControlCAN.py
/home/arepo/TMR2026_Rescue/jaguar/arm/install/ginkgo_odrive_bridge/share/ginkgo_odrive_bridge/Python_USB_CAN_Test_64bits/ErrorType.py
/home/arepo/TMR2026_Rescue/jaguar/arm/install/ginkgo_odrive_bridge/share/ginkgo_odrive_bridge/Python_USB_CAN_Test_64bits/ginkgo_can/odrive.py
/home/arepo/TMR2026_Rescue/jaguar/arm/install/ginkgo_odrive_bridge/share/ginkgo_odrive_bridge/Python_USB_CAN_Test_64bits/ginkgo_can/__init__.py
/home/arepo/TMR2026_Rescue/jaguar/arm/install/ginkgo_odrive_bridge/share/ginkgo_odrive_bridge/Python_USB_CAN_Test_64bits/ginkgo_can/bus.py
/home/arepo/TMR2026_Rescue/jaguar/arm/install/ginkgo_odrive_bridge/share/ginkgo_odrive_bridge/Python_USB_CAN_Test_64bits/lib/macos/libusb-0.1.4.dylib
/home/arepo/TMR2026_Rescue/jaguar/arm/install/ginkgo_odrive_bridge/share/ginkgo_odrive_bridge/Python_USB_CAN_Test_64bits/lib/macos/libGinkgo_Driver.dylib
/home/arepo/TMR2026_Rescue/jaguar/arm/install/ginkgo_odrive_bridge/share/ginkgo_odrive_bridge/Python_USB_CAN_Test_64bits/lib/macos/libusb-1.0.0.dylib
/home/arepo/TMR2026_Rescue/jaguar/arm/install/ginkgo_odrive_bridge/share/ginkgo_odrive_bridge/Python_USB_CAN_Test_64bits/lib/windows/32bit/Ginkgo_Driver.lib
/home/arepo/TMR2026_Rescue/jaguar/arm/install/ginkgo_odrive_bridge/share/ginkgo_odrive_bridge/Python_USB_CAN_Test_64bits/lib/windows/32bit/Ginkgo_Driver.dll
/home/arepo/TMR2026_Rescue/jaguar/arm/install/ginkgo_odrive_bridge/share/ginkgo_odrive_bridge/Python_USB_CAN_Test_64bits/lib/windows/64bit/libusb0.zip
/home/arepo/TMR2026_Rescue/jaguar/arm/install/ginkgo_odrive_bridge/share/ginkgo_odrive_bridge/Python_USB_CAN_Test_64bits/lib/windows/64bit/64bit.zip
/home/arepo/TMR2026_Rescue/jaguar/arm/install/ginkgo_odrive_bridge/share/ginkgo_odrive_bridge/Python_USB_CAN_Test_64bits/lib/windows/64bit/Ginkgo_Driver.lib
/home/arepo/TMR2026_Rescue/jaguar/arm/install/ginkgo_odrive_bridge/share/ginkgo_odrive_bridge/Python_USB_CAN_Test_64bits/lib/windows/64bit/libusb0.dll
/home/arepo/TMR2026_Rescue/jaguar/arm/install/ginkgo_odrive_bridge/share/ginkgo_odrive_bridge/Python_USB_CAN_Test_64bits/lib/windows/64bit/libusb0.dll.x86.bak
/home/arepo/TMR2026_Rescue/jaguar/arm/install/ginkgo_odrive_bridge/share/ginkgo_odrive_bridge/Python_USB_CAN_Test_64bits/lib/windows/64bit/Ginkgo_Driver.dll
/home/arepo/TMR2026_Rescue/jaguar/arm/install/ginkgo_odrive_bridge/share/ginkgo_odrive_bridge/Python_USB_CAN_Test_64bits/lib/windows/header/ControlPMBus.h
/home/arepo/TMR2026_Rescue/jaguar/arm/install/ginkgo_odrive_bridge/share/ginkgo_odrive_bridge/Python_USB_CAN_Test_64bits/lib/windows/header/ControlCAN.h
/home/arepo/TMR2026_Rescue/jaguar/arm/install/ginkgo_odrive_bridge/share/ginkgo_odrive_bridge/Python_USB_CAN_Test_64bits/lib/windows/header/ControlSMBus.h
/home/arepo/TMR2026_Rescue/jaguar/arm/install/ginkgo_odrive_bridge/share/ginkgo_odrive_bridge/Python_USB_CAN_Test_64bits/lib/windows/header/Control1Wire.h
/home/arepo/TMR2026_Rescue/jaguar/arm/install/ginkgo_odrive_bridge/share/ginkgo_odrive_bridge/Python_USB_CAN_Test_64bits/lib/windows/header/ControlGPIO.h
/home/arepo/TMR2026_Rescue/jaguar/arm/install/ginkgo_odrive_bridge/share/ginkgo_odrive_bridge/Python_USB_CAN_Test_64bits/lib/windows/header/ControlTest.h
/home/arepo/TMR2026_Rescue/jaguar/arm/install/ginkgo_odrive_bridge/share/ginkgo_odrive_bridge/Python_USB_CAN_Test_64bits/lib/windows/header/ControlCNT.h
/home/arepo/TMR2026_Rescue/jaguar/arm/install/ginkgo_odrive_bridge/share/ginkgo_odrive_bridge/Python_USB_CAN_Test_64bits/lib/windows/header/ControlPWM.h
/home/arepo/TMR2026_Rescue/jaguar/arm/install/ginkgo_odrive_bridge/share/ginkgo_odrive_bridge/Python_USB_CAN_Test_64bits/lib/windows/header/ControlSPI.h
/home/arepo/TMR2026_Rescue/jaguar/arm/install/ginkgo_odrive_bridge/share/ginkgo_odrive_bridge/Python_USB_CAN_Test_64bits/lib/windows/header/ControlADC.h
/home/arepo/TMR2026_Rescue/jaguar/arm/install/ginkgo_odrive_bridge/share/ginkgo_odrive_bridge/Python_USB_CAN_Test_64bits/lib/windows/header/ControlI2C.h
/home/arepo/TMR2026_Rescue/jaguar/arm/install/ginkgo_odrive_bridge/share/ginkgo_odrive_bridge/Python_USB_CAN_Test_64bits/lib/windows/header/ControlBoot.h
/home/arepo/TMR2026_Rescue/jaguar/arm/install/ginkgo_odrive_bridge/share/ginkgo_odrive_bridge/Python_USB_CAN_Test_64bits/lib/windows/header/ControlUART.h
/home/arepo/TMR2026_Rescue/jaguar/arm/install/ginkgo_odrive_bridge/share/ginkgo_odrive_bridge/Python_USB_CAN_Test_64bits/lib/windows/header/ControlSDI.h
/home/arepo/TMR2026_Rescue/jaguar/arm/install/ginkgo_odrive_bridge/share/ginkgo_odrive_bridge/Python_USB_CAN_Test_64bits/lib/windows/header/ControlDAC.h
/home/arepo/TMR2026_Rescue/jaguar/arm/install/ginkgo_odrive_bridge/share/ginkgo_odrive_bridge/Python_USB_CAN_Test_64bits/lib/windows/header/ControlDigRF.h
/home/arepo/TMR2026_Rescue/jaguar/arm/install/ginkgo_odrive_bridge/lib/python3.10/site-packages/ginkgo_odrive_bridge-0.1.0-py3.10.egg-info/PKG-INFO
/home/arepo/TMR2026_Rescue/jaguar/arm/install/ginkgo_odrive_bridge/lib/python3.10/site-packages/ginkgo_odrive_bridge-0.1.0-py3.10.egg-info/dependency_links.txt
/home/arepo/TMR2026_Rescue/jaguar/arm/install/ginkgo_odrive_bridge/lib/python3.10/site-packages/ginkgo_odrive_bridge-0.1.0-py3.10.egg-info/not-zip-safe
/home/arepo/TMR2026_Rescue/jaguar/arm/install/ginkgo_odrive_bridge/lib/python3.10/site-packages/ginkgo_odrive_bridge-0.1.0-py3.10.egg-info/top_level.txt
/home/arepo/TMR2026_Rescue/jaguar/arm/install/ginkgo_odrive_bridge/lib/python3.10/site-packages/ginkgo_odrive_bridge-0.1.0-py3.10.egg-info/SOURCES.txt
/home/arepo/TMR2026_Rescue/jaguar/arm/install/ginkgo_odrive_bridge/lib/python3.10/site-packages/ginkgo_odrive_bridge-0.1.0-py3.10.egg-info/requires.txt
/home/arepo/TMR2026_Rescue/jaguar/arm/install/ginkgo_odrive_bridge/lib/python3.10/site-packages/ginkgo_odrive_bridge-0.1.0-py3.10.egg-info/entry_points.txt
/home/arepo/TMR2026_Rescue/jaguar/arm/install/ginkgo_odrive_bridge/lib/ginkgo_odrive_bridge/joint_state_bridge
