[0.268s] Invoking command in '/home/arepo/TMR2026_Rescue/shared/gui_ws/build/gui': CMAKE_PREFIX_PATH=${CMAKE_PREFIX_PATH}:/home/arepo/TMR2026_Rescue/shared/gui_ws/install/esp32_bridge:/opt/ros/humble /home/arepo/.local/bin/cmake --build /home/arepo/TMR2026_Rescue/shared/gui_ws/build/gui -- -j16 -l16
[0.391s] [  0%] [0mBuilt target gui_autogen_timestamp_deps[0m
[0.450s] [  5%] [1m[34mAutomatic MOC and UIC for target gui[0m
[0.828s] [  5%] [0mBuilt target gui_autogen[0m
[0.954s] [ 11%] [32mBuilding CXX object CMakeFiles/gui.dir/gui_autogen/mocs_compilation.cpp.o[0m
[0.954s] [ 16%] [32mBuilding CXX object CMakeFiles/gui.dir/src/main_window.cpp.o[0m
[0.956s] [ 22%] [32mBuilding CXX object CMakeFiles/gui.dir/src/dashboard_panel.cpp.o[0m
[15.317s] [ 27%] [1m[32mLinking CXX executable gui[0m
[19.977s] [100%] [0mBuilt target gui[0m
[19.985s] Invoked command in '/home/arepo/TMR2026_Rescue/shared/gui_ws/build/gui' returned '0': CMAKE_PREFIX_PATH=${CMAKE_PREFIX_PATH}:/home/arepo/TMR2026_Rescue/shared/gui_ws/install/esp32_bridge:/opt/ros/humble /home/arepo/.local/bin/cmake --build /home/arepo/TMR2026_Rescue/shared/gui_ws/build/gui -- -j16 -l16
[20.045s] Invoking command in '/home/arepo/TMR2026_Rescue/shared/gui_ws/build/gui': CMAKE_PREFIX_PATH=${CMAKE_PREFIX_PATH}:/home/arepo/TMR2026_Rescue/shared/gui_ws/install/esp32_bridge:/opt/ros/humble /home/arepo/.local/bin/cmake --install /home/arepo/TMR2026_Rescue/shared/gui_ws/build/gui
[20.103s] -- Install configuration: ""
[20.103s] -- Installing: /home/arepo/TMR2026_Rescue/shared/gui_ws/install/gui/lib/gui/gui
[20.133s] -- Set non-toolchain portion of runtime path of "/home/arepo/TMR2026_Rescue/shared/gui_ws/install/gui/lib/gui/gui" to ""
[20.134s] -- Up-to-date: /home/arepo/TMR2026_Rescue/shared/gui_ws/install/gui/lib/gui/gst_bridge
[20.134s] -- Up-to-date: /home/arepo/TMR2026_Rescue/shared/gui_ws/install/gui/share/gui/assets
[20.134s] -- Up-to-date: /home/arepo/TMR2026_Rescue/shared/gui_ws/install/gui/share/gui/assets/vision
[20.134s] -- Up-to-date: /home/arepo/TMR2026_Rescue/shared/gui_ws/install/gui/share/gui/assets/audio
[20.134s] -- Up-to-date: /home/arepo/TMR2026_Rescue/shared/gui_ws/install/gui/share/gui/launch
[20.134s] -- Up-to-date: /home/arepo/TMR2026_Rescue/shared/gui_ws/install/gui/share/gui/launch/gui.launch.py
[20.134s] -- Up-to-date: /home/arepo/TMR2026_Rescue/shared/gui_ws/install/gui/share/ament_index/resource_index/package_run_dependencies/gui
[20.134s] -- Up-to-date: /home/arepo/TMR2026_Rescue/shared/gui_ws/install/gui/share/ament_index/resource_index/parent_prefix_path/gui
[20.134s] -- Up-to-date: /home/arepo/TMR2026_Rescue/shared/gui_ws/install/gui/share/gui/environment/ament_prefix_path.sh
[20.134s] -- Up-to-date: /home/arepo/TMR2026_Rescue/shared/gui_ws/install/gui/share/gui/environment/ament_prefix_path.dsv
[20.135s] -- Up-to-date: /home/arepo/TMR2026_Rescue/shared/gui_ws/install/gui/share/gui/environment/path.sh
[20.135s] -- Up-to-date: /home/arepo/TMR2026_Rescue/shared/gui_ws/install/gui/share/gui/environment/path.dsv
[20.135s] -- Up-to-date: /home/arepo/TMR2026_Rescue/shared/gui_ws/install/gui/share/gui/local_setup.bash
[20.135s] -- Up-to-date: /home/arepo/TMR2026_Rescue/shared/gui_ws/install/gui/share/gui/local_setup.sh
[20.135s] -- Up-to-date: /home/arepo/TMR2026_Rescue/shared/gui_ws/install/gui/share/gui/local_setup.zsh
[20.135s] -- Up-to-date: /home/arepo/TMR2026_Rescue/shared/gui_ws/install/gui/share/gui/local_setup.dsv
[20.135s] -- Installing: /home/arepo/TMR2026_Rescue/shared/gui_ws/install/gui/share/gui/package.dsv
[20.135s] -- Up-to-date: /home/arepo/TMR2026_Rescue/shared/gui_ws/install/gui/share/ament_index/resource_index/packages/gui
[20.135s] -- Up-to-date: /home/arepo/TMR2026_Rescue/shared/gui_ws/install/gui/share/gui/cmake/guiConfig.cmake
[20.135s] -- Up-to-date: /home/arepo/TMR2026_Rescue/shared/gui_ws/install/gui/share/gui/cmake/guiConfig-version.cmake
[20.136s] -- Up-to-date: /home/arepo/TMR2026_Rescue/shared/gui_ws/install/gui/share/gui/package.xml
[20.137s] Invoked command in '/home/arepo/TMR2026_Rescue/shared/gui_ws/build/gui' returned '0': CMAKE_PREFIX_PATH=${CMAKE_PREFIX_PATH}:/home/arepo/TMR2026_Rescue/shared/gui_ws/install/esp32_bridge:/opt/ros/humble /home/arepo/.local/bin/cmake --install /home/arepo/TMR2026_Rescue/shared/gui_ws/build/gui
