[0.700s] Invoking command in '/home/arepo/TMR2026_Rescue/shared/gui_ws/src/esp32_bridge': PYTHONPATH=/home/arepo/TMR2026_Rescue/shared/gui_ws/build/esp32_bridge/prefix_override:/usr/lib/python3/dist-packages/colcon_core/task/python/colcon_distutils_commands:/home/arepo/TMR2026_Rescue/shared/gui_ws/install/esp32_bridge/lib/python3.10/site-packages:${PYTHONPATH} /usr/bin/python3 -W ignore:setup.py install is deprecated -W ignore:easy_install command is deprecated setup.py egg_info --egg-base ../../build/esp32_bridge build --build-base /home/arepo/TMR2026_Rescue/shared/gui_ws/build/esp32_bridge/build install --record /home/arepo/TMR2026_Rescue/shared/gui_ws/build/esp32_bridge/install.log --single-version-externally-managed install_data
[0.916s] running egg_info
[0.932s] writing ../../build/esp32_bridge/esp32_bridge.egg-info/PKG-INFO
[0.932s] writing dependency_links to ../../build/esp32_bridge/esp32_bridge.egg-info/dependency_links.txt
[0.932s] writing entry points to ../../build/esp32_bridge/esp32_bridge.egg-info/entry_points.txt
[0.932s] writing requirements to ../../build/esp32_bridge/esp32_bridge.egg-info/requires.txt
[0.932s] writing top-level names to ../../build/esp32_bridge/esp32_bridge.egg-info/top_level.txt
[0.965s] reading manifest file '../../build/esp32_bridge/esp32_bridge.egg-info/SOURCES.txt'
[0.966s] writing manifest file '../../build/esp32_bridge/esp32_bridge.egg-info/SOURCES.txt'
[0.966s] running build
[0.966s] running build_py
[0.966s] running install
[0.970s] running install_lib
[0.988s] running install_data
[0.988s] running install_egg_info
[1.005s] removing '/home/arepo/TMR2026_Rescue/shared/gui_ws/install/esp32_bridge/lib/python3.10/site-packages/esp32_bridge-0.0.0-py3.10.egg-info' (and everything under it)
[1.005s] Copying ../../build/esp32_bridge/esp32_bridge.egg-info to /home/arepo/TMR2026_Rescue/shared/gui_ws/install/esp32_bridge/lib/python3.10/site-packages/esp32_bridge-0.0.0-py3.10.egg-info
[1.006s] running install_scripts
[1.169s] Installing esp32_bridge_node script to /home/arepo/TMR2026_Rescue/shared/gui_ws/install/esp32_bridge/lib/esp32_bridge
[1.169s] writing list of installed files to '/home/arepo/TMR2026_Rescue/shared/gui_ws/build/esp32_bridge/install.log'
[1.193s] Invoked command in '/home/arepo/TMR2026_Rescue/shared/gui_ws/src/esp32_bridge' returned '0': PYTHONPATH=/home/arepo/TMR2026_Rescue/shared/gui_ws/build/esp32_bridge/prefix_override:/usr/lib/python3/dist-packages/colcon_core/task/python/colcon_distutils_commands:/home/arepo/TMR2026_Rescue/shared/gui_ws/install/esp32_bridge/lib/python3.10/site-packages:${PYTHONPATH} /usr/bin/python3 -W ignore:setup.py install is deprecated -W ignore:easy_install command is deprecated setup.py egg_info --egg-base ../../build/esp32_bridge build --build-base /home/arepo/TMR2026_Rescue/shared/gui_ws/build/esp32_bridge/build install --record /home/arepo/TMR2026_Rescue/shared/gui_ws/build/esp32_bridge/install.log --single-version-externally-managed install_data
