[0.172s] [34mcolcon[0m [1;30mDEBUG[0m [32mCommand line arguments: ['/usr/bin/colcon', 'build'][0m
[0.172s] [34mcolcon[0m [1;30mDEBUG[0m [32mParsed command line arguments: Namespace(log_base=None, log_level=None, verb_name='build', build_base='build', install_base='install', merge_install=False, symlink_install=False, test_result_base=None, continue_on_error=False, executor='parallel', parallel_workers=16, event_handlers=None, ignore_user_meta=False, metas=['./colcon.meta'], base_paths=['.'], packages_ignore=None, packages_ignore_regex=None, paths=None, packages_up_to=None, packages_up_to_regex=None, packages_above=None, packages_above_and_dependencies=None, packages_above_depth=None, packages_select_by_dep=None, packages_skip_by_dep=None, packages_skip_up_to=None, packages_select_build_failed=False, packages_skip_build_finished=False, packages_select_test_failures=False, packages_skip_test_passed=False, packages_select=None, packages_skip=None, packages_select_regex=None, packages_skip_regex=None, packages_start=None, packages_end=None, allow_overriding=[], cmake_args=None, cmake_target=None, cmake_target_skip_unavailable=False, cmake_clean_cache=False, cmake_clean_first=False, cmake_force_configure=False, ament_cmake_args=None, catkin_cmake_args=None, catkin_skip_building_tests=False, mixin_files=None, mixin=None, verb_parser=<colcon_mixin.mixin.mixin_argument.MixinArgumentDecorator object at 0x7324e9b4b070>, verb_extension=<colcon_core.verb.build.BuildVerb object at 0x7324e9b4a350>, main=<bound method BuildVerb.main of <colcon_core.verb.build.BuildVerb object at 0x7324e9b4a350>>, mixin_verb=('build',))[0m
[0.235s] [34mcolcon.colcon_core.package_discovery[0m [1;30mLevel 1[0m discover_packages(colcon_meta) check parameters
[0.235s] [34mcolcon.colcon_core.package_discovery[0m [1;30mLevel 1[0m discover_packages(recursive) check parameters
[0.235s] [34mcolcon.colcon_core.package_discovery[0m [1;30mLevel 1[0m discover_packages(ignore) check parameters
[0.235s] [34mcolcon.colcon_core.package_discovery[0m [1;30mLevel 1[0m discover_packages(path) check parameters
[0.235s] [34mcolcon.colcon_core.package_discovery[0m [1;30mLevel 1[0m discover_packages(colcon_meta) discover
[0.235s] [34mcolcon.colcon_core.package_discovery[0m [1;30mLevel 1[0m discover_packages(recursive) discover
[0.235s] [34mcolcon.colcon_core.package_discovery[0m [1;30mINFO[0m Crawling recursively for packages in '/home/arepo/TMR2026_Rescue/jaguar/arm'
[0.235s] [34mcolcon.colcon_core.package_identification[0m [1;30mLevel 1[0m _identify(.) by extensions ['ignore', 'ignore_ament_install']
[0.235s] [34mcolcon.colcon_core.package_identification[0m [1;30mLevel 1[0m _identify(.) by extension 'ignore'
[0.235s] [34mcolcon.colcon_core.package_identification[0m [1;30mLevel 1[0m _identify(.) by extension 'ignore_ament_install'
[0.235s] [34mcolcon.colcon_core.package_identification[0m [1;30mLevel 1[0m _identify(.) by extensions ['colcon_pkg']
[0.235s] [34mcolcon.colcon_core.package_identification[0m [1;30mLevel 1[0m _identify(.) by extension 'colcon_pkg'
[0.235s] [34mcolcon.colcon_core.package_identification[0m [1;30mLevel 1[0m _identify(.) by extensions ['colcon_meta']
[0.236s] [34mcolcon.colcon_core.package_identification[0m [1;30mLevel 1[0m _identify(.) by extension 'colcon_meta'
[0.236s] [34mcolcon.colcon_core.package_identification[0m [1;30mLevel 1[0m _identify(.) by extensions ['ros']
[0.236s] [34mcolcon.colcon_core.package_identification[0m [1;30mLevel 1[0m _identify(.) by extension 'ros'
[0.260s] [34mcolcon.colcon_core.package_identification[0m [1;30mLevel 1[0m _identify(.) by extensions ['cmake', 'python']
[0.260s] [34mcolcon.colcon_core.package_identification[0m [1;30mLevel 1[0m _identify(.) by extension 'cmake'
[0.260s] [34mcolcon.colcon_core.package_identification[0m [1;30mLevel 1[0m _identify(.) by extension 'python'
[0.260s] [34mcolcon.colcon_core.package_identification[0m [1;30mLevel 1[0m _identify(.) by extensions ['python_setup_py']
[0.260s] [34mcolcon.colcon_core.package_identification[0m [1;30mLevel 1[0m _identify(.) by extension 'python_setup_py'
[0.260s] [34mcolcon.colcon_core.package_identification[0m [1;30mLevel 1[0m _identify(build) by extensions ['ignore', 'ignore_ament_install']
[0.260s] [34mcolcon.colcon_core.package_identification[0m [1;30mLevel 1[0m _identify(build) by extension 'ignore'
[0.260s] [34mcolcon.colcon_core.package_identification[0m [1;30mLevel 1[0m _identify(build) ignored
[0.260s] [34mcolcon.colcon_core.package_identification[0m [1;30mLevel 1[0m _identify(firmware) by extensions ['ignore', 'ignore_ament_install']
[0.260s] [34mcolcon.colcon_core.package_identification[0m [1;30mLevel 1[0m _identify(firmware) by extension 'ignore'
[0.260s] [34mcolcon.colcon_core.package_identification[0m [1;30mLevel 1[0m _identify(firmware) by extension 'ignore_ament_install'
[0.260s] [34mcolcon.colcon_core.package_identification[0m [1;30mLevel 1[0m _identify(firmware) by extensions ['colcon_pkg']
[0.260s] [34mcolcon.colcon_core.package_identification[0m [1;30mLevel 1[0m _identify(firmware) by extension 'colcon_pkg'
[0.260s] [34mcolcon.colcon_core.package_identification[0m [1;30mLevel 1[0m _identify(firmware) by extensions ['colcon_meta']
[0.260s] [34mcolcon.colcon_core.package_identification[0m [1;30mLevel 1[0m _identify(firmware) by extension 'colcon_meta'
[0.261s] [34mcolcon.colcon_core.package_identification[0m [1;30mLevel 1[0m _identify(firmware) by extensions ['ros']
[0.261s] [34mcolcon.colcon_core.package_identification[0m [1;30mLevel 1[0m _identify(firmware) by extension 'ros'
[0.261s] [34mcolcon.colcon_core.package_identification[0m [1;30mLevel 1[0m _identify(firmware) by extensions ['cmake', 'python']
[0.261s] [34mcolcon.colcon_core.package_identification[0m [1;30mLevel 1[0m _identify(firmware) by extension 'cmake'
[0.261s] [34mcolcon.colcon_core.package_identification[0m [1;30mLevel 1[0m _identify(firmware) by extension 'python'
[0.261s] [34mcolcon.colcon_core.package_identification[0m [1;30mLevel 1[0m _identify(firmware) by extensions ['python_setup_py']
[0.261s] [34mcolcon.colcon_core.package_identification[0m [1;30mLevel 1[0m _identify(firmware) by extension 'python_setup_py'
[0.261s] [34mcolcon.colcon_core.package_identification[0m [1;30mLevel 1[0m _identify(firmware/joint5_servo) by extensions ['ignore', 'ignore_ament_install']
[0.261s] [34mcolcon.colcon_core.package_identification[0m [1;30mLevel 1[0m _identify(firmware/joint5_servo) by extension 'ignore'
[0.261s] [34mcolcon.colcon_core.package_identification[0m [1;30mLevel 1[0m _identify(firmware/joint5_servo) by extension 'ignore_ament_install'
[0.261s] [34mcolcon.colcon_core.package_identification[0m [1;30mLevel 1[0m _identify(firmware/joint5_servo) by extensions ['colcon_pkg']
[0.261s] [34mcolcon.colcon_core.package_identification[0m [1;30mLevel 1[0m _identify(firmware/joint5_servo) by extension 'colcon_pkg'
[0.261s] [34mcolcon.colcon_core.package_identification[0m [1;30mLevel 1[0m _identify(firmware/joint5_servo) by extensions ['colcon_meta']
[0.261s] [34mcolcon.colcon_core.package_identification[0m [1;30mLevel 1[0m _identify(firmware/joint5_servo) by extension 'colcon_meta'
[0.261s] [34mcolcon.colcon_core.package_identification[0m [1;30mLevel 1[0m _identify(firmware/joint5_servo) by extensions ['ros']
[0.261s] [34mcolcon.colcon_core.package_identification[0m [1;30mLevel 1[0m _identify(firmware/joint5_servo) by extension 'ros'
[0.261s] [34mcolcon.colcon_core.package_identification[0m [1;30mLevel 1[0m _identify(firmware/joint5_servo) by extensions ['cmake', 'python']
[0.261s] [34mcolcon.colcon_core.package_identification[0m [1;30mLevel 1[0m _identify(firmware/joint5_servo) by extension 'cmake'
[0.261s] [34mcolcon.colcon_core.package_identification[0m [1;30mLevel 1[0m _identify(firmware/joint5_servo) by extension 'python'
[0.261s] [34mcolcon.colcon_core.package_identification[0m [1;30mLevel 1[0m _identify(firmware/joint5_servo) by extensions ['python_setup_py']
[0.261s] [34mcolcon.colcon_core.package_identification[0m [1;30mLevel 1[0m _identify(firmware/joint5_servo) by extension 'python_setup_py'
[0.261s] [34mcolcon.colcon_core.package_identification[0m [1;30mLevel 1[0m _identify(firmware/servo_sweep) by extensions ['ignore', 'ignore_ament_install']
[0.261s] [34mcolcon.colcon_core.package_identification[0m [1;30mLevel 1[0m _identify(firmware/servo_sweep) by extension 'ignore'
[0.261s] [34mcolcon.colcon_core.package_identification[0m [1;30mLevel 1[0m _identify(firmware/servo_sweep) by extension 'ignore_ament_install'
[0.261s] [34mcolcon.colcon_core.package_identification[0m [1;30mLevel 1[0m _identify(firmware/servo_sweep) by extensions ['colcon_pkg']
[0.261s] [34mcolcon.colcon_core.package_identification[0m [1;30mLevel 1[0m _identify(firmware/servo_sweep) by extension 'colcon_pkg'
[0.262s] [34mcolcon.colcon_core.package_identification[0m [1;30mLevel 1[0m _identify(firmware/servo_sweep) by extensions ['colcon_meta']
[0.262s] [34mcolcon.colcon_core.package_identification[0m [1;30mLevel 1[0m _identify(firmware/servo_sweep) by extension 'colcon_meta'
[0.262s] [34mcolcon.colcon_core.package_identification[0m [1;30mLevel 1[0m _identify(firmware/servo_sweep) by extensions ['ros']
[0.262s] [34mcolcon.colcon_core.package_identification[0m [1;30mLevel 1[0m _identify(firmware/servo_sweep) by extension 'ros'
[0.262s] [34mcolcon.colcon_core.package_identification[0m [1;30mLevel 1[0m _identify(firmware/servo_sweep) by extensions ['cmake', 'python']
[0.262s] [34mcolcon.colcon_core.package_identification[0m [1;30mLevel 1[0m _identify(firmware/servo_sweep) by extension 'cmake'
[0.262s] [34mcolcon.colcon_core.package_identification[0m [1;30mLevel 1[0m _identify(firmware/servo_sweep) by extension 'python'
[0.262s] [34mcolcon.colcon_core.package_identification[0m [1;30mLevel 1[0m _identify(firmware/servo_sweep) by extensions ['python_setup_py']
[0.262s] [34mcolcon.colcon_core.package_identification[0m [1;30mLevel 1[0m _identify(firmware/servo_sweep) by extension 'python_setup_py'
[0.262s] [34mcolcon.colcon_core.package_identification[0m [1;30mLevel 1[0m _identify(install) by extensions ['ignore', 'ignore_ament_install']
[0.262s] [34mcolcon.colcon_core.package_identification[0m [1;30mLevel 1[0m _identify(install) by extension 'ignore'
[0.262s] [34mcolcon.colcon_core.package_identification[0m [1;30mLevel 1[0m _identify(install) ignored
[0.262s] [34mcolcon.colcon_core.package_identification[0m [1;30mLevel 1[0m _identify(log) by extensions ['ignore', 'ignore_ament_install']
[0.262s] [34mcolcon.colcon_core.package_identification[0m [1;30mLevel 1[0m _identify(log) by extension 'ignore'
[0.262s] [34mcolcon.colcon_core.package_identification[0m [1;30mLevel 1[0m _identify(log) ignored
[0.262s] [34mcolcon.colcon_core.package_identification[0m [1;30mLevel 1[0m _identify(src) by extensions ['ignore', 'ignore_ament_install']
[0.262s] [34mcolcon.colcon_core.package_identification[0m [1;30mLevel 1[0m _identify(src) by extension 'ignore'
[0.262s] [34mcolcon.colcon_core.package_identification[0m [1;30mLevel 1[0m _identify(src) by extension 'ignore_ament_install'
[0.262s] [34mcolcon.colcon_core.package_identification[0m [1;30mLevel 1[0m _identify(src) by extensions ['colcon_pkg']
[0.262s] [34mcolcon.colcon_core.package_identification[0m [1;30mLevel 1[0m _identify(src) by extension 'colcon_pkg'
[0.262s] [34mcolcon.colcon_core.package_identification[0m [1;30mLevel 1[0m _identify(src) by extensions ['colcon_meta']
[0.262s] [34mcolcon.colcon_core.package_identification[0m [1;30mLevel 1[0m _identify(src) by extension 'colcon_meta'
[0.262s] [34mcolcon.colcon_core.package_identification[0m [1;30mLevel 1[0m _identify(src) by extensions ['ros']
[0.262s] [34mcolcon.colcon_core.package_identification[0m [1;30mLevel 1[0m _identify(src) by extension 'ros'
[0.262s] [34mcolcon.colcon_core.package_identification[0m [1;30mLevel 1[0m _identify(src) by extensions ['cmake', 'python']
[0.262s] [34mcolcon.colcon_core.package_identification[0m [1;30mLevel 1[0m _identify(src) by extension 'cmake'
[0.263s] [34mcolcon.colcon_core.package_identification[0m [1;30mLevel 1[0m _identify(src) by extension 'python'
[0.263s] [34mcolcon.colcon_core.package_identification[0m [1;30mLevel 1[0m _identify(src) by extensions ['python_setup_py']
[0.263s] [34mcolcon.colcon_core.package_identification[0m [1;30mLevel 1[0m _identify(src) by extension 'python_setup_py'
[0.263s] [34mcolcon.colcon_core.package_identification[0m [1;30mLevel 1[0m _identify(src/ginkgo_odrive_bridge) by extensions ['ignore', 'ignore_ament_install']
[0.263s] [34mcolcon.colcon_core.package_identification[0m [1;30mLevel 1[0m _identify(src/ginkgo_odrive_bridge) by extension 'ignore'
[0.263s] [34mcolcon.colcon_core.package_identification[0m [1;30mLevel 1[0m _identify(src/ginkgo_odrive_bridge) by extension 'ignore_ament_install'
[0.263s] [34mcolcon.colcon_core.package_identification[0m [1;30mLevel 1[0m _identify(src/ginkgo_odrive_bridge) by extensions ['colcon_pkg']
[0.263s] [34mcolcon.colcon_core.package_identification[0m [1;30mLevel 1[0m _identify(src/ginkgo_odrive_bridge) by extension 'colcon_pkg'
[0.263s] [34mcolcon.colcon_core.package_identification[0m [1;30mLevel 1[0m _identify(src/ginkgo_odrive_bridge) by extensions ['colcon_meta']
[0.263s] [34mcolcon.colcon_core.package_identification[0m [1;30mLevel 1[0m _identify(src/ginkgo_odrive_bridge) by extension 'colcon_meta'
[0.263s] [34mcolcon.colcon_core.package_identification[0m [1;30mLevel 1[0m _identify(src/ginkgo_odrive_bridge) by extensions ['ros']
[0.263s] [34mcolcon.colcon_core.package_identification[0m [1;30mLevel 1[0m _identify(src/ginkgo_odrive_bridge) by extension 'ros'
[0.265s] [34mcolcon.colcon_core.package_identification[0m [1;30mDEBUG[0m [32mPackage 'src/ginkgo_odrive_bridge' with type 'ros.ament_python' and name 'ginkgo_odrive_bridge'[0m
[0.266s] [34mcolcon.colcon_core.package_identification[0m [1;30mLevel 1[0m _identify(src/jaguar_full) by extensions ['ignore', 'ignore_ament_install']
[0.266s] [34mcolcon.colcon_core.package_identification[0m [1;30mLevel 1[0m _identify(src/jaguar_full) by extension 'ignore'
[0.266s] [34mcolcon.colcon_core.package_identification[0m [1;30mLevel 1[0m _identify(src/jaguar_full) by extension 'ignore_ament_install'
[0.266s] [34mcolcon.colcon_core.package_identification[0m [1;30mLevel 1[0m _identify(src/jaguar_full) by extensions ['colcon_pkg']
[0.266s] [34mcolcon.colcon_core.package_identification[0m [1;30mLevel 1[0m _identify(src/jaguar_full) by extension 'colcon_pkg'
[0.266s] [34mcolcon.colcon_core.package_identification[0m [1;30mLevel 1[0m _identify(src/jaguar_full) by extensions ['colcon_meta']
[0.266s] [34mcolcon.colcon_core.package_identification[0m [1;30mLevel 1[0m _identify(src/jaguar_full) by extension 'colcon_meta'
[0.266s] [34mcolcon.colcon_core.package_identification[0m [1;30mLevel 1[0m _identify(src/jaguar_full) by extensions ['ros']
[0.266s] [34mcolcon.colcon_core.package_identification[0m [1;30mLevel 1[0m _identify(src/jaguar_full) by extension 'ros'
[0.266s] [34mcolcon.colcon_core.package_identification[0m [1;30mDEBUG[0m [32mPackage 'src/jaguar_full' with type 'ros.ament_cmake' and name 'jaguar_full'[0m
[0.267s] [34mcolcon.colcon_core.package_identification[0m [1;30mLevel 1[0m _identify(src/jaguar_robot_full_description) by extensions ['ignore', 'ignore_ament_install']
[0.267s] [34mcolcon.colcon_core.package_identification[0m [1;30mLevel 1[0m _identify(src/jaguar_robot_full_description) by extension 'ignore'
[0.267s] [34mcolcon.colcon_core.package_identification[0m [1;30mLevel 1[0m _identify(src/jaguar_robot_full_description) by extension 'ignore_ament_install'
[0.267s] [34mcolcon.colcon_core.package_identification[0m [1;30mLevel 1[0m _identify(src/jaguar_robot_full_description) by extensions ['colcon_pkg']
[0.267s] [34mcolcon.colcon_core.package_identification[0m [1;30mLevel 1[0m _identify(src/jaguar_robot_full_description) by extension 'colcon_pkg'
[0.267s] [34mcolcon.colcon_core.package_identification[0m [1;30mLevel 1[0m _identify(src/jaguar_robot_full_description) by extensions ['colcon_meta']
[0.267s] [34mcolcon.colcon_core.package_identification[0m [1;30mLevel 1[0m _identify(src/jaguar_robot_full_description) by extension 'colcon_meta'
[0.267s] [34mcolcon.colcon_core.package_identification[0m [1;30mLevel 1[0m _identify(src/jaguar_robot_full_description) by extensions ['ros']
[0.267s] [34mcolcon.colcon_core.package_identification[0m [1;30mLevel 1[0m _identify(src/jaguar_robot_full_description) by extension 'ros'
[0.267s] [34mcolcon.colcon_core.package_identification[0m [1;30mDEBUG[0m [32mPackage 'src/jaguar_robot_full_description' with type 'ros.ament_cmake' and name 'jaguar_robot_full_description'[0m
[0.267s] [34mcolcon.colcon_core.package_identification[0m [1;30mLevel 1[0m _identify(src/jaguar_teleop) by extensions ['ignore', 'ignore_ament_install']
[0.267s] [34mcolcon.colcon_core.package_identification[0m [1;30mLevel 1[0m _identify(src/jaguar_teleop) by extension 'ignore'
[0.267s] [34mcolcon.colcon_core.package_identification[0m [1;30mLevel 1[0m _identify(src/jaguar_teleop) by extension 'ignore_ament_install'
[0.267s] [34mcolcon.colcon_core.package_identification[0m [1;30mLevel 1[0m _identify(src/jaguar_teleop) by extensions ['colcon_pkg']
[0.267s] [34mcolcon.colcon_core.package_identification[0m [1;30mLevel 1[0m _identify(src/jaguar_teleop) by extension 'colcon_pkg'
[0.267s] [34mcolcon.colcon_core.package_identification[0m [1;30mLevel 1[0m _identify(src/jaguar_teleop) by extensions ['colcon_meta']
[0.267s] [34mcolcon.colcon_core.package_identification[0m [1;30mLevel 1[0m _identify(src/jaguar_teleop) by extension 'colcon_meta'
[0.267s] [34mcolcon.colcon_core.package_identification[0m [1;30mLevel 1[0m _identify(src/jaguar_teleop) by extensions ['ros']
[0.268s] [34mcolcon.colcon_core.package_identification[0m [1;30mLevel 1[0m _identify(src/jaguar_teleop) by extension 'ros'
[0.268s] [34mcolcon.colcon_core.package_identification[0m [1;30mDEBUG[0m [32mPackage 'src/jaguar_teleop' with type 'ros.ament_python' and name 'jaguar_teleop'[0m
[0.268s] [34mcolcon.colcon_core.package_discovery[0m [1;30mLevel 1[0m discover_packages(recursive) using defaults
[0.268s] [34mcolcon.colcon_core.package_discovery[0m [1;30mLevel 1[0m discover_packages(ignore) discover
[0.268s] [34mcolcon.colcon_core.package_discovery[0m [1;30mLevel 1[0m discover_packages(ignore) using defaults
[0.268s] [34mcolcon.colcon_core.package_discovery[0m [1;30mLevel 1[0m discover_packages(path) discover
[0.268s] [34mcolcon.colcon_core.package_discovery[0m [1;30mLevel 1[0m discover_packages(path) using defaults
[0.286s] [34mcolcon.colcon_core.package_discovery[0m [1;30mLevel 1[0m discover_packages(prefix_path) check parameters
[0.286s] [34mcolcon.colcon_core.package_discovery[0m [1;30mLevel 1[0m discover_packages(prefix_path) discover
[0.289s] [34mcolcon.colcon_installed_package_information.package_discovery[0m [1;30mDEBUG[0m [32mFound 458 installed packages in /opt/ros/humble[0m
[0.290s] [34mcolcon.colcon_core.package_discovery[0m [1;30mLevel 1[0m discover_packages(prefix_path) using defaults
[0.340s] [34mcolcon.colcon_core.verb[0m [1;30mLevel 5[0m set package 'ginkgo_odrive_bridge' build argument 'cmake_args' from command line to 'None'
[0.340s] [34mcolcon.colcon_core.verb[0m [1;30mLevel 5[0m set package 'ginkgo_odrive_bridge' build argument 'cmake_target' from command line to 'None'
[0.340s] [34mcolcon.colcon_core.verb[0m [1;30mLevel 5[0m set package 'ginkgo_odrive_bridge' build argument 'cmake_target_skip_unavailable' from command line to 'False'
[0.340s] [34mcolcon.colcon_core.verb[0m [1;30mLevel 5[0m set package 'ginkgo_odrive_bridge' build argument 'cmake_clean_cache' from command line to 'False'
[0.340s] [34mcolcon.colcon_core.verb[0m [1;30mLevel 5[0m set package 'ginkgo_odrive_bridge' build argument 'cmake_clean_first' from command line to 'False'
[0.340s] [34mcolcon.colcon_core.verb[0m [1;30mLevel 5[0m set package 'ginkgo_odrive_bridge' build argument 'cmake_force_configure' from command line to 'False'
[0.340s] [34mcolcon.colcon_core.verb[0m [1;30mLevel 5[0m set package 'ginkgo_odrive_bridge' build argument 'ament_cmake_args' from command line to 'None'
[0.340s] [34mcolcon.colcon_core.verb[0m [1;30mLevel 5[0m set package 'ginkgo_odrive_bridge' build argument 'catkin_cmake_args' from command line to 'None'
[0.340s] [34mcolcon.colcon_core.verb[0m [1;30mLevel 5[0m set package 'ginkgo_odrive_bridge' build argument 'catkin_skip_building_tests' from command line to 'False'
[0.340s] [34mcolcon.colcon_core.verb[0m [1;30mDEBUG[0m [32mBuilding package 'ginkgo_odrive_bridge' with the following arguments: {'ament_cmake_args': None, 'build_base': '/home/arepo/TMR2026_Rescue/jaguar/arm/build/ginkgo_odrive_bridge', 'catkin_cmake_args': None, 'catkin_skip_building_tests': False, 'cmake_args': None, 'cmake_clean_cache': False, 'cmake_clean_first': False, 'cmake_force_configure': False, 'cmake_target': None, 'cmake_target_skip_unavailable': False, 'install_base': '/home/arepo/TMR2026_Rescue/jaguar/arm/install/ginkgo_odrive_bridge', 'merge_install': False, 'path': '/home/arepo/TMR2026_Rescue/jaguar/arm/src/ginkgo_odrive_bridge', 'symlink_install': False, 'test_result_base': None}[0m
[0.340s] [34mcolcon.colcon_core.verb[0m [1;30mLevel 5[0m set package 'jaguar_robot_full_description' build argument 'cmake_args' from command line to 'None'
[0.340s] [34mcolcon.colcon_core.verb[0m [1;30mLevel 5[0m set package 'jaguar_robot_full_description' build argument 'cmake_target' from command line to 'None'
[0.340s] [34mcolcon.colcon_core.verb[0m [1;30mLevel 5[0m set package 'jaguar_robot_full_description' build argument 'cmake_target_skip_unavailable' from command line to 'False'
[0.340s] [34mcolcon.colcon_core.verb[0m [1;30mLevel 5[0m set package 'jaguar_robot_full_description' build argument 'cmake_clean_cache' from command line to 'False'
[0.340s] [34mcolcon.colcon_core.verb[0m [1;30mLevel 5[0m set package 'jaguar_robot_full_description' build argument 'cmake_clean_first' from command line to 'False'
[0.340s] [34mcolcon.colcon_core.verb[0m [1;30mLevel 5[0m set package 'jaguar_robot_full_description' build argument 'cmake_force_configure' from command line to 'False'
[0.340s] [34mcolcon.colcon_core.verb[0m [1;30mLevel 5[0m set package 'jaguar_robot_full_description' build argument 'ament_cmake_args' from command line to 'None'
[0.340s] [34mcolcon.colcon_core.verb[0m [1;30mLevel 5[0m set package 'jaguar_robot_full_description' build argument 'catkin_cmake_args' from command line to 'None'
[0.340s] [34mcolcon.colcon_core.verb[0m [1;30mLevel 5[0m set package 'jaguar_robot_full_description' build argument 'catkin_skip_building_tests' from command line to 'False'
[0.340s] [34mcolcon.colcon_core.verb[0m [1;30mDEBUG[0m [32mBuilding package 'jaguar_robot_full_description' with the following arguments: {'ament_cmake_args': None, 'build_base': '/home/arepo/TMR2026_Rescue/jaguar/arm/build/jaguar_robot_full_description', 'catkin_cmake_args': None, 'catkin_skip_building_tests': False, 'cmake_args': None, 'cmake_clean_cache': False, 'cmake_clean_first': False, 'cmake_force_configure': False, 'cmake_target': None, 'cmake_target_skip_unavailable': False, 'install_base': '/home/arepo/TMR2026_Rescue/jaguar/arm/install/jaguar_robot_full_description', 'merge_install': False, 'path': '/home/arepo/TMR2026_Rescue/jaguar/arm/src/jaguar_robot_full_description', 'symlink_install': False, 'test_result_base': None}[0m
[0.341s] [34mcolcon.colcon_core.verb[0m [1;30mLevel 5[0m set package 'jaguar_teleop' build argument 'cmake_args' from command line to 'None'
[0.341s] [34mcolcon.colcon_core.verb[0m [1;30mLevel 5[0m set package 'jaguar_teleop' build argument 'cmake_target' from command line to 'None'
[0.341s] [34mcolcon.colcon_core.verb[0m [1;30mLevel 5[0m set package 'jaguar_teleop' build argument 'cmake_target_skip_unavailable' from command line to 'False'
[0.341s] [34mcolcon.colcon_core.verb[0m [1;30mLevel 5[0m set package 'jaguar_teleop' build argument 'cmake_clean_cache' from command line to 'False'
[0.341s] [34mcolcon.colcon_core.verb[0m [1;30mLevel 5[0m set package 'jaguar_teleop' build argument 'cmake_clean_first' from command line to 'False'
[0.341s] [34mcolcon.colcon_core.verb[0m [1;30mLevel 5[0m set package 'jaguar_teleop' build argument 'cmake_force_configure' from command line to 'False'
[0.341s] [34mcolcon.colcon_core.verb[0m [1;30mLevel 5[0m set package 'jaguar_teleop' build argument 'ament_cmake_args' from command line to 'None'
[0.341s] [34mcolcon.colcon_core.verb[0m [1;30mLevel 5[0m set package 'jaguar_teleop' build argument 'catkin_cmake_args' from command line to 'None'
[0.341s] [34mcolcon.colcon_core.verb[0m [1;30mLevel 5[0m set package 'jaguar_teleop' build argument 'catkin_skip_building_tests' from command line to 'False'
[0.341s] [34mcolcon.colcon_core.verb[0m [1;30mDEBUG[0m [32mBuilding package 'jaguar_teleop' with the following arguments: {'ament_cmake_args': None, 'build_base': '/home/arepo/TMR2026_Rescue/jaguar/arm/build/jaguar_teleop', 'catkin_cmake_args': None, 'catkin_skip_building_tests': False, 'cmake_args': None, 'cmake_clean_cache': False, 'cmake_clean_first': False, 'cmake_force_configure': False, 'cmake_target': None, 'cmake_target_skip_unavailable': False, 'install_base': '/home/arepo/TMR2026_Rescue/jaguar/arm/install/jaguar_teleop', 'merge_install': False, 'path': '/home/arepo/TMR2026_Rescue/jaguar/arm/src/jaguar_teleop', 'symlink_install': False, 'test_result_base': None}[0m
[0.341s] [34mcolcon.colcon_core.verb[0m [1;30mLevel 5[0m set package 'jaguar_full' build argument 'cmake_args' from command line to 'None'
[0.341s] [34mcolcon.colcon_core.verb[0m [1;30mLevel 5[0m set package 'jaguar_full' build argument 'cmake_target' from command line to 'None'
[0.341s] [34mcolcon.colcon_core.verb[0m [1;30mLevel 5[0m set package 'jaguar_full' build argument 'cmake_target_skip_unavailable' from command line to 'False'
[0.341s] [34mcolcon.colcon_core.verb[0m [1;30mLevel 5[0m set package 'jaguar_full' build argument 'cmake_clean_cache' from command line to 'False'
[0.341s] [34mcolcon.colcon_core.verb[0m [1;30mLevel 5[0m set package 'jaguar_full' build argument 'cmake_clean_first' from command line to 'False'
[0.341s] [34mcolcon.colcon_core.verb[0m [1;30mLevel 5[0m set package 'jaguar_full' build argument 'cmake_force_configure' from command line to 'False'
[0.341s] [34mcolcon.colcon_core.verb[0m [1;30mLevel 5[0m set package 'jaguar_full' build argument 'ament_cmake_args' from command line to 'None'
[0.341s] [34mcolcon.colcon_core.verb[0m [1;30mLevel 5[0m set package 'jaguar_full' build argument 'catkin_cmake_args' from command line to 'None'
[0.341s] [34mcolcon.colcon_core.verb[0m [1;30mLevel 5[0m set package 'jaguar_full' build argument 'catkin_skip_building_tests' from command line to 'False'
[0.341s] [34mcolcon.colcon_core.verb[0m [1;30mDEBUG[0m [32mBuilding package 'jaguar_full' with the following arguments: {'ament_cmake_args': None, 'build_base': '/home/arepo/TMR2026_Rescue/jaguar/arm/build/jaguar_full', 'catkin_cmake_args': None, 'catkin_skip_building_tests': False, 'cmake_args': None, 'cmake_clean_cache': False, 'cmake_clean_first': False, 'cmake_force_configure': False, 'cmake_target': None, 'cmake_target_skip_unavailable': False, 'install_base': '/home/arepo/TMR2026_Rescue/jaguar/arm/install/jaguar_full', 'merge_install': False, 'path': '/home/arepo/TMR2026_Rescue/jaguar/arm/src/jaguar_full', 'symlink_install': False, 'test_result_base': None}[0m
[0.341s] [34mcolcon.colcon_core.executor[0m [1;30mINFO[0m Executing jobs using 'parallel' executor
[0.342s] [34mcolcon.colcon_parallel_executor.executor.parallel[0m [1;30mDEBUG[0m [32mrun_until_complete[0m
[0.342s] [34mcolcon.colcon_ros.task.ament_cmake.build[0m [1;30mINFO[0m Building ROS package in '/home/arepo/TMR2026_Rescue/jaguar/arm/src/jaguar_robot_full_description' with build type 'ament_cmake'
[0.342s] [34mcolcon.colcon_cmake.task.cmake.build[0m [1;30mINFO[0m Building CMake package in '/home/arepo/TMR2026_Rescue/jaguar/arm/src/jaguar_robot_full_description'
[0.347s] [34mcolcon.colcon_core.plugin_system[0m [1;30mINFO[0m Skipping extension 'colcon_core.shell.bat': Not used on non-Windows systems
[0.348s] [34mcolcon.colcon_core.shell[0m [1;30mINFO[0m Skip shell extension 'powershell' for command environment: Not usable outside of PowerShell
[0.348s] [34mcolcon.colcon_core.shell[0m [1;30mDEBUG[0m [32mSkip shell extension 'dsv' for command environment[0m
[0.351s] [34mcolcon.colcon_ros.task.ament_python.build[0m [1;30mINFO[0m Building ROS package in '/home/arepo/TMR2026_Rescue/jaguar/arm/src/ginkgo_odrive_bridge' with build type 'ament_python'
[0.351s] [34mcolcon.colcon_core.shell[0m [1;30mLevel 1[0m create_environment_hook('ginkgo_odrive_bridge', 'ament_prefix_path')
[0.351s] [34mcolcon.colcon_core.shell[0m [1;30mINFO[0m Creating environment hook '/home/arepo/TMR2026_Rescue/jaguar/arm/install/ginkgo_odrive_bridge/share/ginkgo_odrive_bridge/hook/ament_prefix_path.ps1'
[0.351s] [34mcolcon.colcon_core.shell[0m [1;30mINFO[0m Creating environment descriptor '/home/arepo/TMR2026_Rescue/jaguar/arm/install/ginkgo_odrive_bridge/share/ginkgo_odrive_bridge/hook/ament_prefix_path.dsv'
[0.352s] [34mcolcon.colcon_core.shell[0m [1;30mINFO[0m Creating environment hook '/home/arepo/TMR2026_Rescue/jaguar/arm/install/ginkgo_odrive_bridge/share/ginkgo_odrive_bridge/hook/ament_prefix_path.sh'
[0.352s] [34mcolcon.colcon_core.shell[0m [1;30mINFO[0m Skip shell extension 'powershell' for command environment: Not usable outside of PowerShell
[0.352s] [34mcolcon.colcon_core.shell[0m [1;30mDEBUG[0m [32mSkip shell extension 'dsv' for command environment[0m
[0.355s] [34mcolcon.colcon_ros.task.ament_python.build[0m [1;30mINFO[0m Building ROS package in '/home/arepo/TMR2026_Rescue/jaguar/arm/src/jaguar_teleop' with build type 'ament_python'
[0.355s] [34mcolcon.colcon_core.shell[0m [1;30mLevel 1[0m create_environment_hook('jaguar_teleop', 'ament_prefix_path')
[0.355s] [34mcolcon.colcon_core.shell[0m [1;30mINFO[0m Creating environment hook '/home/arepo/TMR2026_Rescue/jaguar/arm/install/jaguar_teleop/share/jaguar_teleop/hook/ament_prefix_path.ps1'
[0.356s] [34mcolcon.colcon_core.shell[0m [1;30mINFO[0m Creating environment descriptor '/home/arepo/TMR2026_Rescue/jaguar/arm/install/jaguar_teleop/share/jaguar_teleop/hook/ament_prefix_path.dsv'
[0.356s] [34mcolcon.colcon_core.shell[0m [1;30mINFO[0m Creating environment hook '/home/arepo/TMR2026_Rescue/jaguar/arm/install/jaguar_teleop/share/jaguar_teleop/hook/ament_prefix_path.sh'
[0.356s] [34mcolcon.colcon_core.shell[0m [1;30mINFO[0m Skip shell extension 'powershell' for command environment: Not usable outside of PowerShell
[0.356s] [34mcolcon.colcon_core.shell[0m [1;30mDEBUG[0m [32mSkip shell extension 'dsv' for command environment[0m
[0.362s] [34mcolcon.colcon_core.event_handler.log_command[0m [1;30mDEBUG[0m [32mInvoking command in '/home/arepo/TMR2026_Rescue/jaguar/arm/build/jaguar_robot_full_description': CMAKE_PREFIX_PATH=/opt/ros/humble /home/arepo/.local/bin/cmake /home/arepo/TMR2026_Rescue/jaguar/arm/src/jaguar_robot_full_description -DCMAKE_INSTALL_PREFIX=/home/arepo/TMR2026_Rescue/jaguar/arm/install/jaguar_robot_full_description[0m
[0.527s] [34mcolcon.colcon_core.task.python.build[0m [1;30mINFO[0m Building Python package in '/home/arepo/TMR2026_Rescue/jaguar/arm/src/ginkgo_odrive_bridge'
[0.527s] [34mcolcon.colcon_core.shell[0m [1;30mINFO[0m Skip shell extension 'powershell' for command environment: Not usable outside of PowerShell
[0.527s] [34mcolcon.colcon_core.shell[0m [1;30mDEBUG[0m [32mSkip shell extension 'dsv' for command environment[0m
[0.693s] [34mcolcon.colcon_core.task.python.build[0m [1;30mINFO[0m Building Python package in '/home/arepo/TMR2026_Rescue/jaguar/arm/src/jaguar_teleop'
[0.693s] [34mcolcon.colcon_core.shell[0m [1;30mINFO[0m Skip shell extension 'powershell' for command environment: Not usable outside of PowerShell
[0.693s] [34mcolcon.colcon_core.shell[0m [1;30mDEBUG[0m [32mSkip shell extension 'dsv' for command environment[0m
[1.690s] [34mcolcon.colcon_core.event_handler.log_command[0m [1;30mDEBUG[0m [32mInvoking command in '/home/arepo/TMR2026_Rescue/jaguar/arm/src/jaguar_teleop': PYTHONPATH=/home/arepo/TMR2026_Rescue/jaguar/arm/build/jaguar_teleop/prefix_override:/usr/lib/python3/dist-packages/colcon_core/task/python/colcon_distutils_commands:/home/arepo/TMR2026_Rescue/jaguar/arm/install/jaguar_teleop/lib/python3.10/site-packages:${PYTHONPATH} /usr/bin/python3 -W ignore:setup.py install is deprecated -W ignore:easy_install command is deprecated setup.py egg_info --egg-base ../../build/jaguar_teleop build --build-base /home/arepo/TMR2026_Rescue/jaguar/arm/build/jaguar_teleop/build install --record /home/arepo/TMR2026_Rescue/jaguar/arm/build/jaguar_teleop/install.log --single-version-externally-managed install_data[0m
[1.691s] [34mcolcon.colcon_core.event_handler.log_command[0m [1;30mDEBUG[0m [32mInvoking command in '/home/arepo/TMR2026_Rescue/jaguar/arm/src/ginkgo_odrive_bridge': PYTHONPATH=/home/arepo/TMR2026_Rescue/jaguar/arm/build/ginkgo_odrive_bridge/prefix_override:/usr/lib/python3/dist-packages/colcon_core/task/python/colcon_distutils_commands:/home/arepo/TMR2026_Rescue/jaguar/arm/install/ginkgo_odrive_bridge/lib/python3.10/site-packages:${PYTHONPATH} /usr/bin/python3 -W ignore:setup.py install is deprecated -W ignore:easy_install command is deprecated setup.py egg_info --egg-base ../../build/ginkgo_odrive_bridge build --build-base /home/arepo/TMR2026_Rescue/jaguar/arm/build/ginkgo_odrive_bridge/build install --record /home/arepo/TMR2026_Rescue/jaguar/arm/build/ginkgo_odrive_bridge/install.log --single-version-externally-managed install_data[0m
[1.697s] [34mcolcon.colcon_core.event_handler.log_command[0m [1;30mDEBUG[0m [32mInvoked command in '/home/arepo/TMR2026_Rescue/jaguar/arm/build/jaguar_robot_full_description' returned '0': CMAKE_PREFIX_PATH=/opt/ros/humble /home/arepo/.local/bin/cmake /home/arepo/TMR2026_Rescue/jaguar/arm/src/jaguar_robot_full_description -DCMAKE_INSTALL_PREFIX=/home/arepo/TMR2026_Rescue/jaguar/arm/install/jaguar_robot_full_description[0m
[1.699s] [34mcolcon.colcon_core.event_handler.log_command[0m [1;30mDEBUG[0m [32mInvoking command in '/home/arepo/TMR2026_Rescue/jaguar/arm/build/jaguar_robot_full_description': CMAKE_PREFIX_PATH=/opt/ros/humble /home/arepo/.local/bin/cmake --build /home/arepo/TMR2026_Rescue/jaguar/arm/build/jaguar_robot_full_description -- -j16 -l16[0m
[1.773s] [34mcolcon.colcon_core.event_handler.log_command[0m [1;30mDEBUG[0m [32mInvoked command in '/home/arepo/TMR2026_Rescue/jaguar/arm/build/jaguar_robot_full_description' returned '0': CMAKE_PREFIX_PATH=/opt/ros/humble /home/arepo/.local/bin/cmake --build /home/arepo/TMR2026_Rescue/jaguar/arm/build/jaguar_robot_full_description -- -j16 -l16[0m
[1.836s] [34mcolcon.colcon_core.event_handler.log_command[0m [1;30mDEBUG[0m [32mInvoking command in '/home/arepo/TMR2026_Rescue/jaguar/arm/build/jaguar_robot_full_description': CMAKE_PREFIX_PATH=/opt/ros/humble /home/arepo/.local/bin/cmake --install /home/arepo/TMR2026_Rescue/jaguar/arm/build/jaguar_robot_full_description[0m
[1.957s] [34mcolcon.colcon_core.environment[0m [1;30mLevel 1[0m create_environment_scripts_only(jaguar_robot_full_description)
[1.958s] [34mcolcon.colcon_core.event_handler.log_command[0m [1;30mDEBUG[0m [32mInvoked command in '/home/arepo/TMR2026_Rescue/jaguar/arm/build/jaguar_robot_full_description' returned '0': CMAKE_PREFIX_PATH=/opt/ros/humble /home/arepo/.local/bin/cmake --install /home/arepo/TMR2026_Rescue/jaguar/arm/build/jaguar_robot_full_description[0m
[1.961s] [34mcolcon.colcon_core.environment[0m [1;30mLevel 1[0m checking '/home/arepo/TMR2026_Rescue/jaguar/arm/install/jaguar_robot_full_description' for CMake module files
[1.963s] [34mcolcon.colcon_core.environment[0m [1;30mLevel 1[0m checking '/home/arepo/TMR2026_Rescue/jaguar/arm/install/jaguar_robot_full_description' for CMake config files
[1.963s] [34mcolcon.colcon_core.shell[0m [1;30mLevel 1[0m create_environment_hook('jaguar_robot_full_description', 'cmake_prefix_path')
[1.963s] [34mcolcon.colcon_core.shell[0m [1;30mINFO[0m Creating environment hook '/home/arepo/TMR2026_Rescue/jaguar/arm/install/jaguar_robot_full_description/share/jaguar_robot_full_description/hook/cmake_prefix_path.ps1'
[1.964s] [34mcolcon.colcon_core.shell[0m [1;30mINFO[0m Creating environment descriptor '/home/arepo/TMR2026_Rescue/jaguar/arm/install/jaguar_robot_full_description/share/jaguar_robot_full_description/hook/cmake_prefix_path.dsv'
[1.965s] [34mcolcon.colcon_core.shell[0m [1;30mINFO[0m Creating environment hook '/home/arepo/TMR2026_Rescue/jaguar/arm/install/jaguar_robot_full_description/share/jaguar_robot_full_description/hook/cmake_prefix_path.sh'
[1.966s] [34mcolcon.colcon_core.environment[0m [1;30mLevel 1[0m checking '/home/arepo/TMR2026_Rescue/jaguar/arm/install/jaguar_robot_full_description/bin'
[1.966s] [34mcolcon.colcon_core.environment[0m [1;30mLevel 1[0m checking '/home/arepo/TMR2026_Rescue/jaguar/arm/install/jaguar_robot_full_description/lib/pkgconfig/jaguar_robot_full_description.pc'
[1.966s] [34mcolcon.colcon_core.environment[0m [1;30mLevel 1[0m checking '/home/arepo/TMR2026_Rescue/jaguar/arm/install/jaguar_robot_full_description/lib/python3.10/site-packages'
[1.966s] [34mcolcon.colcon_core.environment[0m [1;30mLevel 1[0m checking '/home/arepo/TMR2026_Rescue/jaguar/arm/install/jaguar_robot_full_description/bin'
[1.966s] [34mcolcon.colcon_core.shell[0m [1;30mINFO[0m Creating package script '/home/arepo/TMR2026_Rescue/jaguar/arm/install/jaguar_robot_full_description/share/jaguar_robot_full_description/package.ps1'
[1.967s] [34mcolcon.colcon_core.shell[0m [1;30mINFO[0m Creating package descriptor '/home/arepo/TMR2026_Rescue/jaguar/arm/install/jaguar_robot_full_description/share/jaguar_robot_full_description/package.dsv'
[1.968s] [34mcolcon.colcon_core.shell[0m [1;30mINFO[0m Creating package script '/home/arepo/TMR2026_Rescue/jaguar/arm/install/jaguar_robot_full_description/share/jaguar_robot_full_description/package.sh'
[1.969s] [34mcolcon.colcon_core.shell[0m [1;30mINFO[0m Creating package script '/home/arepo/TMR2026_Rescue/jaguar/arm/install/jaguar_robot_full_description/share/jaguar_robot_full_description/package.bash'
[1.969s] [34mcolcon.colcon_core.shell[0m [1;30mINFO[0m Creating package script '/home/arepo/TMR2026_Rescue/jaguar/arm/install/jaguar_robot_full_description/share/jaguar_robot_full_description/package.zsh'
[1.970s] [34mcolcon.colcon_core.environment[0m [1;30mLevel 1[0m create_file_with_runtime_dependencies(/home/arepo/TMR2026_Rescue/jaguar/arm/install/jaguar_robot_full_description/share/colcon-core/packages/jaguar_robot_full_description)
[1.970s] [34mcolcon.colcon_core.environment[0m [1;30mLevel 1[0m create_environment_scripts_only(jaguar_robot_full_description)
[1.971s] [34mcolcon.colcon_core.environment[0m [1;30mLevel 1[0m checking '/home/arepo/TMR2026_Rescue/jaguar/arm/install/jaguar_robot_full_description' for CMake module files
[1.971s] [34mcolcon.colcon_core.environment[0m [1;30mLevel 1[0m checking '/home/arepo/TMR2026_Rescue/jaguar/arm/install/jaguar_robot_full_description' for CMake config files
[1.971s] [34mcolcon.colcon_core.shell[0m [1;30mLevel 1[0m create_environment_hook('jaguar_robot_full_description', 'cmake_prefix_path')
[1.971s] [34mcolcon.colcon_core.shell[0m [1;30mINFO[0m Creating environment hook '/home/arepo/TMR2026_Rescue/jaguar/arm/install/jaguar_robot_full_description/share/jaguar_robot_full_description/hook/cmake_prefix_path.ps1'
[1.972s] [34mcolcon.colcon_core.shell[0m [1;30mINFO[0m Creating environment descriptor '/home/arepo/TMR2026_Rescue/jaguar/arm/install/jaguar_robot_full_description/share/jaguar_robot_full_description/hook/cmake_prefix_path.dsv'
[1.972s] [34mcolcon.colcon_core.shell[0m [1;30mINFO[0m Creating environment hook '/home/arepo/TMR2026_Rescue/jaguar/arm/install/jaguar_robot_full_description/share/jaguar_robot_full_description/hook/cmake_prefix_path.sh'
[1.972s] [34mcolcon.colcon_core.environment[0m [1;30mLevel 1[0m checking '/home/arepo/TMR2026_Rescue/jaguar/arm/install/jaguar_robot_full_description/bin'
[1.972s] [34mcolcon.colcon_core.environment[0m [1;30mLevel 1[0m checking '/home/arepo/TMR2026_Rescue/jaguar/arm/install/jaguar_robot_full_description/lib/pkgconfig/jaguar_robot_full_description.pc'
[1.972s] [34mcolcon.colcon_core.environment[0m [1;30mLevel 1[0m checking '/home/arepo/TMR2026_Rescue/jaguar/arm/install/jaguar_robot_full_description/lib/python3.10/site-packages'
[1.973s] [34mcolcon.colcon_core.environment[0m [1;30mLevel 1[0m checking '/home/arepo/TMR2026_Rescue/jaguar/arm/install/jaguar_robot_full_description/bin'
[1.973s] [34mcolcon.colcon_core.shell[0m [1;30mINFO[0m Creating package script '/home/arepo/TMR2026_Rescue/jaguar/arm/install/jaguar_robot_full_description/share/jaguar_robot_full_description/package.ps1'
[1.973s] [34mcolcon.colcon_core.shell[0m [1;30mINFO[0m Creating package descriptor '/home/arepo/TMR2026_Rescue/jaguar/arm/install/jaguar_robot_full_description/share/jaguar_robot_full_description/package.dsv'
[1.974s] [34mcolcon.colcon_core.shell[0m [1;30mINFO[0m Creating package script '/home/arepo/TMR2026_Rescue/jaguar/arm/install/jaguar_robot_full_description/share/jaguar_robot_full_description/package.sh'
[1.974s] [34mcolcon.colcon_core.shell[0m [1;30mINFO[0m Creating package script '/home/arepo/TMR2026_Rescue/jaguar/arm/install/jaguar_robot_full_description/share/jaguar_robot_full_description/package.bash'
[1.974s] [34mcolcon.colcon_core.shell[0m [1;30mINFO[0m Creating package script '/home/arepo/TMR2026_Rescue/jaguar/arm/install/jaguar_robot_full_description/share/jaguar_robot_full_description/package.zsh'
[1.974s] [34mcolcon.colcon_core.environment[0m [1;30mLevel 1[0m create_file_with_runtime_dependencies(/home/arepo/TMR2026_Rescue/jaguar/arm/install/jaguar_robot_full_description/share/colcon-core/packages/jaguar_robot_full_description)
[1.975s] [34mcolcon.colcon_ros.task.ament_cmake.build[0m [1;30mINFO[0m Building ROS package in '/home/arepo/TMR2026_Rescue/jaguar/arm/src/jaguar_full' with build type 'ament_cmake'
[1.975s] [34mcolcon.colcon_cmake.task.cmake.build[0m [1;30mINFO[0m Building CMake package in '/home/arepo/TMR2026_Rescue/jaguar/arm/src/jaguar_full'
[1.975s] [34mcolcon.colcon_core.shell[0m [1;30mINFO[0m Skip shell extension 'powershell' for command environment: Not usable outside of PowerShell
[1.975s] [34mcolcon.colcon_core.shell[0m [1;30mDEBUG[0m [32mSkip shell extension 'dsv' for command environment[0m
[1.982s] [34mcolcon.colcon_core.event_handler.log_command[0m [1;30mDEBUG[0m [32mInvoking command in '/home/arepo/TMR2026_Rescue/jaguar/arm/build/jaguar_full': AMENT_PREFIX_PATH=/home/arepo/TMR2026_Rescue/jaguar/arm/install/jaguar_robot_full_description:${AMENT_PREFIX_PATH} CMAKE_PREFIX_PATH=/home/arepo/TMR2026_Rescue/jaguar/arm/install/jaguar_robot_full_description:/opt/ros/humble /home/arepo/.local/bin/cmake /home/arepo/TMR2026_Rescue/jaguar/arm/src/jaguar_full -DCMAKE_INSTALL_PREFIX=/home/arepo/TMR2026_Rescue/jaguar/arm/install/jaguar_full[0m
[2.215s] [34mcolcon.colcon_core.environment[0m [1;30mLevel 1[0m checking '/home/arepo/TMR2026_Rescue/jaguar/arm/install/ginkgo_odrive_bridge' for CMake module files
[2.215s] [34mcolcon.colcon_core.event_handler.log_command[0m [1;30mDEBUG[0m [32mInvoked command in '/home/arepo/TMR2026_Rescue/jaguar/arm/src/ginkgo_odrive_bridge' returned '0': PYTHONPATH=/home/arepo/TMR2026_Rescue/jaguar/arm/build/ginkgo_odrive_bridge/prefix_override:/usr/lib/python3/dist-packages/colcon_core/task/python/colcon_distutils_commands:/home/arepo/TMR2026_Rescue/jaguar/arm/install/ginkgo_odrive_bridge/lib/python3.10/site-packages:${PYTHONPATH} /usr/bin/python3 -W ignore:setup.py install is deprecated -W ignore:easy_install command is deprecated setup.py egg_info --egg-base ../../build/ginkgo_odrive_bridge build --build-base /home/arepo/TMR2026_Rescue/jaguar/arm/build/ginkgo_odrive_bridge/build install --record /home/arepo/TMR2026_Rescue/jaguar/arm/build/ginkgo_odrive_bridge/install.log --single-version-externally-managed install_data[0m
[2.216s] [34mcolcon.colcon_core.environment[0m [1;30mLevel 1[0m checking '/home/arepo/TMR2026_Rescue/jaguar/arm/install/ginkgo_odrive_bridge' for CMake config files
[2.216s] [34mcolcon.colcon_core.environment[0m [1;30mLevel 1[0m checking '/home/arepo/TMR2026_Rescue/jaguar/arm/install/ginkgo_odrive_bridge/lib'
[2.217s] [34mcolcon.colcon_core.environment[0m [1;30mLevel 1[0m checking '/home/arepo/TMR2026_Rescue/jaguar/arm/install/ginkgo_odrive_bridge/bin'
[2.217s] [34mcolcon.colcon_core.environment[0m [1;30mLevel 1[0m checking '/home/arepo/TMR2026_Rescue/jaguar/arm/install/ginkgo_odrive_bridge/lib/pkgconfig/ginkgo_odrive_bridge.pc'
[2.217s] [34mcolcon.colcon_core.environment[0m [1;30mLevel 1[0m checking '/home/arepo/TMR2026_Rescue/jaguar/arm/install/ginkgo_odrive_bridge/lib/python3.10/site-packages'
[2.217s] [34mcolcon.colcon_core.shell[0m [1;30mLevel 1[0m create_environment_hook('ginkgo_odrive_bridge', 'pythonpath')
[2.217s] [34mcolcon.colcon_core.shell[0m [1;30mINFO[0m Creating environment hook '/home/arepo/TMR2026_Rescue/jaguar/arm/install/ginkgo_odrive_bridge/share/ginkgo_odrive_bridge/hook/pythonpath.ps1'
[2.217s] [34mcolcon.colcon_core.shell[0m [1;30mINFO[0m Creating environment descriptor '/home/arepo/TMR2026_Rescue/jaguar/arm/install/ginkgo_odrive_bridge/share/ginkgo_odrive_bridge/hook/pythonpath.dsv'
[2.218s] [34mcolcon.colcon_core.shell[0m [1;30mINFO[0m Creating environment hook '/home/arepo/TMR2026_Rescue/jaguar/arm/install/ginkgo_odrive_bridge/share/ginkgo_odrive_bridge/hook/pythonpath.sh'
[2.218s] [34mcolcon.colcon_core.environment[0m [1;30mLevel 1[0m checking '/home/arepo/TMR2026_Rescue/jaguar/arm/install/ginkgo_odrive_bridge/bin'
[2.218s] [34mcolcon.colcon_core.environment[0m [1;30mLevel 1[0m create_environment_scripts_only(ginkgo_odrive_bridge)
[2.218s] [34mcolcon.colcon_core.shell[0m [1;30mINFO[0m Creating package script '/home/arepo/TMR2026_Rescue/jaguar/arm/install/ginkgo_odrive_bridge/share/ginkgo_odrive_bridge/package.ps1'
[2.219s] [34mcolcon.colcon_core.shell[0m [1;30mINFO[0m Creating package descriptor '/home/arepo/TMR2026_Rescue/jaguar/arm/install/ginkgo_odrive_bridge/share/ginkgo_odrive_bridge/package.dsv'
[2.219s] [34mcolcon.colcon_core.shell[0m [1;30mINFO[0m Creating package script '/home/arepo/TMR2026_Rescue/jaguar/arm/install/ginkgo_odrive_bridge/share/ginkgo_odrive_bridge/package.sh'
[2.219s] [34mcolcon.colcon_core.shell[0m [1;30mINFO[0m Creating package script '/home/arepo/TMR2026_Rescue/jaguar/arm/install/ginkgo_odrive_bridge/share/ginkgo_odrive_bridge/package.bash'
[2.219s] [34mcolcon.colcon_core.shell[0m [1;30mINFO[0m Creating package script '/home/arepo/TMR2026_Rescue/jaguar/arm/install/ginkgo_odrive_bridge/share/ginkgo_odrive_bridge/package.zsh'
[2.220s] [34mcolcon.colcon_core.environment[0m [1;30mLevel 1[0m create_file_with_runtime_dependencies(/home/arepo/TMR2026_Rescue/jaguar/arm/install/ginkgo_odrive_bridge/share/colcon-core/packages/ginkgo_odrive_bridge)
[2.221s] [34mcolcon.colcon_core.environment[0m [1;30mLevel 1[0m checking '/home/arepo/TMR2026_Rescue/jaguar/arm/install/jaguar_teleop' for CMake module files
[2.221s] [34mcolcon.colcon_core.event_handler.log_command[0m [1;30mDEBUG[0m [32mInvoked command in '/home/arepo/TMR2026_Rescue/jaguar/arm/src/jaguar_teleop' returned '0': PYTHONPATH=/home/arepo/TMR2026_Rescue/jaguar/arm/build/jaguar_teleop/prefix_override:/usr/lib/python3/dist-packages/colcon_core/task/python/colcon_distutils_commands:/home/arepo/TMR2026_Rescue/jaguar/arm/install/jaguar_teleop/lib/python3.10/site-packages:${PYTHONPATH} /usr/bin/python3 -W ignore:setup.py install is deprecated -W ignore:easy_install command is deprecated setup.py egg_info --egg-base ../../build/jaguar_teleop build --build-base /home/arepo/TMR2026_Rescue/jaguar/arm/build/jaguar_teleop/build install --record /home/arepo/TMR2026_Rescue/jaguar/arm/build/jaguar_teleop/install.log --single-version-externally-managed install_data[0m
[2.221s] [34mcolcon.colcon_core.environment[0m [1;30mLevel 1[0m checking '/home/arepo/TMR2026_Rescue/jaguar/arm/install/jaguar_teleop' for CMake config files
[2.222s] [34mcolcon.colcon_core.environment[0m [1;30mLevel 1[0m checking '/home/arepo/TMR2026_Rescue/jaguar/arm/install/jaguar_teleop/lib'
[2.222s] [34mcolcon.colcon_core.environment[0m [1;30mLevel 1[0m checking '/home/arepo/TMR2026_Rescue/jaguar/arm/install/jaguar_teleop/bin'
[2.222s] [34mcolcon.colcon_core.environment[0m [1;30mLevel 1[0m checking '/home/arepo/TMR2026_Rescue/jaguar/arm/install/jaguar_teleop/lib/pkgconfig/jaguar_teleop.pc'
[2.222s] [34mcolcon.colcon_core.environment[0m [1;30mLevel 1[0m checking '/home/arepo/TMR2026_Rescue/jaguar/arm/install/jaguar_teleop/lib/python3.10/site-packages'
[2.222s] [34mcolcon.colcon_core.shell[0m [1;30mLevel 1[0m create_environment_hook('jaguar_teleop', 'pythonpath')
[2.222s] [34mcolcon.colcon_core.shell[0m [1;30mINFO[0m Creating environment hook '/home/arepo/TMR2026_Rescue/jaguar/arm/install/jaguar_teleop/share/jaguar_teleop/hook/pythonpath.ps1'
[2.222s] [34mcolcon.colcon_core.shell[0m [1;30mINFO[0m Creating environment descriptor '/home/arepo/TMR2026_Rescue/jaguar/arm/install/jaguar_teleop/share/jaguar_teleop/hook/pythonpath.dsv'
[2.223s] [34mcolcon.colcon_core.shell[0m [1;30mINFO[0m Creating environment hook '/home/arepo/TMR2026_Rescue/jaguar/arm/install/jaguar_teleop/share/jaguar_teleop/hook/pythonpath.sh'
[2.223s] [34mcolcon.colcon_core.environment[0m [1;30mLevel 1[0m checking '/home/arepo/TMR2026_Rescue/jaguar/arm/install/jaguar_teleop/bin'
[2.223s] [34mcolcon.colcon_core.environment[0m [1;30mLevel 1[0m create_environment_scripts_only(jaguar_teleop)
[2.223s] [34mcolcon.colcon_core.shell[0m [1;30mINFO[0m Creating package script '/home/arepo/TMR2026_Rescue/jaguar/arm/install/jaguar_teleop/share/jaguar_teleop/package.ps1'
[2.224s] [34mcolcon.colcon_core.shell[0m [1;30mINFO[0m Creating package descriptor '/home/arepo/TMR2026_Rescue/jaguar/arm/install/jaguar_teleop/share/jaguar_teleop/package.dsv'
[2.224s] [34mcolcon.colcon_core.shell[0m [1;30mINFO[0m Creating package script '/home/arepo/TMR2026_Rescue/jaguar/arm/install/jaguar_teleop/share/jaguar_teleop/package.sh'
[2.224s] [34mcolcon.colcon_core.shell[0m [1;30mINFO[0m Creating package script '/home/arepo/TMR2026_Rescue/jaguar/arm/install/jaguar_teleop/share/jaguar_teleop/package.bash'
[2.225s] [34mcolcon.colcon_core.shell[0m [1;30mINFO[0m Creating package script '/home/arepo/TMR2026_Rescue/jaguar/arm/install/jaguar_teleop/share/jaguar_teleop/package.zsh'
[2.225s] [34mcolcon.colcon_core.environment[0m [1;30mLevel 1[0m create_file_with_runtime_dependencies(/home/arepo/TMR2026_Rescue/jaguar/arm/install/jaguar_teleop/share/colcon-core/packages/jaguar_teleop)
[2.578s] [34mcolcon.colcon_core.event_handler.log_command[0m [1;30mDEBUG[0m [32mInvoked command in '/home/arepo/TMR2026_Rescue/jaguar/arm/build/jaguar_full' returned '0': AMENT_PREFIX_PATH=/home/arepo/TMR2026_Rescue/jaguar/arm/install/jaguar_robot_full_description:${AMENT_PREFIX_PATH} CMAKE_PREFIX_PATH=/home/arepo/TMR2026_Rescue/jaguar/arm/install/jaguar_robot_full_description:/opt/ros/humble /home/arepo/.local/bin/cmake /home/arepo/TMR2026_Rescue/jaguar/arm/src/jaguar_full -DCMAKE_INSTALL_PREFIX=/home/arepo/TMR2026_Rescue/jaguar/arm/install/jaguar_full[0m
[2.580s] [34mcolcon.colcon_core.event_handler.log_command[0m [1;30mDEBUG[0m [32mInvoking command in '/home/arepo/TMR2026_Rescue/jaguar/arm/build/jaguar_full': AMENT_PREFIX_PATH=/home/arepo/TMR2026_Rescue/jaguar/arm/install/jaguar_robot_full_description:${AMENT_PREFIX_PATH} CMAKE_PREFIX_PATH=/home/arepo/TMR2026_Rescue/jaguar/arm/install/jaguar_robot_full_description:/opt/ros/humble /home/arepo/.local/bin/cmake --build /home/arepo/TMR2026_Rescue/jaguar/arm/build/jaguar_full -- -j16 -l16[0m
[2.651s] [34mcolcon.colcon_core.event_handler.log_command[0m [1;30mDEBUG[0m [32mInvoked command in '/home/arepo/TMR2026_Rescue/jaguar/arm/build/jaguar_full' returned '0': AMENT_PREFIX_PATH=/home/arepo/TMR2026_Rescue/jaguar/arm/install/jaguar_robot_full_description:${AMENT_PREFIX_PATH} CMAKE_PREFIX_PATH=/home/arepo/TMR2026_Rescue/jaguar/arm/install/jaguar_robot_full_description:/opt/ros/humble /home/arepo/.local/bin/cmake --build /home/arepo/TMR2026_Rescue/jaguar/arm/build/jaguar_full -- -j16 -l16[0m
[2.652s] [34mcolcon.colcon_core.event_handler.log_command[0m [1;30mDEBUG[0m [32mInvoking command in '/home/arepo/TMR2026_Rescue/jaguar/arm/build/jaguar_full': AMENT_PREFIX_PATH=/home/arepo/TMR2026_Rescue/jaguar/arm/install/jaguar_robot_full_description:${AMENT_PREFIX_PATH} CMAKE_PREFIX_PATH=/home/arepo/TMR2026_Rescue/jaguar/arm/install/jaguar_robot_full_description:/opt/ros/humble /home/arepo/.local/bin/cmake --install /home/arepo/TMR2026_Rescue/jaguar/arm/build/jaguar_full[0m
[2.715s] [34mcolcon.colcon_core.environment[0m [1;30mLevel 1[0m create_environment_scripts_only(jaguar_full)
[2.716s] [34mcolcon.colcon_core.event_handler.log_command[0m [1;30mDEBUG[0m [32mInvoked command in '/home/arepo/TMR2026_Rescue/jaguar/arm/build/jaguar_full' returned '0': AMENT_PREFIX_PATH=/home/arepo/TMR2026_Rescue/jaguar/arm/install/jaguar_robot_full_description:${AMENT_PREFIX_PATH} CMAKE_PREFIX_PATH=/home/arepo/TMR2026_Rescue/jaguar/arm/install/jaguar_robot_full_description:/opt/ros/humble /home/arepo/.local/bin/cmake --install /home/arepo/TMR2026_Rescue/jaguar/arm/build/jaguar_full[0m
[2.716s] [34mcolcon.colcon_core.environment[0m [1;30mLevel 1[0m checking '/home/arepo/TMR2026_Rescue/jaguar/arm/install/jaguar_full' for CMake module files
[2.717s] [34mcolcon.colcon_core.environment[0m [1;30mLevel 1[0m checking '/home/arepo/TMR2026_Rescue/jaguar/arm/install/jaguar_full' for CMake config files
[2.717s] [34mcolcon.colcon_core.shell[0m [1;30mLevel 1[0m create_environment_hook('jaguar_full', 'cmake_prefix_path')
[2.717s] [34mcolcon.colcon_core.shell[0m [1;30mINFO[0m Creating environment hook '/home/arepo/TMR2026_Rescue/jaguar/arm/install/jaguar_full/share/jaguar_full/hook/cmake_prefix_path.ps1'
[2.717s] [34mcolcon.colcon_core.shell[0m [1;30mINFO[0m Creating environment descriptor '/home/arepo/TMR2026_Rescue/jaguar/arm/install/jaguar_full/share/jaguar_full/hook/cmake_prefix_path.dsv'
[2.717s] [34mcolcon.colcon_core.shell[0m [1;30mINFO[0m Creating environment hook '/home/arepo/TMR2026_Rescue/jaguar/arm/install/jaguar_full/share/jaguar_full/hook/cmake_prefix_path.sh'
[2.718s] [34mcolcon.colcon_core.environment[0m [1;30mLevel 1[0m checking '/home/arepo/TMR2026_Rescue/jaguar/arm/install/jaguar_full/bin'
[2.718s] [34mcolcon.colcon_core.environment[0m [1;30mLevel 1[0m checking '/home/arepo/TMR2026_Rescue/jaguar/arm/install/jaguar_full/lib/pkgconfig/jaguar_full.pc'
[2.718s] [34mcolcon.colcon_core.environment[0m [1;30mLevel 1[0m checking '/home/arepo/TMR2026_Rescue/jaguar/arm/install/jaguar_full/lib/python3.10/site-packages'
[2.718s] [34mcolcon.colcon_core.environment[0m [1;30mLevel 1[0m checking '/home/arepo/TMR2026_Rescue/jaguar/arm/install/jaguar_full/bin'
[2.718s] [34mcolcon.colcon_core.shell[0m [1;30mINFO[0m Creating package script '/home/arepo/TMR2026_Rescue/jaguar/arm/install/jaguar_full/share/jaguar_full/package.ps1'
[2.719s] [34mcolcon.colcon_core.shell[0m [1;30mINFO[0m Creating package descriptor '/home/arepo/TMR2026_Rescue/jaguar/arm/install/jaguar_full/share/jaguar_full/package.dsv'
[2.719s] [34mcolcon.colcon_core.shell[0m [1;30mINFO[0m Creating package script '/home/arepo/TMR2026_Rescue/jaguar/arm/install/jaguar_full/share/jaguar_full/package.sh'
[2.719s] [34mcolcon.colcon_core.shell[0m [1;30mINFO[0m Creating package script '/home/arepo/TMR2026_Rescue/jaguar/arm/install/jaguar_full/share/jaguar_full/package.bash'
[2.719s] [34mcolcon.colcon_core.shell[0m [1;30mINFO[0m Creating package script '/home/arepo/TMR2026_Rescue/jaguar/arm/install/jaguar_full/share/jaguar_full/package.zsh'
[2.720s] [34mcolcon.colcon_core.environment[0m [1;30mLevel 1[0m create_file_with_runtime_dependencies(/home/arepo/TMR2026_Rescue/jaguar/arm/install/jaguar_full/share/colcon-core/packages/jaguar_full)
[2.720s] [34mcolcon.colcon_core.environment[0m [1;30mLevel 1[0m create_environment_scripts_only(jaguar_full)
[2.720s] [34mcolcon.colcon_core.environment[0m [1;30mLevel 1[0m checking '/home/arepo/TMR2026_Rescue/jaguar/arm/install/jaguar_full' for CMake module files
[2.720s] [34mcolcon.colcon_core.environment[0m [1;30mLevel 1[0m checking '/home/arepo/TMR2026_Rescue/jaguar/arm/install/jaguar_full' for CMake config files
[2.720s] [34mcolcon.colcon_core.shell[0m [1;30mLevel 1[0m create_environment_hook('jaguar_full', 'cmake_prefix_path')
[2.721s] [34mcolcon.colcon_core.shell[0m [1;30mINFO[0m Creating environment hook '/home/arepo/TMR2026_Rescue/jaguar/arm/install/jaguar_full/share/jaguar_full/hook/cmake_prefix_path.ps1'
[2.721s] [34mcolcon.colcon_core.shell[0m [1;30mINFO[0m Creating environment descriptor '/home/arepo/TMR2026_Rescue/jaguar/arm/install/jaguar_full/share/jaguar_full/hook/cmake_prefix_path.dsv'
[2.721s] [34mcolcon.colcon_core.shell[0m [1;30mINFO[0m Creating environment hook '/home/arepo/TMR2026_Rescue/jaguar/arm/install/jaguar_full/share/jaguar_full/hook/cmake_prefix_path.sh'
[2.721s] [34mcolcon.colcon_core.environment[0m [1;30mLevel 1[0m checking '/home/arepo/TMR2026_Rescue/jaguar/arm/install/jaguar_full/bin'
[2.721s] [34mcolcon.colcon_core.environment[0m [1;30mLevel 1[0m checking '/home/arepo/TMR2026_Rescue/jaguar/arm/install/jaguar_full/lib/pkgconfig/jaguar_full.pc'
[2.722s] [34mcolcon.colcon_core.environment[0m [1;30mLevel 1[0m checking '/home/arepo/TMR2026_Rescue/jaguar/arm/install/jaguar_full/lib/python3.10/site-packages'
[2.722s] [34mcolcon.colcon_core.environment[0m [1;30mLevel 1[0m checking '/home/arepo/TMR2026_Rescue/jaguar/arm/install/jaguar_full/bin'
[2.722s] [34mcolcon.colcon_core.shell[0m [1;30mINFO[0m Creating package script '/home/arepo/TMR2026_Rescue/jaguar/arm/install/jaguar_full/share/jaguar_full/package.ps1'
[2.722s] [34mcolcon.colcon_core.shell[0m [1;30mINFO[0m Creating package descriptor '/home/arepo/TMR2026_Rescue/jaguar/arm/install/jaguar_full/share/jaguar_full/package.dsv'
[2.723s] [34mcolcon.colcon_core.shell[0m [1;30mINFO[0m Creating package script '/home/arepo/TMR2026_Rescue/jaguar/arm/install/jaguar_full/share/jaguar_full/package.sh'
[2.723s] [34mcolcon.colcon_core.shell[0m [1;30mINFO[0m Creating package script '/home/arepo/TMR2026_Rescue/jaguar/arm/install/jaguar_full/share/jaguar_full/package.bash'
[2.723s] [34mcolcon.colcon_core.shell[0m [1;30mINFO[0m Creating package script '/home/arepo/TMR2026_Rescue/jaguar/arm/install/jaguar_full/share/jaguar_full/package.zsh'
[2.723s] [34mcolcon.colcon_core.environment[0m [1;30mLevel 1[0m create_file_with_runtime_dependencies(/home/arepo/TMR2026_Rescue/jaguar/arm/install/jaguar_full/share/colcon-core/packages/jaguar_full)
[2.723s] [34mcolcon.colcon_parallel_executor.executor.parallel[0m [1;30mDEBUG[0m [32mclosing loop[0m
[2.724s] [34mcolcon.colcon_parallel_executor.executor.parallel[0m [1;30mDEBUG[0m [32mloop closed[0m
[2.724s] [34mcolcon.colcon_parallel_executor.executor.parallel[0m [1;30mDEBUG[0m [32mrun_until_complete finished with '0'[0m
[2.724s] [34mcolcon.colcon_core.event_reactor[0m [1;30mDEBUG[0m [32mjoining thread[0m
[2.729s] [34mcolcon.colcon_core.plugin_system[0m [1;30mINFO[0m Skipping extension 'colcon_notification.desktop_notification.terminal_notifier': Not used on non-Darwin systems
[2.729s] [34mcolcon.colcon_core.plugin_system[0m [1;30mINFO[0m Skipping extension 'colcon_notification.desktop_notification.win32': Not used on non-Windows systems
[2.729s] [34mcolcon.colcon_notification.desktop_notification[0m [1;30mINFO[0m Sending desktop notification using 'notify2'
[2.746s] [34mcolcon.colcon_core.event_reactor[0m [1;30mDEBUG[0m [32mjoined thread[0m
[2.747s] [34mcolcon.colcon_core.shell[0m [1;30mINFO[0m Creating prefix script '/home/arepo/TMR2026_Rescue/jaguar/arm/install/local_setup.ps1'
[2.748s] [34mcolcon.colcon_core.shell[0m [1;30mINFO[0m Creating prefix util module '/home/arepo/TMR2026_Rescue/jaguar/arm/install/_local_setup_util_ps1.py'
[2.749s] [34mcolcon.colcon_core.shell[0m [1;30mINFO[0m Creating prefix chain script '/home/arepo/TMR2026_Rescue/jaguar/arm/install/setup.ps1'
[2.750s] [34mcolcon.colcon_core.shell[0m [1;30mINFO[0m Creating prefix script '/home/arepo/TMR2026_Rescue/jaguar/arm/install/local_setup.sh'
[2.751s] [34mcolcon.colcon_core.shell[0m [1;30mINFO[0m Creating prefix util module '/home/arepo/TMR2026_Rescue/jaguar/arm/install/_local_setup_util_sh.py'
[2.751s] [34mcolcon.colcon_core.shell[0m [1;30mINFO[0m Creating prefix chain script '/home/arepo/TMR2026_Rescue/jaguar/arm/install/setup.sh'
[2.752s] [34mcolcon.colcon_core.shell[0m [1;30mINFO[0m Creating prefix script '/home/arepo/TMR2026_Rescue/jaguar/arm/install/local_setup.bash'
[2.752s] [34mcolcon.colcon_core.shell[0m [1;30mINFO[0m Creating prefix chain script '/home/arepo/TMR2026_Rescue/jaguar/arm/install/setup.bash'
[2.753s] [34mcolcon.colcon_core.shell[0m [1;30mINFO[0m Creating prefix script '/home/arepo/TMR2026_Rescue/jaguar/arm/install/local_setup.zsh'
[2.753s] [34mcolcon.colcon_core.shell[0m [1;30mINFO[0m Creating prefix chain script '/home/arepo/TMR2026_Rescue/jaguar/arm/install/setup.zsh'
