[0.006s] Invoking command in '/home/arepo/TMR2026_Rescue/jaguar/arm/build/jaguar_full': AMENT_PREFIX_PATH=/home/arepo/TMR2026_Rescue/jaguar/arm/install/jaguar_robot_full_description:${AMENT_PREFIX_PATH} CMAKE_PREFIX_PATH=/home/arepo/TMR2026_Rescue/jaguar/arm/install/jaguar_robot_full_description:/opt/ros/humble /home/arepo/.local/bin/cmake /home/arepo/TMR2026_Rescue/jaguar/arm/src/jaguar_full -DCMAKE_INSTALL_PREFIX=/home/arepo/TMR2026_Rescue/jaguar/arm/install/jaguar_full
[0.109s] -- The C compiler identification is GNU 11.4.0
[0.170s] -- The CXX compiler identification is GNU 11.4.0
[0.177s] -- Detecting C compiler ABI info
[0.235s] -- Detecting C compiler ABI info - done
[0.248s] -- Check for working C compiler: /usr/bin/cc - skipped
[0.249s] -- Detecting C compile features
[0.249s] -- Detecting C compile features - done
[0.261s] -- Detecting CXX compiler ABI info
[0.321s] -- Detecting CXX compiler ABI info - done
[0.334s] -- Check for working CXX compiler: /usr/bin/c++ - skipped
[0.335s] -- Detecting CXX compile features
[0.335s] -- Detecting CXX compile features - done
[0.344s] -- Found ament_cmake: 1.3.12 (/opt/ros/humble/share/ament_cmake/cmake)
[0.462s] -- Found Python3: /usr/bin/python3 (found version "3.10.12") found components: Interpreter
[0.593s] -- Configuring done (0.5s)
[0.597s] -- Generating done (0.0s)
[0.598s] -- Build files have been written to: /home/arepo/TMR2026_Rescue/jaguar/arm/build/jaguar_full
[0.602s] Invoked command in '/home/arepo/TMR2026_Rescue/jaguar/arm/build/jaguar_full' returned '0': AMENT_PREFIX_PATH=/home/arepo/TMR2026_Rescue/jaguar/arm/install/jaguar_robot_full_description:${AMENT_PREFIX_PATH} CMAKE_PREFIX_PATH=/home/arepo/TMR2026_Rescue/jaguar/arm/install/jaguar_robot_full_description:/opt/ros/humble /home/arepo/.local/bin/cmake /home/arepo/TMR2026_Rescue/jaguar/arm/src/jaguar_full -DCMAKE_INSTALL_PREFIX=/home/arepo/TMR2026_Rescue/jaguar/arm/install/jaguar_full
[0.604s] Invoking command in '/home/arepo/TMR2026_Rescue/jaguar/arm/build/jaguar_full': AMENT_PREFIX_PATH=/home/arepo/TMR2026_Rescue/jaguar/arm/install/jaguar_robot_full_description:${AMENT_PREFIX_PATH} CMAKE_PREFIX_PATH=/home/arepo/TMR2026_Rescue/jaguar/arm/install/jaguar_robot_full_description:/opt/ros/humble /home/arepo/.local/bin/cmake --build /home/arepo/TMR2026_Rescue/jaguar/arm/build/jaguar_full -- -j16 -l16
[0.675s] Invoked command in '/home/arepo/TMR2026_Rescue/jaguar/arm/build/jaguar_full' returned '0': AMENT_PREFIX_PATH=/home/arepo/TMR2026_Rescue/jaguar/arm/install/jaguar_robot_full_description:${AMENT_PREFIX_PATH} CMAKE_PREFIX_PATH=/home/arepo/TMR2026_Rescue/jaguar/arm/install/jaguar_robot_full_description:/opt/ros/humble /home/arepo/.local/bin/cmake --build /home/arepo/TMR2026_Rescue/jaguar/arm/build/jaguar_full -- -j16 -l16
[0.676s] Invoking command in '/home/arepo/TMR2026_Rescue/jaguar/arm/build/jaguar_full': AMENT_PREFIX_PATH=/home/arepo/TMR2026_Rescue/jaguar/arm/install/jaguar_robot_full_description:${AMENT_PREFIX_PATH} CMAKE_PREFIX_PATH=/home/arepo/TMR2026_Rescue/jaguar/arm/install/jaguar_robot_full_description:/opt/ros/humble /home/arepo/.local/bin/cmake --install /home/arepo/TMR2026_Rescue/jaguar/arm/build/jaguar_full
[0.734s] -- Install configuration: ""
[0.735s] -- Installing: /home/arepo/TMR2026_Rescue/jaguar/arm/install/jaguar_full/share/ament_index/resource_index/package_run_dependencies/jaguar_full
[0.735s] -- Installing: /home/arepo/TMR2026_Rescue/jaguar/arm/install/jaguar_full/share/ament_index/resource_index/parent_prefix_path/jaguar_full
[0.735s] -- Installing: /home/arepo/TMR2026_Rescue/jaguar/arm/install/jaguar_full/share/jaguar_full/environment/ament_prefix_path.sh
[0.735s] -- Installing: /home/arepo/TMR2026_Rescue/jaguar/arm/install/jaguar_full/share/jaguar_full/environment/ament_prefix_path.dsv
[0.735s] -- Installing: /home/arepo/TMR2026_Rescue/jaguar/arm/install/jaguar_full/share/jaguar_full/environment/path.sh
[0.735s] -- Installing: /home/arepo/TMR2026_Rescue/jaguar/arm/install/jaguar_full/share/jaguar_full/environment/path.dsv
[0.735s] -- Installing: /home/arepo/TMR2026_Rescue/jaguar/arm/install/jaguar_full/share/jaguar_full/local_setup.bash
[0.735s] -- Installing: /home/arepo/TMR2026_Rescue/jaguar/arm/install/jaguar_full/share/jaguar_full/local_setup.sh
[0.735s] -- Installing: /home/arepo/TMR2026_Rescue/jaguar/arm/install/jaguar_full/share/jaguar_full/local_setup.zsh
[0.735s] -- Installing: /home/arepo/TMR2026_Rescue/jaguar/arm/install/jaguar_full/share/jaguar_full/local_setup.dsv
[0.736s] -- Installing: /home/arepo/TMR2026_Rescue/jaguar/arm/install/jaguar_full/share/jaguar_full/package.dsv
[0.736s] -- Installing: /home/arepo/TMR2026_Rescue/jaguar/arm/install/jaguar_full/share/ament_index/resource_index/packages/jaguar_full
[0.736s] -- Installing: /home/arepo/TMR2026_Rescue/jaguar/arm/install/jaguar_full/share/jaguar_full/cmake/jaguar_fullConfig.cmake
[0.736s] -- Installing: /home/arepo/TMR2026_Rescue/jaguar/arm/install/jaguar_full/share/jaguar_full/cmake/jaguar_fullConfig-version.cmake
[0.736s] -- Installing: /home/arepo/TMR2026_Rescue/jaguar/arm/install/jaguar_full/share/jaguar_full/package.xml
[0.736s] -- Installing: /home/arepo/TMR2026_Rescue/jaguar/arm/install/jaguar_full/share/jaguar_full/launch
[0.736s] -- Installing: /home/arepo/TMR2026_Rescue/jaguar/arm/install/jaguar_full/share/jaguar_full/launch/setup_assistant.launch.py
[0.736s] -- Installing: /home/arepo/TMR2026_Rescue/jaguar/arm/install/jaguar_full/share/jaguar_full/launch/warehouse_db.launch.py
[0.736s] -- Installing: /home/arepo/TMR2026_Rescue/jaguar/arm/install/jaguar_full/share/jaguar_full/launch/servo.launch.py
[0.736s] -- Installing: /home/arepo/TMR2026_Rescue/jaguar/arm/install/jaguar_full/share/jaguar_full/launch/spawn_controllers.launch.py
[0.736s] -- Installing: /home/arepo/TMR2026_Rescue/jaguar/arm/install/jaguar_full/share/jaguar_full/launch/moveit_rviz.launch.py
[0.737s] -- Installing: /home/arepo/TMR2026_Rescue/jaguar/arm/install/jaguar_full/share/jaguar_full/launch/move_group.launch.py
[0.737s] -- Installing: /home/arepo/TMR2026_Rescue/jaguar/arm/install/jaguar_full/share/jaguar_full/launch/rsp.launch.py
[0.737s] -- Installing: /home/arepo/TMR2026_Rescue/jaguar/arm/install/jaguar_full/share/jaguar_full/launch/demo.launch.py
[0.737s] -- Installing: /home/arepo/TMR2026_Rescue/jaguar/arm/install/jaguar_full/share/jaguar_full/launch/static_virtual_joint_tfs.launch.py
[0.737s] -- Installing: /home/arepo/TMR2026_Rescue/jaguar/arm/install/jaguar_full/share/jaguar_full/config
[0.737s] -- Installing: /home/arepo/TMR2026_Rescue/jaguar/arm/install/jaguar_full/share/jaguar_full/config/moveit.rviz
[0.737s] -- Installing: /home/arepo/TMR2026_Rescue/jaguar/arm/install/jaguar_full/share/jaguar_full/config/jaguar_robot_full.urdf.xacro
[0.737s] -- Installing: /home/arepo/TMR2026_Rescue/jaguar/arm/install/jaguar_full/share/jaguar_full/config/pilz_cartesian_limits.yaml
[0.737s] -- Installing: /home/arepo/TMR2026_Rescue/jaguar/arm/install/jaguar_full/share/jaguar_full/config/joint_limits.yaml
[0.737s] -- Installing: /home/arepo/TMR2026_Rescue/jaguar/arm/install/jaguar_full/share/jaguar_full/config/jaguar_robot_full.ros2_control.xacro
[0.738s] -- Installing: /home/arepo/TMR2026_Rescue/jaguar/arm/install/jaguar_full/share/jaguar_full/config/kinematics.yaml
[0.738s] -- Installing: /home/arepo/TMR2026_Rescue/jaguar/arm/install/jaguar_full/share/jaguar_full/config/initial_positions.yaml
[0.738s] -- Installing: /home/arepo/TMR2026_Rescue/jaguar/arm/install/jaguar_full/share/jaguar_full/config/ros2_controllers.yaml
[0.738s] -- Installing: /home/arepo/TMR2026_Rescue/jaguar/arm/install/jaguar_full/share/jaguar_full/config/jaguar_robot_full.srdf
[0.738s] -- Installing: /home/arepo/TMR2026_Rescue/jaguar/arm/install/jaguar_full/share/jaguar_full/config/moveit_controllers.yaml
[0.738s] -- Installing: /home/arepo/TMR2026_Rescue/jaguar/arm/install/jaguar_full/share/jaguar_full/config/servo_params.yaml
[0.738s] -- Installing: /home/arepo/TMR2026_Rescue/jaguar/arm/install/jaguar_full/share/jaguar_full/.setup_assistant
[0.740s] Invoked command in '/home/arepo/TMR2026_Rescue/jaguar/arm/build/jaguar_full' returned '0': AMENT_PREFIX_PATH=/home/arepo/TMR2026_Rescue/jaguar/arm/install/jaguar_robot_full_description:${AMENT_PREFIX_PATH} CMAKE_PREFIX_PATH=/home/arepo/TMR2026_Rescue/jaguar/arm/install/jaguar_robot_full_description:/opt/ros/humble /home/arepo/.local/bin/cmake --install /home/arepo/TMR2026_Rescue/jaguar/arm/build/jaguar_full
