[0.080s] DEBUG:colcon:Command line arguments: ['/usr/bin/colcon', 'build']
[0.080s] DEBUG:colcon:Parsed command line arguments: Namespace(log_base=None, log_level=None, verb_name='build', build_base='build', install_base='install', merge_install=False, symlink_install=False, test_result_base=None, continue_on_error=False, executor='parallel', parallel_workers=16, event_handlers=None, ignore_user_meta=False, metas=['./colcon.meta'], base_paths=['.'], packages_ignore=None, packages_ignore_regex=None, paths=None, packages_up_to=None, packages_up_to_regex=None, packages_above=None, packages_above_and_dependencies=None, packages_above_depth=None, packages_select_by_dep=None, packages_skip_by_dep=None, packages_skip_up_to=None, packages_select_build_failed=False, packages_skip_build_finished=False, packages_select_test_failures=False, packages_skip_test_passed=False, packages_select=None, packages_skip=None, packages_select_regex=None, packages_skip_regex=None, packages_start=None, packages_end=None, allow_overriding=[], cmake_args=None, cmake_target=None, cmake_target_skip_unavailable=False, cmake_clean_cache=False, cmake_clean_first=False, cmake_force_configure=False, ament_cmake_args=None, catkin_cmake_args=None, catkin_skip_building_tests=False, mixin_files=None, mixin=None, verb_parser=<colcon_mixin.mixin.mixin_argument.MixinArgumentDecorator object at 0x76bc01722260>, verb_extension=<colcon_core.verb.build.BuildVerb object at 0x76bc01721600>, main=<bound method BuildVerb.main of <colcon_core.verb.build.BuildVerb object at 0x76bc01721600>>, mixin_verb=('build',))
[0.161s] Level 1:colcon.colcon_core.package_discovery:discover_packages(colcon_meta) check parameters
[0.161s] Level 1:colcon.colcon_core.package_discovery:discover_packages(recursive) check parameters
[0.161s] Level 1:colcon.colcon_core.package_discovery:discover_packages(ignore) check parameters
[0.161s] Level 1:colcon.colcon_core.package_discovery:discover_packages(path) check parameters
[0.161s] Level 1:colcon.colcon_core.package_discovery:discover_packages(colcon_meta) discover
[0.161s] Level 1:colcon.colcon_core.package_discovery:discover_packages(recursive) discover
[0.161s] INFO:colcon.colcon_core.package_discovery:Crawling recursively for packages in '/home/gerardo/TMR2026_Rescue/shared'
[0.161s] Level 1:colcon.colcon_core.package_identification:_identify(.) by extensions ['ignore', 'ignore_ament_install']
[0.161s] Level 1:colcon.colcon_core.package_identification:_identify(.) by extension 'ignore'
[0.161s] Level 1:colcon.colcon_core.package_identification:_identify(.) by extension 'ignore_ament_install'
[0.161s] Level 1:colcon.colcon_core.package_identification:_identify(.) by extensions ['colcon_pkg']
[0.161s] Level 1:colcon.colcon_core.package_identification:_identify(.) by extension 'colcon_pkg'
[0.161s] Level 1:colcon.colcon_core.package_identification:_identify(.) by extensions ['colcon_meta']
[0.161s] Level 1:colcon.colcon_core.package_identification:_identify(.) by extension 'colcon_meta'
[0.161s] Level 1:colcon.colcon_core.package_identification:_identify(.) by extensions ['ros']
[0.161s] Level 1:colcon.colcon_core.package_identification:_identify(.) by extension 'ros'
[0.168s] Level 1:colcon.colcon_core.package_identification:_identify(.) by extensions ['cmake', 'python']
[0.168s] Level 1:colcon.colcon_core.package_identification:_identify(.) by extension 'cmake'
[0.168s] Level 1:colcon.colcon_core.package_identification:_identify(.) by extension 'python'
[0.168s] Level 1:colcon.colcon_core.package_identification:_identify(.) by extensions ['python_setup_py']
[0.168s] Level 1:colcon.colcon_core.package_identification:_identify(.) by extension 'python_setup_py'
[0.168s] Level 1:colcon.colcon_core.package_identification:_identify(build) by extensions ['ignore', 'ignore_ament_install']
[0.168s] Level 1:colcon.colcon_core.package_identification:_identify(build) by extension 'ignore'
[0.168s] Level 1:colcon.colcon_core.package_identification:_identify(build) ignored
[0.168s] Level 1:colcon.colcon_core.package_identification:_identify(firmware) by extensions ['ignore', 'ignore_ament_install']
[0.168s] Level 1:colcon.colcon_core.package_identification:_identify(firmware) by extension 'ignore'
[0.168s] Level 1:colcon.colcon_core.package_identification:_identify(firmware) by extension 'ignore_ament_install'
[0.168s] Level 1:colcon.colcon_core.package_identification:_identify(firmware) by extensions ['colcon_pkg']
[0.168s] Level 1:colcon.colcon_core.package_identification:_identify(firmware) by extension 'colcon_pkg'
[0.168s] Level 1:colcon.colcon_core.package_identification:_identify(firmware) by extensions ['colcon_meta']
[0.168s] Level 1:colcon.colcon_core.package_identification:_identify(firmware) by extension 'colcon_meta'
[0.168s] Level 1:colcon.colcon_core.package_identification:_identify(firmware) by extensions ['ros']
[0.168s] Level 1:colcon.colcon_core.package_identification:_identify(firmware) by extension 'ros'
[0.168s] Level 1:colcon.colcon_core.package_identification:_identify(firmware) by extensions ['cmake', 'python']
[0.168s] Level 1:colcon.colcon_core.package_identification:_identify(firmware) by extension 'cmake'
[0.168s] Level 1:colcon.colcon_core.package_identification:_identify(firmware) by extension 'python'
[0.168s] Level 1:colcon.colcon_core.package_identification:_identify(firmware) by extensions ['python_setup_py']
[0.168s] Level 1:colcon.colcon_core.package_identification:_identify(firmware) by extension 'python_setup_py'
[0.168s] Level 1:colcon.colcon_core.package_identification:_identify(firmware/include) by extensions ['ignore', 'ignore_ament_install']
[0.169s] Level 1:colcon.colcon_core.package_identification:_identify(firmware/include) by extension 'ignore'
[0.169s] Level 1:colcon.colcon_core.package_identification:_identify(firmware/include) by extension 'ignore_ament_install'
[0.169s] Level 1:colcon.colcon_core.package_identification:_identify(firmware/include) by extensions ['colcon_pkg']
[0.169s] Level 1:colcon.colcon_core.package_identification:_identify(firmware/include) by extension 'colcon_pkg'
[0.169s] Level 1:colcon.colcon_core.package_identification:_identify(firmware/include) by extensions ['colcon_meta']
[0.169s] Level 1:colcon.colcon_core.package_identification:_identify(firmware/include) by extension 'colcon_meta'
[0.169s] Level 1:colcon.colcon_core.package_identification:_identify(firmware/include) by extensions ['ros']
[0.169s] Level 1:colcon.colcon_core.package_identification:_identify(firmware/include) by extension 'ros'
[0.169s] Level 1:colcon.colcon_core.package_identification:_identify(firmware/include) by extensions ['cmake', 'python']
[0.169s] Level 1:colcon.colcon_core.package_identification:_identify(firmware/include) by extension 'cmake'
[0.169s] Level 1:colcon.colcon_core.package_identification:_identify(firmware/include) by extension 'python'
[0.169s] Level 1:colcon.colcon_core.package_identification:_identify(firmware/include) by extensions ['python_setup_py']
[0.169s] Level 1:colcon.colcon_core.package_identification:_identify(firmware/include) by extension 'python_setup_py'
[0.169s] Level 1:colcon.colcon_core.package_identification:_identify(firmware/lib) by extensions ['ignore', 'ignore_ament_install']
[0.169s] Level 1:colcon.colcon_core.package_identification:_identify(firmware/lib) by extension 'ignore'
[0.169s] Level 1:colcon.colcon_core.package_identification:_identify(firmware/lib) by extension 'ignore_ament_install'
[0.169s] Level 1:colcon.colcon_core.package_identification:_identify(firmware/lib) by extensions ['colcon_pkg']
[0.169s] Level 1:colcon.colcon_core.package_identification:_identify(firmware/lib) by extension 'colcon_pkg'
[0.169s] Level 1:colcon.colcon_core.package_identification:_identify(firmware/lib) by extensions ['colcon_meta']
[0.169s] Level 1:colcon.colcon_core.package_identification:_identify(firmware/lib) by extension 'colcon_meta'
[0.169s] Level 1:colcon.colcon_core.package_identification:_identify(firmware/lib) by extensions ['ros']
[0.169s] Level 1:colcon.colcon_core.package_identification:_identify(firmware/lib) by extension 'ros'
[0.169s] Level 1:colcon.colcon_core.package_identification:_identify(firmware/lib) by extensions ['cmake', 'python']
[0.169s] Level 1:colcon.colcon_core.package_identification:_identify(firmware/lib) by extension 'cmake'
[0.169s] Level 1:colcon.colcon_core.package_identification:_identify(firmware/lib) by extension 'python'
[0.169s] Level 1:colcon.colcon_core.package_identification:_identify(firmware/lib) by extensions ['python_setup_py']
[0.169s] Level 1:colcon.colcon_core.package_identification:_identify(firmware/lib) by extension 'python_setup_py'
[0.169s] Level 1:colcon.colcon_core.package_identification:_identify(firmware/lib/CANInterface) by extensions ['ignore', 'ignore_ament_install']
[0.169s] Level 1:colcon.colcon_core.package_identification:_identify(firmware/lib/CANInterface) by extension 'ignore'
[0.169s] Level 1:colcon.colcon_core.package_identification:_identify(firmware/lib/CANInterface) by extension 'ignore_ament_install'
[0.169s] Level 1:colcon.colcon_core.package_identification:_identify(firmware/lib/CANInterface) by extensions ['colcon_pkg']
[0.169s] Level 1:colcon.colcon_core.package_identification:_identify(firmware/lib/CANInterface) by extension 'colcon_pkg'
[0.169s] Level 1:colcon.colcon_core.package_identification:_identify(firmware/lib/CANInterface) by extensions ['colcon_meta']
[0.169s] Level 1:colcon.colcon_core.package_identification:_identify(firmware/lib/CANInterface) by extension 'colcon_meta'
[0.169s] Level 1:colcon.colcon_core.package_identification:_identify(firmware/lib/CANInterface) by extensions ['ros']
[0.169s] Level 1:colcon.colcon_core.package_identification:_identify(firmware/lib/CANInterface) by extension 'ros'
[0.169s] Level 1:colcon.colcon_core.package_identification:_identify(firmware/lib/CANInterface) by extensions ['cmake', 'python']
[0.169s] Level 1:colcon.colcon_core.package_identification:_identify(firmware/lib/CANInterface) by extension 'cmake'
[0.169s] Level 1:colcon.colcon_core.package_identification:_identify(firmware/lib/CANInterface) by extension 'python'
[0.169s] Level 1:colcon.colcon_core.package_identification:_identify(firmware/lib/CANInterface) by extensions ['python_setup_py']
[0.169s] Level 1:colcon.colcon_core.package_identification:_identify(firmware/lib/CANInterface) by extension 'python_setup_py'
[0.169s] Level 1:colcon.colcon_core.package_identification:_identify(firmware/lib/Comms) by extensions ['ignore', 'ignore_ament_install']
[0.169s] Level 1:colcon.colcon_core.package_identification:_identify(firmware/lib/Comms) by extension 'ignore'
[0.169s] Level 1:colcon.colcon_core.package_identification:_identify(firmware/lib/Comms) by extension 'ignore_ament_install'
[0.170s] Level 1:colcon.colcon_core.package_identification:_identify(firmware/lib/Comms) by extensions ['colcon_pkg']
[0.170s] Level 1:colcon.colcon_core.package_identification:_identify(firmware/lib/Comms) by extension 'colcon_pkg'
[0.170s] Level 1:colcon.colcon_core.package_identification:_identify(firmware/lib/Comms) by extensions ['colcon_meta']
[0.170s] Level 1:colcon.colcon_core.package_identification:_identify(firmware/lib/Comms) by extension 'colcon_meta'
[0.170s] Level 1:colcon.colcon_core.package_identification:_identify(firmware/lib/Comms) by extensions ['ros']
[0.170s] Level 1:colcon.colcon_core.package_identification:_identify(firmware/lib/Comms) by extension 'ros'
[0.170s] Level 1:colcon.colcon_core.package_identification:_identify(firmware/lib/Comms) by extensions ['cmake', 'python']
[0.170s] Level 1:colcon.colcon_core.package_identification:_identify(firmware/lib/Comms) by extension 'cmake'
[0.170s] Level 1:colcon.colcon_core.package_identification:_identify(firmware/lib/Comms) by extension 'python'
[0.170s] Level 1:colcon.colcon_core.package_identification:_identify(firmware/lib/Comms) by extensions ['python_setup_py']
[0.170s] Level 1:colcon.colcon_core.package_identification:_identify(firmware/lib/Comms) by extension 'python_setup_py'
[0.170s] Level 1:colcon.colcon_core.package_identification:_identify(firmware/lib/Control) by extensions ['ignore', 'ignore_ament_install']
[0.170s] Level 1:colcon.colcon_core.package_identification:_identify(firmware/lib/Control) by extension 'ignore'
[0.170s] Level 1:colcon.colcon_core.package_identification:_identify(firmware/lib/Control) by extension 'ignore_ament_install'
[0.170s] Level 1:colcon.colcon_core.package_identification:_identify(firmware/lib/Control) by extensions ['colcon_pkg']
[0.170s] Level 1:colcon.colcon_core.package_identification:_identify(firmware/lib/Control) by extension 'colcon_pkg'
[0.170s] Level 1:colcon.colcon_core.package_identification:_identify(firmware/lib/Control) by extensions ['colcon_meta']
[0.170s] Level 1:colcon.colcon_core.package_identification:_identify(firmware/lib/Control) by extension 'colcon_meta'
[0.170s] Level 1:colcon.colcon_core.package_identification:_identify(firmware/lib/Control) by extensions ['ros']
[0.170s] Level 1:colcon.colcon_core.package_identification:_identify(firmware/lib/Control) by extension 'ros'
[0.170s] Level 1:colcon.colcon_core.package_identification:_identify(firmware/lib/Control) by extensions ['cmake', 'python']
[0.170s] Level 1:colcon.colcon_core.package_identification:_identify(firmware/lib/Control) by extension 'cmake'
[0.170s] Level 1:colcon.colcon_core.package_identification:_identify(firmware/lib/Control) by extension 'python'
[0.170s] Level 1:colcon.colcon_core.package_identification:_identify(firmware/lib/Control) by extensions ['python_setup_py']
[0.170s] Level 1:colcon.colcon_core.package_identification:_identify(firmware/lib/Control) by extension 'python_setup_py'
[0.170s] Level 1:colcon.colcon_core.package_identification:_identify(firmware/lib/Debug) by extensions ['ignore', 'ignore_ament_install']
[0.170s] Level 1:colcon.colcon_core.package_identification:_identify(firmware/lib/Debug) by extension 'ignore'
[0.170s] Level 1:colcon.colcon_core.package_identification:_identify(firmware/lib/Debug) by extension 'ignore_ament_install'
[0.170s] Level 1:colcon.colcon_core.package_identification:_identify(firmware/lib/Debug) by extensions ['colcon_pkg']
[0.170s] Level 1:colcon.colcon_core.package_identification:_identify(firmware/lib/Debug) by extension 'colcon_pkg'
[0.170s] Level 1:colcon.colcon_core.package_identification:_identify(firmware/lib/Debug) by extensions ['colcon_meta']
[0.170s] Level 1:colcon.colcon_core.package_identification:_identify(firmware/lib/Debug) by extension 'colcon_meta'
[0.170s] Level 1:colcon.colcon_core.package_identification:_identify(firmware/lib/Debug) by extensions ['ros']
[0.170s] Level 1:colcon.colcon_core.package_identification:_identify(firmware/lib/Debug) by extension 'ros'
[0.170s] Level 1:colcon.colcon_core.package_identification:_identify(firmware/lib/Debug) by extensions ['cmake', 'python']
[0.170s] Level 1:colcon.colcon_core.package_identification:_identify(firmware/lib/Debug) by extension 'cmake'
[0.170s] Level 1:colcon.colcon_core.package_identification:_identify(firmware/lib/Debug) by extension 'python'
[0.170s] Level 1:colcon.colcon_core.package_identification:_identify(firmware/lib/Debug) by extensions ['python_setup_py']
[0.170s] Level 1:colcon.colcon_core.package_identification:_identify(firmware/lib/Debug) by extension 'python_setup_py'
[0.170s] Level 1:colcon.colcon_core.package_identification:_identify(firmware/lib/Encoders) by extensions ['ignore', 'ignore_ament_install']
[0.170s] Level 1:colcon.colcon_core.package_identification:_identify(firmware/lib/Encoders) by extension 'ignore'
[0.170s] Level 1:colcon.colcon_core.package_identification:_identify(firmware/lib/Encoders) by extension 'ignore_ament_install'
[0.170s] Level 1:colcon.colcon_core.package_identification:_identify(firmware/lib/Encoders) by extensions ['colcon_pkg']
[0.170s] Level 1:colcon.colcon_core.package_identification:_identify(firmware/lib/Encoders) by extension 'colcon_pkg'
[0.170s] Level 1:colcon.colcon_core.package_identification:_identify(firmware/lib/Encoders) by extensions ['colcon_meta']
[0.170s] Level 1:colcon.colcon_core.package_identification:_identify(firmware/lib/Encoders) by extension 'colcon_meta'
[0.170s] Level 1:colcon.colcon_core.package_identification:_identify(firmware/lib/Encoders) by extensions ['ros']
[0.170s] Level 1:colcon.colcon_core.package_identification:_identify(firmware/lib/Encoders) by extension 'ros'
[0.171s] Level 1:colcon.colcon_core.package_identification:_identify(firmware/lib/Encoders) by extensions ['cmake', 'python']
[0.171s] Level 1:colcon.colcon_core.package_identification:_identify(firmware/lib/Encoders) by extension 'cmake'
[0.171s] Level 1:colcon.colcon_core.package_identification:_identify(firmware/lib/Encoders) by extension 'python'
[0.171s] Level 1:colcon.colcon_core.package_identification:_identify(firmware/lib/Encoders) by extensions ['python_setup_py']
[0.171s] Level 1:colcon.colcon_core.package_identification:_identify(firmware/lib/Encoders) by extension 'python_setup_py'
[0.171s] Level 1:colcon.colcon_core.package_identification:_identify(firmware/lib/Locomotion) by extensions ['ignore', 'ignore_ament_install']
[0.171s] Level 1:colcon.colcon_core.package_identification:_identify(firmware/lib/Locomotion) by extension 'ignore'
[0.171s] Level 1:colcon.colcon_core.package_identification:_identify(firmware/lib/Locomotion) by extension 'ignore_ament_install'
[0.171s] Level 1:colcon.colcon_core.package_identification:_identify(firmware/lib/Locomotion) by extensions ['colcon_pkg']
[0.171s] Level 1:colcon.colcon_core.package_identification:_identify(firmware/lib/Locomotion) by extension 'colcon_pkg'
[0.171s] Level 1:colcon.colcon_core.package_identification:_identify(firmware/lib/Locomotion) by extensions ['colcon_meta']
[0.171s] Level 1:colcon.colcon_core.package_identification:_identify(firmware/lib/Locomotion) by extension 'colcon_meta'
[0.171s] Level 1:colcon.colcon_core.package_identification:_identify(firmware/lib/Locomotion) by extensions ['ros']
[0.171s] Level 1:colcon.colcon_core.package_identification:_identify(firmware/lib/Locomotion) by extension 'ros'
[0.171s] Level 1:colcon.colcon_core.package_identification:_identify(firmware/lib/Locomotion) by extensions ['cmake', 'python']
[0.171s] Level 1:colcon.colcon_core.package_identification:_identify(firmware/lib/Locomotion) by extension 'cmake'
[0.171s] Level 1:colcon.colcon_core.package_identification:_identify(firmware/lib/Locomotion) by extension 'python'
[0.171s] Level 1:colcon.colcon_core.package_identification:_identify(firmware/lib/Locomotion) by extensions ['python_setup_py']
[0.171s] Level 1:colcon.colcon_core.package_identification:_identify(firmware/lib/Locomotion) by extension 'python_setup_py'
[0.171s] Level 1:colcon.colcon_core.package_identification:_identify(firmware/lib/PID) by extensions ['ignore', 'ignore_ament_install']
[0.171s] Level 1:colcon.colcon_core.package_identification:_identify(firmware/lib/PID) by extension 'ignore'
[0.171s] Level 1:colcon.colcon_core.package_identification:_identify(firmware/lib/PID) by extension 'ignore_ament_install'
[0.171s] Level 1:colcon.colcon_core.package_identification:_identify(firmware/lib/PID) by extensions ['colcon_pkg']
[0.171s] Level 1:colcon.colcon_core.package_identification:_identify(firmware/lib/PID) by extension 'colcon_pkg'
[0.171s] Level 1:colcon.colcon_core.package_identification:_identify(firmware/lib/PID) by extensions ['colcon_meta']
[0.171s] Level 1:colcon.colcon_core.package_identification:_identify(firmware/lib/PID) by extension 'colcon_meta'
[0.171s] Level 1:colcon.colcon_core.package_identification:_identify(firmware/lib/PID) by extensions ['ros']
[0.171s] Level 1:colcon.colcon_core.package_identification:_identify(firmware/lib/PID) by extension 'ros'
[0.171s] Level 1:colcon.colcon_core.package_identification:_identify(firmware/lib/PID) by extensions ['cmake', 'python']
[0.171s] Level 1:colcon.colcon_core.package_identification:_identify(firmware/lib/PID) by extension 'cmake'
[0.171s] Level 1:colcon.colcon_core.package_identification:_identify(firmware/lib/PID) by extension 'python'
[0.171s] Level 1:colcon.colcon_core.package_identification:_identify(firmware/lib/PID) by extensions ['python_setup_py']
[0.171s] Level 1:colcon.colcon_core.package_identification:_identify(firmware/lib/PID) by extension 'python_setup_py'
[0.171s] Level 1:colcon.colcon_core.package_identification:_identify(firmware/lib/RC) by extensions ['ignore', 'ignore_ament_install']
[0.171s] Level 1:colcon.colcon_core.package_identification:_identify(firmware/lib/RC) by extension 'ignore'
[0.171s] Level 1:colcon.colcon_core.package_identification:_identify(firmware/lib/RC) by extension 'ignore_ament_install'
[0.171s] Level 1:colcon.colcon_core.package_identification:_identify(firmware/lib/RC) by extensions ['colcon_pkg']
[0.171s] Level 1:colcon.colcon_core.package_identification:_identify(firmware/lib/RC) by extension 'colcon_pkg'
[0.171s] Level 1:colcon.colcon_core.package_identification:_identify(firmware/lib/RC) by extensions ['colcon_meta']
[0.171s] Level 1:colcon.colcon_core.package_identification:_identify(firmware/lib/RC) by extension 'colcon_meta'
[0.171s] Level 1:colcon.colcon_core.package_identification:_identify(firmware/lib/RC) by extensions ['ros']
[0.171s] Level 1:colcon.colcon_core.package_identification:_identify(firmware/lib/RC) by extension 'ros'
[0.171s] Level 1:colcon.colcon_core.package_identification:_identify(firmware/lib/RC) by extensions ['cmake', 'python']
[0.171s] Level 1:colcon.colcon_core.package_identification:_identify(firmware/lib/RC) by extension 'cmake'
[0.172s] Level 1:colcon.colcon_core.package_identification:_identify(firmware/lib/RC) by extension 'python'
[0.172s] Level 1:colcon.colcon_core.package_identification:_identify(firmware/lib/RC) by extensions ['python_setup_py']
[0.172s] Level 1:colcon.colcon_core.package_identification:_identify(firmware/lib/RC) by extension 'python_setup_py'
[0.172s] Level 1:colcon.colcon_core.package_identification:_identify(firmware/lib/Sensors) by extensions ['ignore', 'ignore_ament_install']
[0.172s] Level 1:colcon.colcon_core.package_identification:_identify(firmware/lib/Sensors) by extension 'ignore'
[0.172s] Level 1:colcon.colcon_core.package_identification:_identify(firmware/lib/Sensors) by extension 'ignore_ament_install'
[0.172s] Level 1:colcon.colcon_core.package_identification:_identify(firmware/lib/Sensors) by extensions ['colcon_pkg']
[0.172s] Level 1:colcon.colcon_core.package_identification:_identify(firmware/lib/Sensors) by extension 'colcon_pkg'
[0.172s] Level 1:colcon.colcon_core.package_identification:_identify(firmware/lib/Sensors) by extensions ['colcon_meta']
[0.172s] Level 1:colcon.colcon_core.package_identification:_identify(firmware/lib/Sensors) by extension 'colcon_meta'
[0.172s] Level 1:colcon.colcon_core.package_identification:_identify(firmware/lib/Sensors) by extensions ['ros']
[0.172s] Level 1:colcon.colcon_core.package_identification:_identify(firmware/lib/Sensors) by extension 'ros'
[0.172s] Level 1:colcon.colcon_core.package_identification:_identify(firmware/lib/Sensors) by extensions ['cmake', 'python']
[0.172s] Level 1:colcon.colcon_core.package_identification:_identify(firmware/lib/Sensors) by extension 'cmake'
[0.172s] Level 1:colcon.colcon_core.package_identification:_identify(firmware/lib/Sensors) by extension 'python'
[0.172s] Level 1:colcon.colcon_core.package_identification:_identify(firmware/lib/Sensors) by extensions ['python_setup_py']
[0.172s] Level 1:colcon.colcon_core.package_identification:_identify(firmware/lib/Sensors) by extension 'python_setup_py'
[0.172s] Level 1:colcon.colcon_core.package_identification:_identify(firmware/src) by extensions ['ignore', 'ignore_ament_install']
[0.172s] Level 1:colcon.colcon_core.package_identification:_identify(firmware/src) by extension 'ignore'
[0.172s] Level 1:colcon.colcon_core.package_identification:_identify(firmware/src) by extension 'ignore_ament_install'
[0.172s] Level 1:colcon.colcon_core.package_identification:_identify(firmware/src) by extensions ['colcon_pkg']
[0.172s] Level 1:colcon.colcon_core.package_identification:_identify(firmware/src) by extension 'colcon_pkg'
[0.172s] Level 1:colcon.colcon_core.package_identification:_identify(firmware/src) by extensions ['colcon_meta']
[0.172s] Level 1:colcon.colcon_core.package_identification:_identify(firmware/src) by extension 'colcon_meta'
[0.172s] Level 1:colcon.colcon_core.package_identification:_identify(firmware/src) by extensions ['ros']
[0.172s] Level 1:colcon.colcon_core.package_identification:_identify(firmware/src) by extension 'ros'
[0.172s] Level 1:colcon.colcon_core.package_identification:_identify(firmware/src) by extensions ['cmake', 'python']
[0.172s] Level 1:colcon.colcon_core.package_identification:_identify(firmware/src) by extension 'cmake'
[0.172s] Level 1:colcon.colcon_core.package_identification:_identify(firmware/src) by extension 'python'
[0.172s] Level 1:colcon.colcon_core.package_identification:_identify(firmware/src) by extensions ['python_setup_py']
[0.172s] Level 1:colcon.colcon_core.package_identification:_identify(firmware/src) by extension 'python_setup_py'
[0.172s] Level 1:colcon.colcon_core.package_identification:_identify(firmware/test) by extensions ['ignore', 'ignore_ament_install']
[0.172s] Level 1:colcon.colcon_core.package_identification:_identify(firmware/test) by extension 'ignore'
[0.172s] Level 1:colcon.colcon_core.package_identification:_identify(firmware/test) by extension 'ignore_ament_install'
[0.172s] Level 1:colcon.colcon_core.package_identification:_identify(firmware/test) by extensions ['colcon_pkg']
[0.172s] Level 1:colcon.colcon_core.package_identification:_identify(firmware/test) by extension 'colcon_pkg'
[0.172s] Level 1:colcon.colcon_core.package_identification:_identify(firmware/test) by extensions ['colcon_meta']
[0.172s] Level 1:colcon.colcon_core.package_identification:_identify(firmware/test) by extension 'colcon_meta'
[0.172s] Level 1:colcon.colcon_core.package_identification:_identify(firmware/test) by extensions ['ros']
[0.172s] Level 1:colcon.colcon_core.package_identification:_identify(firmware/test) by extension 'ros'
[0.172s] Level 1:colcon.colcon_core.package_identification:_identify(firmware/test) by extensions ['cmake', 'python']
[0.172s] Level 1:colcon.colcon_core.package_identification:_identify(firmware/test) by extension 'cmake'
[0.172s] Level 1:colcon.colcon_core.package_identification:_identify(firmware/test) by extension 'python'
[0.172s] Level 1:colcon.colcon_core.package_identification:_identify(firmware/test) by extensions ['python_setup_py']
[0.172s] Level 1:colcon.colcon_core.package_identification:_identify(firmware/test) by extension 'python_setup_py'
[0.173s] Level 1:colcon.colcon_core.package_identification:_identify(gui_ws) by extensions ['ignore', 'ignore_ament_install']
[0.173s] Level 1:colcon.colcon_core.package_identification:_identify(gui_ws) by extension 'ignore'
[0.173s] Level 1:colcon.colcon_core.package_identification:_identify(gui_ws) by extension 'ignore_ament_install'
[0.173s] Level 1:colcon.colcon_core.package_identification:_identify(gui_ws) by extensions ['colcon_pkg']
[0.173s] Level 1:colcon.colcon_core.package_identification:_identify(gui_ws) by extension 'colcon_pkg'
[0.173s] Level 1:colcon.colcon_core.package_identification:_identify(gui_ws) by extensions ['colcon_meta']
[0.173s] Level 1:colcon.colcon_core.package_identification:_identify(gui_ws) by extension 'colcon_meta'
[0.173s] Level 1:colcon.colcon_core.package_identification:_identify(gui_ws) by extensions ['ros']
[0.173s] Level 1:colcon.colcon_core.package_identification:_identify(gui_ws) by extension 'ros'
[0.173s] Level 1:colcon.colcon_core.package_identification:_identify(gui_ws) by extensions ['cmake', 'python']
[0.173s] Level 1:colcon.colcon_core.package_identification:_identify(gui_ws) by extension 'cmake'
[0.173s] Level 1:colcon.colcon_core.package_identification:_identify(gui_ws) by extension 'python'
[0.173s] Level 1:colcon.colcon_core.package_identification:_identify(gui_ws) by extensions ['python_setup_py']
[0.173s] Level 1:colcon.colcon_core.package_identification:_identify(gui_ws) by extension 'python_setup_py'
[0.173s] Level 1:colcon.colcon_core.package_identification:_identify(gui_ws/build) by extensions ['ignore', 'ignore_ament_install']
[0.173s] Level 1:colcon.colcon_core.package_identification:_identify(gui_ws/build) by extension 'ignore'
[0.173s] Level 1:colcon.colcon_core.package_identification:_identify(gui_ws/build) ignored
[0.173s] Level 1:colcon.colcon_core.package_identification:_identify(gui_ws/install) by extensions ['ignore', 'ignore_ament_install']
[0.173s] Level 1:colcon.colcon_core.package_identification:_identify(gui_ws/install) by extension 'ignore'
[0.173s] Level 1:colcon.colcon_core.package_identification:_identify(gui_ws/install) ignored
[0.173s] Level 1:colcon.colcon_core.package_identification:_identify(gui_ws/log) by extensions ['ignore', 'ignore_ament_install']
[0.173s] Level 1:colcon.colcon_core.package_identification:_identify(gui_ws/log) by extension 'ignore'
[0.173s] Level 1:colcon.colcon_core.package_identification:_identify(gui_ws/log) ignored
[0.173s] Level 1:colcon.colcon_core.package_identification:_identify(gui_ws/src) by extensions ['ignore', 'ignore_ament_install']
[0.173s] Level 1:colcon.colcon_core.package_identification:_identify(gui_ws/src) by extension 'ignore'
[0.173s] Level 1:colcon.colcon_core.package_identification:_identify(gui_ws/src) by extension 'ignore_ament_install'
[0.173s] Level 1:colcon.colcon_core.package_identification:_identify(gui_ws/src) by extensions ['colcon_pkg']
[0.173s] Level 1:colcon.colcon_core.package_identification:_identify(gui_ws/src) by extension 'colcon_pkg'
[0.173s] Level 1:colcon.colcon_core.package_identification:_identify(gui_ws/src) by extensions ['colcon_meta']
[0.173s] Level 1:colcon.colcon_core.package_identification:_identify(gui_ws/src) by extension 'colcon_meta'
[0.173s] Level 1:colcon.colcon_core.package_identification:_identify(gui_ws/src) by extensions ['ros']
[0.173s] Level 1:colcon.colcon_core.package_identification:_identify(gui_ws/src) by extension 'ros'
[0.173s] Level 1:colcon.colcon_core.package_identification:_identify(gui_ws/src) by extensions ['cmake', 'python']
[0.173s] Level 1:colcon.colcon_core.package_identification:_identify(gui_ws/src) by extension 'cmake'
[0.173s] Level 1:colcon.colcon_core.package_identification:_identify(gui_ws/src) by extension 'python'
[0.173s] Level 1:colcon.colcon_core.package_identification:_identify(gui_ws/src) by extensions ['python_setup_py']
[0.173s] Level 1:colcon.colcon_core.package_identification:_identify(gui_ws/src) by extension 'python_setup_py'
[0.173s] Level 1:colcon.colcon_core.package_identification:_identify(gui_ws/src/esp32_bridge) by extensions ['ignore', 'ignore_ament_install']
[0.173s] Level 1:colcon.colcon_core.package_identification:_identify(gui_ws/src/esp32_bridge) by extension 'ignore'
[0.174s] Level 1:colcon.colcon_core.package_identification:_identify(gui_ws/src/esp32_bridge) by extension 'ignore_ament_install'
[0.174s] Level 1:colcon.colcon_core.package_identification:_identify(gui_ws/src/esp32_bridge) by extensions ['colcon_pkg']
[0.174s] Level 1:colcon.colcon_core.package_identification:_identify(gui_ws/src/esp32_bridge) by extension 'colcon_pkg'
[0.174s] Level 1:colcon.colcon_core.package_identification:_identify(gui_ws/src/esp32_bridge) by extensions ['colcon_meta']
[0.174s] Level 1:colcon.colcon_core.package_identification:_identify(gui_ws/src/esp32_bridge) by extension 'colcon_meta'
[0.174s] Level 1:colcon.colcon_core.package_identification:_identify(gui_ws/src/esp32_bridge) by extensions ['ros']
[0.174s] Level 1:colcon.colcon_core.package_identification:_identify(gui_ws/src/esp32_bridge) by extension 'ros'
[0.175s] DEBUG:colcon.colcon_core.package_identification:Package 'gui_ws/src/esp32_bridge' with type 'ros.ament_python' and name 'esp32_bridge'
[0.175s] Level 1:colcon.colcon_core.package_identification:_identify(gui_ws/src/gui) by extensions ['ignore', 'ignore_ament_install']
[0.175s] Level 1:colcon.colcon_core.package_identification:_identify(gui_ws/src/gui) by extension 'ignore'
[0.175s] Level 1:colcon.colcon_core.package_identification:_identify(gui_ws/src/gui) by extension 'ignore_ament_install'
[0.175s] Level 1:colcon.colcon_core.package_identification:_identify(gui_ws/src/gui) by extensions ['colcon_pkg']
[0.175s] Level 1:colcon.colcon_core.package_identification:_identify(gui_ws/src/gui) by extension 'colcon_pkg'
[0.175s] Level 1:colcon.colcon_core.package_identification:_identify(gui_ws/src/gui) by extensions ['colcon_meta']
[0.176s] Level 1:colcon.colcon_core.package_identification:_identify(gui_ws/src/gui) by extension 'colcon_meta'
[0.176s] Level 1:colcon.colcon_core.package_identification:_identify(gui_ws/src/gui) by extensions ['ros']
[0.176s] Level 1:colcon.colcon_core.package_identification:_identify(gui_ws/src/gui) by extension 'ros'
[0.176s] DEBUG:colcon.colcon_core.package_identification:Package 'gui_ws/src/gui' with type 'ros.ament_cmake' and name 'gui'
[0.176s] Level 1:colcon.colcon_core.package_identification:_identify(gui_ws/tools) by extensions ['ignore', 'ignore_ament_install']
[0.176s] Level 1:colcon.colcon_core.package_identification:_identify(gui_ws/tools) by extension 'ignore'
[0.176s] Level 1:colcon.colcon_core.package_identification:_identify(gui_ws/tools) by extension 'ignore_ament_install'
[0.176s] Level 1:colcon.colcon_core.package_identification:_identify(gui_ws/tools) by extensions ['colcon_pkg']
[0.176s] Level 1:colcon.colcon_core.package_identification:_identify(gui_ws/tools) by extension 'colcon_pkg'
[0.176s] Level 1:colcon.colcon_core.package_identification:_identify(gui_ws/tools) by extensions ['colcon_meta']
[0.176s] Level 1:colcon.colcon_core.package_identification:_identify(gui_ws/tools) by extension 'colcon_meta'
[0.176s] Level 1:colcon.colcon_core.package_identification:_identify(gui_ws/tools) by extensions ['ros']
[0.176s] Level 1:colcon.colcon_core.package_identification:_identify(gui_ws/tools) by extension 'ros'
[0.176s] Level 1:colcon.colcon_core.package_identification:_identify(gui_ws/tools) by extensions ['cmake', 'python']
[0.176s] Level 1:colcon.colcon_core.package_identification:_identify(gui_ws/tools) by extension 'cmake'
[0.176s] Level 1:colcon.colcon_core.package_identification:_identify(gui_ws/tools) by extension 'python'
[0.176s] Level 1:colcon.colcon_core.package_identification:_identify(gui_ws/tools) by extensions ['python_setup_py']
[0.176s] Level 1:colcon.colcon_core.package_identification:_identify(gui_ws/tools) by extension 'python_setup_py'
[0.177s] Level 1:colcon.colcon_core.package_identification:_identify(install) by extensions ['ignore', 'ignore_ament_install']
[0.177s] Level 1:colcon.colcon_core.package_identification:_identify(install) by extension 'ignore'
[0.177s] Level 1:colcon.colcon_core.package_identification:_identify(install) ignored
[0.177s] Level 1:colcon.colcon_core.package_identification:_identify(log) by extensions ['ignore', 'ignore_ament_install']
[0.177s] Level 1:colcon.colcon_core.package_identification:_identify(log) by extension 'ignore'
[0.177s] Level 1:colcon.colcon_core.package_identification:_identify(log) ignored
[0.177s] Level 1:colcon.colcon_core.package_identification:_identify(vision) by extensions ['ignore', 'ignore_ament_install']
[0.177s] Level 1:colcon.colcon_core.package_identification:_identify(vision) by extension 'ignore'
[0.177s] Level 1:colcon.colcon_core.package_identification:_identify(vision) by extension 'ignore_ament_install'
[0.177s] Level 1:colcon.colcon_core.package_identification:_identify(vision) by extensions ['colcon_pkg']
[0.177s] Level 1:colcon.colcon_core.package_identification:_identify(vision) by extension 'colcon_pkg'
[0.177s] Level 1:colcon.colcon_core.package_identification:_identify(vision) by extensions ['colcon_meta']
[0.177s] Level 1:colcon.colcon_core.package_identification:_identify(vision) by extension 'colcon_meta'
[0.177s] Level 1:colcon.colcon_core.package_identification:_identify(vision) by extensions ['ros']
[0.177s] Level 1:colcon.colcon_core.package_identification:_identify(vision) by extension 'ros'
[0.177s] Level 1:colcon.colcon_core.package_identification:_identify(vision) by extensions ['cmake', 'python']
[0.177s] Level 1:colcon.colcon_core.package_identification:_identify(vision) by extension 'cmake'
[0.177s] Level 1:colcon.colcon_core.package_identification:_identify(vision) by extension 'python'
[0.177s] Level 1:colcon.colcon_core.package_identification:_identify(vision) by extensions ['python_setup_py']
[0.177s] Level 1:colcon.colcon_core.package_identification:_identify(vision) by extension 'python_setup_py'
[0.177s] Level 1:colcon.colcon_core.package_identification:_identify(vision/runs) by extensions ['ignore', 'ignore_ament_install']
[0.177s] Level 1:colcon.colcon_core.package_identification:_identify(vision/runs) by extension 'ignore'
[0.177s] Level 1:colcon.colcon_core.package_identification:_identify(vision/runs) by extension 'ignore_ament_install'
[0.177s] Level 1:colcon.colcon_core.package_identification:_identify(vision/runs) by extensions ['colcon_pkg']
[0.177s] Level 1:colcon.colcon_core.package_identification:_identify(vision/runs) by extension 'colcon_pkg'
[0.177s] Level 1:colcon.colcon_core.package_identification:_identify(vision/runs) by extensions ['colcon_meta']
[0.177s] Level 1:colcon.colcon_core.package_identification:_identify(vision/runs) by extension 'colcon_meta'
[0.177s] Level 1:colcon.colcon_core.package_identification:_identify(vision/runs) by extensions ['ros']
[0.177s] Level 1:colcon.colcon_core.package_identification:_identify(vision/runs) by extension 'ros'
[0.177s] Level 1:colcon.colcon_core.package_identification:_identify(vision/runs) by extensions ['cmake', 'python']
[0.177s] Level 1:colcon.colcon_core.package_identification:_identify(vision/runs) by extension 'cmake'
[0.177s] Level 1:colcon.colcon_core.package_identification:_identify(vision/runs) by extension 'python'
[0.177s] Level 1:colcon.colcon_core.package_identification:_identify(vision/runs) by extensions ['python_setup_py']
[0.177s] Level 1:colcon.colcon_core.package_identification:_identify(vision/runs) by extension 'python_setup_py'
[0.177s] Level 1:colcon.colcon_core.package_identification:_identify(vision/runs/hazmat_yolo11l) by extensions ['ignore', 'ignore_ament_install']
[0.177s] Level 1:colcon.colcon_core.package_identification:_identify(vision/runs/hazmat_yolo11l) by extension 'ignore'
[0.177s] Level 1:colcon.colcon_core.package_identification:_identify(vision/runs/hazmat_yolo11l) by extension 'ignore_ament_install'
[0.177s] Level 1:colcon.colcon_core.package_identification:_identify(vision/runs/hazmat_yolo11l) by extensions ['colcon_pkg']
[0.177s] Level 1:colcon.colcon_core.package_identification:_identify(vision/runs/hazmat_yolo11l) by extension 'colcon_pkg'
[0.178s] Level 1:colcon.colcon_core.package_identification:_identify(vision/runs/hazmat_yolo11l) by extensions ['colcon_meta']
[0.178s] Level 1:colcon.colcon_core.package_identification:_identify(vision/runs/hazmat_yolo11l) by extension 'colcon_meta'
[0.178s] Level 1:colcon.colcon_core.package_identification:_identify(vision/runs/hazmat_yolo11l) by extensions ['ros']
[0.178s] Level 1:colcon.colcon_core.package_identification:_identify(vision/runs/hazmat_yolo11l) by extension 'ros'
[0.178s] Level 1:colcon.colcon_core.package_identification:_identify(vision/runs/hazmat_yolo11l) by extensions ['cmake', 'python']
[0.178s] Level 1:colcon.colcon_core.package_identification:_identify(vision/runs/hazmat_yolo11l) by extension 'cmake'
[0.178s] Level 1:colcon.colcon_core.package_identification:_identify(vision/runs/hazmat_yolo11l) by extension 'python'
[0.178s] Level 1:colcon.colcon_core.package_identification:_identify(vision/runs/hazmat_yolo11l) by extensions ['python_setup_py']
[0.178s] Level 1:colcon.colcon_core.package_identification:_identify(vision/runs/hazmat_yolo11l) by extension 'python_setup_py'
[0.178s] Level 1:colcon.colcon_core.package_identification:_identify(vision/runs/hazmat_yolo11l/weights) by extensions ['ignore', 'ignore_ament_install']
[0.178s] Level 1:colcon.colcon_core.package_identification:_identify(vision/runs/hazmat_yolo11l/weights) by extension 'ignore'
[0.178s] Level 1:colcon.colcon_core.package_identification:_identify(vision/runs/hazmat_yolo11l/weights) by extension 'ignore_ament_install'
[0.178s] Level 1:colcon.colcon_core.package_identification:_identify(vision/runs/hazmat_yolo11l/weights) by extensions ['colcon_pkg']
[0.178s] Level 1:colcon.colcon_core.package_identification:_identify(vision/runs/hazmat_yolo11l/weights) by extension 'colcon_pkg'
[0.178s] Level 1:colcon.colcon_core.package_identification:_identify(vision/runs/hazmat_yolo11l/weights) by extensions ['colcon_meta']
[0.178s] Level 1:colcon.colcon_core.package_identification:_identify(vision/runs/hazmat_yolo11l/weights) by extension 'colcon_meta'
[0.178s] Level 1:colcon.colcon_core.package_identification:_identify(vision/runs/hazmat_yolo11l/weights) by extensions ['ros']
[0.178s] Level 1:colcon.colcon_core.package_identification:_identify(vision/runs/hazmat_yolo11l/weights) by extension 'ros'
[0.178s] Level 1:colcon.colcon_core.package_identification:_identify(vision/runs/hazmat_yolo11l/weights) by extensions ['cmake', 'python']
[0.178s] Level 1:colcon.colcon_core.package_identification:_identify(vision/runs/hazmat_yolo11l/weights) by extension 'cmake'
[0.178s] Level 1:colcon.colcon_core.package_identification:_identify(vision/runs/hazmat_yolo11l/weights) by extension 'python'
[0.178s] Level 1:colcon.colcon_core.package_identification:_identify(vision/runs/hazmat_yolo11l/weights) by extensions ['python_setup_py']
[0.178s] Level 1:colcon.colcon_core.package_identification:_identify(vision/runs/hazmat_yolo11l/weights) by extension 'python_setup_py'
[0.178s] Level 1:colcon.colcon_core.package_discovery:discover_packages(recursive) using defaults
[0.178s] Level 1:colcon.colcon_core.package_discovery:discover_packages(ignore) discover
[0.178s] Level 1:colcon.colcon_core.package_discovery:discover_packages(ignore) using defaults
[0.178s] Level 1:colcon.colcon_core.package_discovery:discover_packages(path) discover
[0.178s] Level 1:colcon.colcon_core.package_discovery:discover_packages(path) using defaults
[0.191s] Level 1:colcon.colcon_core.package_discovery:discover_packages(prefix_path) check parameters
[0.191s] Level 1:colcon.colcon_core.package_discovery:discover_packages(prefix_path) discover
[0.193s] DEBUG:colcon.colcon_installed_package_information.package_discovery:Found 88 installed packages in /opt/ros/humble
[0.193s] Level 1:colcon.colcon_core.package_discovery:discover_packages(prefix_path) using defaults
[0.203s] Level 5:colcon.colcon_core.verb:set package 'esp32_bridge' build argument 'cmake_args' from command line to 'None'
[0.203s] Level 5:colcon.colcon_core.verb:set package 'esp32_bridge' build argument 'cmake_target' from command line to 'None'
[0.203s] Level 5:colcon.colcon_core.verb:set package 'esp32_bridge' build argument 'cmake_target_skip_unavailable' from command line to 'False'
[0.203s] Level 5:colcon.colcon_core.verb:set package 'esp32_bridge' build argument 'cmake_clean_cache' from command line to 'False'
[0.204s] Level 5:colcon.colcon_core.verb:set package 'esp32_bridge' build argument 'cmake_clean_first' from command line to 'False'
[0.204s] Level 5:colcon.colcon_core.verb:set package 'esp32_bridge' build argument 'cmake_force_configure' from command line to 'False'
[0.204s] Level 5:colcon.colcon_core.verb:set package 'esp32_bridge' build argument 'ament_cmake_args' from command line to 'None'
[0.204s] Level 5:colcon.colcon_core.verb:set package 'esp32_bridge' build argument 'catkin_cmake_args' from command line to 'None'
[0.204s] Level 5:colcon.colcon_core.verb:set package 'esp32_bridge' build argument 'catkin_skip_building_tests' from command line to 'False'
[0.204s] DEBUG:colcon.colcon_core.verb:Building package 'esp32_bridge' with the following arguments: {'ament_cmake_args': None, 'build_base': '/home/gerardo/TMR2026_Rescue/shared/build/esp32_bridge', 'catkin_cmake_args': None, 'catkin_skip_building_tests': False, 'cmake_args': None, 'cmake_clean_cache': False, 'cmake_clean_first': False, 'cmake_force_configure': False, 'cmake_target': None, 'cmake_target_skip_unavailable': False, 'install_base': '/home/gerardo/TMR2026_Rescue/shared/install/esp32_bridge', 'merge_install': False, 'path': '/home/gerardo/TMR2026_Rescue/shared/gui_ws/src/esp32_bridge', 'symlink_install': False, 'test_result_base': None}
[0.204s] Level 5:colcon.colcon_core.verb:set package 'gui' build argument 'cmake_args' from command line to 'None'
[0.204s] Level 5:colcon.colcon_core.verb:set package 'gui' build argument 'cmake_target' from command line to 'None'
[0.204s] Level 5:colcon.colcon_core.verb:set package 'gui' build argument 'cmake_target_skip_unavailable' from command line to 'False'
[0.204s] Level 5:colcon.colcon_core.verb:set package 'gui' build argument 'cmake_clean_cache' from command line to 'False'
[0.204s] Level 5:colcon.colcon_core.verb:set package 'gui' build argument 'cmake_clean_first' from command line to 'False'
[0.204s] Level 5:colcon.colcon_core.verb:set package 'gui' build argument 'cmake_force_configure' from command line to 'False'
[0.204s] Level 5:colcon.colcon_core.verb:set package 'gui' build argument 'ament_cmake_args' from command line to 'None'
[0.204s] Level 5:colcon.colcon_core.verb:set package 'gui' build argument 'catkin_cmake_args' from command line to 'None'
[0.204s] Level 5:colcon.colcon_core.verb:set package 'gui' build argument 'catkin_skip_building_tests' from command line to 'False'
[0.204s] DEBUG:colcon.colcon_core.verb:Building package 'gui' with the following arguments: {'ament_cmake_args': None, 'build_base': '/home/gerardo/TMR2026_Rescue/shared/build/gui', 'catkin_cmake_args': None, 'catkin_skip_building_tests': False, 'cmake_args': None, 'cmake_clean_cache': False, 'cmake_clean_first': False, 'cmake_force_configure': False, 'cmake_target': None, 'cmake_target_skip_unavailable': False, 'install_base': '/home/gerardo/TMR2026_Rescue/shared/install/gui', 'merge_install': False, 'path': '/home/gerardo/TMR2026_Rescue/shared/gui_ws/src/gui', 'symlink_install': False, 'test_result_base': None}
[0.204s] INFO:colcon.colcon_core.executor:Executing jobs using 'parallel' executor
[0.205s] DEBUG:colcon.colcon_parallel_executor.executor.parallel:run_until_complete
[0.205s] INFO:colcon.colcon_ros.task.ament_python.build:Building ROS package in '/home/gerardo/TMR2026_Rescue/shared/gui_ws/src/esp32_bridge' with build type 'ament_python'
[0.205s] Level 1:colcon.colcon_core.shell:create_environment_hook('esp32_bridge', 'ament_prefix_path')
[0.207s] INFO:colcon.colcon_core.plugin_system:Skipping extension 'colcon_core.shell.bat': Not used on non-Windows systems
[0.207s] INFO:colcon.colcon_core.shell:Creating environment hook '/home/gerardo/TMR2026_Rescue/shared/install/esp32_bridge/share/esp32_bridge/hook/ament_prefix_path.ps1'
[0.207s] INFO:colcon.colcon_core.shell:Creating environment descriptor '/home/gerardo/TMR2026_Rescue/shared/install/esp32_bridge/share/esp32_bridge/hook/ament_prefix_path.dsv'
[0.208s] INFO:colcon.colcon_core.shell:Creating environment hook '/home/gerardo/TMR2026_Rescue/shared/install/esp32_bridge/share/esp32_bridge/hook/ament_prefix_path.sh'
[0.208s] INFO:colcon.colcon_core.shell:Skip shell extension 'powershell' for command environment: Not usable outside of PowerShell
[0.208s] DEBUG:colcon.colcon_core.shell:Skip shell extension 'dsv' for command environment
[0.209s] INFO:colcon.colcon_ros.task.ament_cmake.build:Building ROS package in '/home/gerardo/TMR2026_Rescue/shared/gui_ws/src/gui' with build type 'ament_cmake'
[0.209s] INFO:colcon.colcon_cmake.task.cmake.build:Building CMake package in '/home/gerardo/TMR2026_Rescue/shared/gui_ws/src/gui'
[0.209s] INFO:colcon.colcon_core.shell:Skip shell extension 'powershell' for command environment: Not usable outside of PowerShell
[0.209s] DEBUG:colcon.colcon_core.shell:Skip shell extension 'dsv' for command environment
[0.332s] INFO:colcon.colcon_core.task.python.build:Building Python package in '/home/gerardo/TMR2026_Rescue/shared/gui_ws/src/esp32_bridge'
[0.333s] INFO:colcon.colcon_core.shell:Skip shell extension 'powershell' for command environment: Not usable outside of PowerShell
[0.333s] DEBUG:colcon.colcon_core.shell:Skip shell extension 'dsv' for command environment
[0.338s] DEBUG:colcon.colcon_core.event_handler.log_command:Invoking command in '/home/gerardo/TMR2026_Rescue/shared/build/gui': CMAKE_PREFIX_PATH=/opt/ros/humble /usr/bin/cmake /home/gerardo/TMR2026_Rescue/shared/gui_ws/src/gui -DCMAKE_INSTALL_PREFIX=/home/gerardo/TMR2026_Rescue/shared/install/gui
[0.509s] DEBUG:colcon.colcon_core.event_handler.log_command:Invoking command in '/home/gerardo/TMR2026_Rescue/shared/gui_ws/src/esp32_bridge': PYTHONPATH=/home/gerardo/TMR2026_Rescue/shared/build/esp32_bridge/prefix_override:/usr/lib/python3/dist-packages/colcon_core/task/python/colcon_distutils_commands:/home/gerardo/TMR2026_Rescue/shared/install/esp32_bridge/lib/python3.10/site-packages:${PYTHONPATH} /usr/bin/python3 -W ignore:setup.py install is deprecated -W ignore:easy_install command is deprecated setup.py egg_info --egg-base ../../../build/esp32_bridge build --build-base /home/gerardo/TMR2026_Rescue/shared/build/esp32_bridge/build install --record /home/gerardo/TMR2026_Rescue/shared/build/esp32_bridge/install.log --single-version-externally-managed install_data
[0.658s] DEBUG:colcon.colcon_core.event_handler.log_command:Invoked command in '/home/gerardo/TMR2026_Rescue/shared/gui_ws/src/esp32_bridge' returned '0': PYTHONPATH=/home/gerardo/TMR2026_Rescue/shared/build/esp32_bridge/prefix_override:/usr/lib/python3/dist-packages/colcon_core/task/python/colcon_distutils_commands:/home/gerardo/TMR2026_Rescue/shared/install/esp32_bridge/lib/python3.10/site-packages:${PYTHONPATH} /usr/bin/python3 -W ignore:setup.py install is deprecated -W ignore:easy_install command is deprecated setup.py egg_info --egg-base ../../../build/esp32_bridge build --build-base /home/gerardo/TMR2026_Rescue/shared/build/esp32_bridge/build install --record /home/gerardo/TMR2026_Rescue/shared/build/esp32_bridge/install.log --single-version-externally-managed install_data
[0.660s] Level 1:colcon.colcon_core.environment:checking '/home/gerardo/TMR2026_Rescue/shared/install/esp32_bridge' for CMake module files
[0.661s] Level 1:colcon.colcon_core.environment:checking '/home/gerardo/TMR2026_Rescue/shared/install/esp32_bridge' for CMake config files
[0.661s] Level 1:colcon.colcon_core.environment:checking '/home/gerardo/TMR2026_Rescue/shared/install/esp32_bridge/lib'
[0.661s] Level 1:colcon.colcon_core.environment:checking '/home/gerardo/TMR2026_Rescue/shared/install/esp32_bridge/bin'
[0.661s] Level 1:colcon.colcon_core.environment:checking '/home/gerardo/TMR2026_Rescue/shared/install/esp32_bridge/lib/pkgconfig/esp32_bridge.pc'
[0.661s] Level 1:colcon.colcon_core.environment:checking '/home/gerardo/TMR2026_Rescue/shared/install/esp32_bridge/lib/python3.10/site-packages'
[0.661s] Level 1:colcon.colcon_core.shell:create_environment_hook('esp32_bridge', 'pythonpath')
[0.661s] INFO:colcon.colcon_core.shell:Creating environment hook '/home/gerardo/TMR2026_Rescue/shared/install/esp32_bridge/share/esp32_bridge/hook/pythonpath.ps1'
[0.662s] INFO:colcon.colcon_core.shell:Creating environment descriptor '/home/gerardo/TMR2026_Rescue/shared/install/esp32_bridge/share/esp32_bridge/hook/pythonpath.dsv'
[0.662s] INFO:colcon.colcon_core.shell:Creating environment hook '/home/gerardo/TMR2026_Rescue/shared/install/esp32_bridge/share/esp32_bridge/hook/pythonpath.sh'
[0.662s] Level 1:colcon.colcon_core.environment:checking '/home/gerardo/TMR2026_Rescue/shared/install/esp32_bridge/bin'
[0.662s] Level 1:colcon.colcon_core.environment:create_environment_scripts_only(esp32_bridge)
[0.662s] INFO:colcon.colcon_core.shell:Creating package script '/home/gerardo/TMR2026_Rescue/shared/install/esp32_bridge/share/esp32_bridge/package.ps1'
[0.663s] INFO:colcon.colcon_core.shell:Creating package descriptor '/home/gerardo/TMR2026_Rescue/shared/install/esp32_bridge/share/esp32_bridge/package.dsv'
[0.663s] INFO:colcon.colcon_core.shell:Creating package script '/home/gerardo/TMR2026_Rescue/shared/install/esp32_bridge/share/esp32_bridge/package.sh'
[0.663s] INFO:colcon.colcon_core.shell:Creating package script '/home/gerardo/TMR2026_Rescue/shared/install/esp32_bridge/share/esp32_bridge/package.bash'
[0.664s] INFO:colcon.colcon_core.shell:Creating package script '/home/gerardo/TMR2026_Rescue/shared/install/esp32_bridge/share/esp32_bridge/package.zsh'
[0.664s] Level 1:colcon.colcon_core.environment:create_file_with_runtime_dependencies(/home/gerardo/TMR2026_Rescue/shared/install/esp32_bridge/share/colcon-core/packages/esp32_bridge)
[1.194s] DEBUG:colcon.colcon_core.event_handler.log_command:Invoked command in '/home/gerardo/TMR2026_Rescue/shared/build/gui' returned '0': CMAKE_PREFIX_PATH=/opt/ros/humble /usr/bin/cmake /home/gerardo/TMR2026_Rescue/shared/gui_ws/src/gui -DCMAKE_INSTALL_PREFIX=/home/gerardo/TMR2026_Rescue/shared/install/gui
[1.194s] DEBUG:colcon.colcon_core.event_handler.log_command:Invoking command in '/home/gerardo/TMR2026_Rescue/shared/build/gui': CMAKE_PREFIX_PATH=/opt/ros/humble /usr/bin/cmake --build /home/gerardo/TMR2026_Rescue/shared/build/gui -- -j16 -l16
[22.597s] DEBUG:colcon.colcon_core.event_handler.log_command:Invoked command in '/home/gerardo/TMR2026_Rescue/shared/build/gui' returned '0': CMAKE_PREFIX_PATH=/opt/ros/humble /usr/bin/cmake --build /home/gerardo/TMR2026_Rescue/shared/build/gui -- -j16 -l16
[22.603s] DEBUG:colcon.colcon_core.event_handler.log_command:Invoking command in '/home/gerardo/TMR2026_Rescue/shared/build/gui': CMAKE_PREFIX_PATH=/opt/ros/humble /usr/bin/cmake --install /home/gerardo/TMR2026_Rescue/shared/build/gui
[22.825s] Level 1:colcon.colcon_core.environment:create_environment_scripts_only(gui)
[22.825s] Level 1:colcon.colcon_core.environment:checking '/home/gerardo/TMR2026_Rescue/shared/install/gui' for CMake module files
[22.826s] DEBUG:colcon.colcon_core.event_handler.log_command:Invoked command in '/home/gerardo/TMR2026_Rescue/shared/build/gui' returned '0': CMAKE_PREFIX_PATH=/opt/ros/humble /usr/bin/cmake --install /home/gerardo/TMR2026_Rescue/shared/build/gui
[22.826s] Level 1:colcon.colcon_core.environment:checking '/home/gerardo/TMR2026_Rescue/shared/install/gui' for CMake config files
[22.826s] Level 1:colcon.colcon_core.shell:create_environment_hook('gui', 'cmake_prefix_path')
[22.826s] INFO:colcon.colcon_core.shell:Creating environment hook '/home/gerardo/TMR2026_Rescue/shared/install/gui/share/gui/hook/cmake_prefix_path.ps1'
[22.826s] INFO:colcon.colcon_core.shell:Creating environment descriptor '/home/gerardo/TMR2026_Rescue/shared/install/gui/share/gui/hook/cmake_prefix_path.dsv'
[22.827s] INFO:colcon.colcon_core.shell:Creating environment hook '/home/gerardo/TMR2026_Rescue/shared/install/gui/share/gui/hook/cmake_prefix_path.sh'
[22.827s] Level 1:colcon.colcon_core.environment:checking '/home/gerardo/TMR2026_Rescue/shared/install/gui/lib'
[22.827s] Level 1:colcon.colcon_core.environment:checking '/home/gerardo/TMR2026_Rescue/shared/install/gui/bin'
[22.827s] Level 1:colcon.colcon_core.environment:checking '/home/gerardo/TMR2026_Rescue/shared/install/gui/lib/pkgconfig/gui.pc'
[22.827s] Level 1:colcon.colcon_core.environment:checking '/home/gerardo/TMR2026_Rescue/shared/install/gui/lib/python3.10/site-packages'
[22.827s] Level 1:colcon.colcon_core.environment:checking '/home/gerardo/TMR2026_Rescue/shared/install/gui/bin'
[22.827s] INFO:colcon.colcon_core.shell:Creating package script '/home/gerardo/TMR2026_Rescue/shared/install/gui/share/gui/package.ps1'
[22.828s] INFO:colcon.colcon_core.shell:Creating package descriptor '/home/gerardo/TMR2026_Rescue/shared/install/gui/share/gui/package.dsv'
[22.828s] INFO:colcon.colcon_core.shell:Creating package script '/home/gerardo/TMR2026_Rescue/shared/install/gui/share/gui/package.sh'
[22.828s] INFO:colcon.colcon_core.shell:Creating package script '/home/gerardo/TMR2026_Rescue/shared/install/gui/share/gui/package.bash'
[22.828s] INFO:colcon.colcon_core.shell:Creating package script '/home/gerardo/TMR2026_Rescue/shared/install/gui/share/gui/package.zsh'
[22.828s] Level 1:colcon.colcon_core.environment:create_file_with_runtime_dependencies(/home/gerardo/TMR2026_Rescue/shared/install/gui/share/colcon-core/packages/gui)
[22.829s] Level 1:colcon.colcon_core.environment:create_environment_scripts_only(gui)
[22.829s] Level 1:colcon.colcon_core.environment:checking '/home/gerardo/TMR2026_Rescue/shared/install/gui' for CMake module files
[22.829s] Level 1:colcon.colcon_core.environment:checking '/home/gerardo/TMR2026_Rescue/shared/install/gui' for CMake config files
[22.829s] Level 1:colcon.colcon_core.shell:create_environment_hook('gui', 'cmake_prefix_path')
[22.829s] INFO:colcon.colcon_core.shell:Creating environment hook '/home/gerardo/TMR2026_Rescue/shared/install/gui/share/gui/hook/cmake_prefix_path.ps1'
[22.830s] INFO:colcon.colcon_core.shell:Creating environment descriptor '/home/gerardo/TMR2026_Rescue/shared/install/gui/share/gui/hook/cmake_prefix_path.dsv'
[22.830s] INFO:colcon.colcon_core.shell:Creating environment hook '/home/gerardo/TMR2026_Rescue/shared/install/gui/share/gui/hook/cmake_prefix_path.sh'
[22.830s] Level 1:colcon.colcon_core.environment:checking '/home/gerardo/TMR2026_Rescue/shared/install/gui/lib'
[22.830s] Level 1:colcon.colcon_core.environment:checking '/home/gerardo/TMR2026_Rescue/shared/install/gui/bin'
[22.830s] Level 1:colcon.colcon_core.environment:checking '/home/gerardo/TMR2026_Rescue/shared/install/gui/lib/pkgconfig/gui.pc'
[22.830s] Level 1:colcon.colcon_core.environment:checking '/home/gerardo/TMR2026_Rescue/shared/install/gui/lib/python3.10/site-packages'
[22.831s] Level 1:colcon.colcon_core.environment:checking '/home/gerardo/TMR2026_Rescue/shared/install/gui/bin'
[22.831s] INFO:colcon.colcon_core.shell:Creating package script '/home/gerardo/TMR2026_Rescue/shared/install/gui/share/gui/package.ps1'
[22.831s] INFO:colcon.colcon_core.shell:Creating package descriptor '/home/gerardo/TMR2026_Rescue/shared/install/gui/share/gui/package.dsv'
[22.831s] INFO:colcon.colcon_core.shell:Creating package script '/home/gerardo/TMR2026_Rescue/shared/install/gui/share/gui/package.sh'
[22.831s] INFO:colcon.colcon_core.shell:Creating package script '/home/gerardo/TMR2026_Rescue/shared/install/gui/share/gui/package.bash'
[22.832s] INFO:colcon.colcon_core.shell:Creating package script '/home/gerardo/TMR2026_Rescue/shared/install/gui/share/gui/package.zsh'
[22.832s] Level 1:colcon.colcon_core.environment:create_file_with_runtime_dependencies(/home/gerardo/TMR2026_Rescue/shared/install/gui/share/colcon-core/packages/gui)
[22.832s] DEBUG:colcon.colcon_parallel_executor.executor.parallel:closing loop
[22.832s] DEBUG:colcon.colcon_parallel_executor.executor.parallel:loop closed
[22.832s] DEBUG:colcon.colcon_parallel_executor.executor.parallel:run_until_complete finished with '0'
[22.832s] DEBUG:colcon.colcon_core.event_reactor:joining thread
[22.836s] INFO:colcon.colcon_core.plugin_system:Skipping extension 'colcon_notification.desktop_notification.terminal_notifier': Not used on non-Darwin systems
[22.836s] INFO:colcon.colcon_core.plugin_system:Skipping extension 'colcon_notification.desktop_notification.win32': Not used on non-Windows systems
[22.836s] INFO:colcon.colcon_notification.desktop_notification:Sending desktop notification using 'notify2'
[22.844s] DEBUG:colcon.colcon_core.event_reactor:joined thread
[22.844s] INFO:colcon.colcon_core.shell:Creating prefix script '/home/gerardo/TMR2026_Rescue/shared/install/local_setup.ps1'
[22.844s] INFO:colcon.colcon_core.shell:Creating prefix util module '/home/gerardo/TMR2026_Rescue/shared/install/_local_setup_util_ps1.py'
[22.845s] INFO:colcon.colcon_core.shell:Creating prefix chain script '/home/gerardo/TMR2026_Rescue/shared/install/setup.ps1'
[22.846s] INFO:colcon.colcon_core.shell:Creating prefix script '/home/gerardo/TMR2026_Rescue/shared/install/local_setup.sh'
[22.846s] INFO:colcon.colcon_core.shell:Creating prefix util module '/home/gerardo/TMR2026_Rescue/shared/install/_local_setup_util_sh.py'
[22.846s] INFO:colcon.colcon_core.shell:Creating prefix chain script '/home/gerardo/TMR2026_Rescue/shared/install/setup.sh'
[22.847s] INFO:colcon.colcon_core.shell:Creating prefix script '/home/gerardo/TMR2026_Rescue/shared/install/local_setup.bash'
[22.847s] INFO:colcon.colcon_core.shell:Creating prefix chain script '/home/gerardo/TMR2026_Rescue/shared/install/setup.bash'
[22.847s] INFO:colcon.colcon_core.shell:Creating prefix script '/home/gerardo/TMR2026_Rescue/shared/install/local_setup.zsh'
[22.847s] INFO:colcon.colcon_core.shell:Creating prefix chain script '/home/gerardo/TMR2026_Rescue/shared/install/setup.zsh'
