running egg_info
creating ../../../../build/ginkgo_odrive_bridge/ginkgo_odrive_bridge.egg-info
writing ../../../../build/ginkgo_odrive_bridge/ginkgo_odrive_bridge.egg-info/PKG-INFO
writing dependency_links to ../../../../build/ginkgo_odrive_bridge/ginkgo_odrive_bridge.egg-info/dependency_links.txt
writing entry points to ../../../../build/ginkgo_odrive_bridge/ginkgo_odrive_bridge.egg-info/entry_points.txt
writing requirements to ../../../../build/ginkgo_odrive_bridge/ginkgo_odrive_bridge.egg-info/requires.txt
writing top-level names to ../../../../build/ginkgo_odrive_bridge/ginkgo_odrive_bridge.egg-info/top_level.txt
writing manifest file '../../../../build/ginkgo_odrive_bridge/ginkgo_odrive_bridge.egg-info/SOURCES.txt'
reading manifest file '../../../../build/ginkgo_odrive_bridge/ginkgo_odrive_bridge.egg-info/SOURCES.txt'
writing manifest file '../../../../build/ginkgo_odrive_bridge/ginkgo_odrive_bridge.egg-info/SOURCES.txt'
running build
running build_py
creating /home/gerardo/TMR2026_Rescue/build/ginkgo_odrive_bridge/build
creating /home/gerardo/TMR2026_Rescue/build/ginkgo_odrive_bridge/build/lib
creating /home/gerardo/TMR2026_Rescue/build/ginkgo_odrive_bridge/build/lib/ginkgo_odrive_bridge
copying ginkgo_odrive_bridge/joint_state_bridge.py -> /home/gerardo/TMR2026_Rescue/build/ginkgo_odrive_bridge/build/lib/ginkgo_odrive_bridge
copying ginkgo_odrive_bridge/__init__.py -> /home/gerardo/TMR2026_Rescue/build/ginkgo_odrive_bridge/build/lib/ginkgo_odrive_bridge
running install
running install_lib
creating /home/gerardo/TMR2026_Rescue/install/ginkgo_odrive_bridge/lib/python3.10/site-packages/ginkgo_odrive_bridge
copying /home/gerardo/TMR2026_Rescue/build/ginkgo_odrive_bridge/build/lib/ginkgo_odrive_bridge/joint_state_bridge.py -> /home/gerardo/TMR2026_Rescue/install/ginkgo_odrive_bridge/lib/python3.10/site-packages/ginkgo_odrive_bridge
copying /home/gerardo/TMR2026_Rescue/build/ginkgo_odrive_bridge/build/lib/ginkgo_odrive_bridge/__init__.py -> /home/gerardo/TMR2026_Rescue/install/ginkgo_odrive_bridge/lib/python3.10/site-packages/ginkgo_odrive_bridge
byte-compiling /home/gerardo/TMR2026_Rescue/install/ginkgo_odrive_bridge/lib/python3.10/site-packages/ginkgo_odrive_bridge/joint_state_bridge.py to joint_state_bridge.cpython-310.pyc
byte-compiling /home/gerardo/TMR2026_Rescue/install/ginkgo_odrive_bridge/lib/python3.10/site-packages/ginkgo_odrive_bridge/__init__.py to __init__.cpython-310.pyc
running install_data
creating /home/gerardo/TMR2026_Rescue/install/ginkgo_odrive_bridge/share/ament_index
creating /home/gerardo/TMR2026_Rescue/install/ginkgo_odrive_bridge/share/ament_index/resource_index
creating /home/gerardo/TMR2026_Rescue/install/ginkgo_odrive_bridge/share/ament_index/resource_index/packages
copying resource/ginkgo_odrive_bridge -> /home/gerardo/TMR2026_Rescue/install/ginkgo_odrive_bridge/share/ament_index/resource_index/packages
copying package.xml -> /home/gerardo/TMR2026_Rescue/install/ginkgo_odrive_bridge/share/ginkgo_odrive_bridge
copying README.md -> /home/gerardo/TMR2026_Rescue/install/ginkgo_odrive_bridge/share/ginkgo_odrive_bridge
creating /home/gerardo/TMR2026_Rescue/install/ginkgo_odrive_bridge/share/ginkgo_odrive_bridge/config
copying config/joint_state_bridge.yaml -> /home/gerardo/TMR2026_Rescue/install/ginkgo_odrive_bridge/share/ginkgo_odrive_bridge/config
creating /home/gerardo/TMR2026_Rescue/install/ginkgo_odrive_bridge/share/ginkgo_odrive_bridge/launch
copying launch/joint_state_bridge.launch.py -> /home/gerardo/TMR2026_Rescue/install/ginkgo_odrive_bridge/share/ginkgo_odrive_bridge/launch
creating /home/gerardo/TMR2026_Rescue/install/ginkgo_odrive_bridge/share/ginkgo_odrive_bridge/Python_USB_CAN_Test_64bits
copying Python_USB_CAN_Test_64bits/ErrorType.py -> /home/gerardo/TMR2026_Rescue/install/ginkgo_odrive_bridge/share/ginkgo_odrive_bridge/Python_USB_CAN_Test_64bits
copying Python_USB_CAN_Test_64bits/ControlCAN.py -> /home/gerardo/TMR2026_Rescue/install/ginkgo_odrive_bridge/share/ginkgo_odrive_bridge/Python_USB_CAN_Test_64bits
creating /home/gerardo/TMR2026_Rescue/install/ginkgo_odrive_bridge/share/ginkgo_odrive_bridge/Python_USB_CAN_Test_64bits/ginkgo_can
copying Python_USB_CAN_Test_64bits/ginkgo_can/bus.py -> /home/gerardo/TMR2026_Rescue/install/ginkgo_odrive_bridge/share/ginkgo_odrive_bridge/Python_USB_CAN_Test_64bits/ginkgo_can
copying Python_USB_CAN_Test_64bits/ginkgo_can/odrive.py -> /home/gerardo/TMR2026_Rescue/install/ginkgo_odrive_bridge/share/ginkgo_odrive_bridge/Python_USB_CAN_Test_64bits/ginkgo_can
copying Python_USB_CAN_Test_64bits/ginkgo_can/__init__.py -> /home/gerardo/TMR2026_Rescue/install/ginkgo_odrive_bridge/share/ginkgo_odrive_bridge/Python_USB_CAN_Test_64bits/ginkgo_can
creating /home/gerardo/TMR2026_Rescue/install/ginkgo_odrive_bridge/share/ginkgo_odrive_bridge/Python_USB_CAN_Test_64bits/lib
creating /home/gerardo/TMR2026_Rescue/install/ginkgo_odrive_bridge/share/ginkgo_odrive_bridge/Python_USB_CAN_Test_64bits/lib/macos
copying Python_USB_CAN_Test_64bits/lib/macos/libusb-1.0.0.dylib -> /home/gerardo/TMR2026_Rescue/install/ginkgo_odrive_bridge/share/ginkgo_odrive_bridge/Python_USB_CAN_Test_64bits/lib/macos
copying Python_USB_CAN_Test_64bits/lib/macos/libusb-0.1.4.dylib -> /home/gerardo/TMR2026_Rescue/install/ginkgo_odrive_bridge/share/ginkgo_odrive_bridge/Python_USB_CAN_Test_64bits/lib/macos
copying Python_USB_CAN_Test_64bits/lib/macos/libGinkgo_Driver.dylib -> /home/gerardo/TMR2026_Rescue/install/ginkgo_odrive_bridge/share/ginkgo_odrive_bridge/Python_USB_CAN_Test_64bits/lib/macos
creating /home/gerardo/TMR2026_Rescue/install/ginkgo_odrive_bridge/share/ginkgo_odrive_bridge/Python_USB_CAN_Test_64bits/lib/windows
creating /home/gerardo/TMR2026_Rescue/install/ginkgo_odrive_bridge/share/ginkgo_odrive_bridge/Python_USB_CAN_Test_64bits/lib/windows/32bit
copying Python_USB_CAN_Test_64bits/lib/windows/32bit/Ginkgo_Driver.dll -> /home/gerardo/TMR2026_Rescue/install/ginkgo_odrive_bridge/share/ginkgo_odrive_bridge/Python_USB_CAN_Test_64bits/lib/windows/32bit
copying Python_USB_CAN_Test_64bits/lib/windows/32bit/Ginkgo_Driver.lib -> /home/gerardo/TMR2026_Rescue/install/ginkgo_odrive_bridge/share/ginkgo_odrive_bridge/Python_USB_CAN_Test_64bits/lib/windows/32bit
creating /home/gerardo/TMR2026_Rescue/install/ginkgo_odrive_bridge/share/ginkgo_odrive_bridge/Python_USB_CAN_Test_64bits/lib/windows/64bit
copying Python_USB_CAN_Test_64bits/lib/windows/64bit/Ginkgo_Driver.dll -> /home/gerardo/TMR2026_Rescue/install/ginkgo_odrive_bridge/share/ginkgo_odrive_bridge/Python_USB_CAN_Test_64bits/lib/windows/64bit
copying Python_USB_CAN_Test_64bits/lib/windows/64bit/64bit.zip -> /home/gerardo/TMR2026_Rescue/install/ginkgo_odrive_bridge/share/ginkgo_odrive_bridge/Python_USB_CAN_Test_64bits/lib/windows/64bit
copying Python_USB_CAN_Test_64bits/lib/windows/64bit/libusb0.dll.x86.bak -> /home/gerardo/TMR2026_Rescue/install/ginkgo_odrive_bridge/share/ginkgo_odrive_bridge/Python_USB_CAN_Test_64bits/lib/windows/64bit
copying Python_USB_CAN_Test_64bits/lib/windows/64bit/libusb0.zip -> /home/gerardo/TMR2026_Rescue/install/ginkgo_odrive_bridge/share/ginkgo_odrive_bridge/Python_USB_CAN_Test_64bits/lib/windows/64bit
copying Python_USB_CAN_Test_64bits/lib/windows/64bit/libusb0.dll -> /home/gerardo/TMR2026_Rescue/install/ginkgo_odrive_bridge/share/ginkgo_odrive_bridge/Python_USB_CAN_Test_64bits/lib/windows/64bit
copying Python_USB_CAN_Test_64bits/lib/windows/64bit/Ginkgo_Driver.lib -> /home/gerardo/TMR2026_Rescue/install/ginkgo_odrive_bridge/share/ginkgo_odrive_bridge/Python_USB_CAN_Test_64bits/lib/windows/64bit
creating /home/gerardo/TMR2026_Rescue/install/ginkgo_odrive_bridge/share/ginkgo_odrive_bridge/Python_USB_CAN_Test_64bits/lib/windows/header
copying Python_USB_CAN_Test_64bits/lib/windows/header/ControlI2C.h -> /home/gerardo/TMR2026_Rescue/install/ginkgo_odrive_bridge/share/ginkgo_odrive_bridge/Python_USB_CAN_Test_64bits/lib/windows/header
copying Python_USB_CAN_Test_64bits/lib/windows/header/ControlCNT.h -> /home/gerardo/TMR2026_Rescue/install/ginkgo_odrive_bridge/share/ginkgo_odrive_bridge/Python_USB_CAN_Test_64bits/lib/windows/header
copying Python_USB_CAN_Test_64bits/lib/windows/header/ControlADC.h -> /home/gerardo/TMR2026_Rescue/install/ginkgo_odrive_bridge/share/ginkgo_odrive_bridge/Python_USB_CAN_Test_64bits/lib/windows/header
copying Python_USB_CAN_Test_64bits/lib/windows/header/ControlGPIO.h -> /home/gerardo/TMR2026_Rescue/install/ginkgo_odrive_bridge/share/ginkgo_odrive_bridge/Python_USB_CAN_Test_64bits/lib/windows/header
copying Python_USB_CAN_Test_64bits/lib/windows/header/ControlBoot.h -> /home/gerardo/TMR2026_Rescue/install/ginkgo_odrive_bridge/share/ginkgo_odrive_bridge/Python_USB_CAN_Test_64bits/lib/windows/header
copying Python_USB_CAN_Test_64bits/lib/windows/header/ControlSDI.h -> /home/gerardo/TMR2026_Rescue/install/ginkgo_odrive_bridge/share/ginkgo_odrive_bridge/Python_USB_CAN_Test_64bits/lib/windows/header
copying Python_USB_CAN_Test_64bits/lib/windows/header/ControlTest.h -> /home/gerardo/TMR2026_Rescue/install/ginkgo_odrive_bridge/share/ginkgo_odrive_bridge/Python_USB_CAN_Test_64bits/lib/windows/header
copying Python_USB_CAN_Test_64bits/lib/windows/header/ControlCAN.h -> /home/gerardo/TMR2026_Rescue/install/ginkgo_odrive_bridge/share/ginkgo_odrive_bridge/Python_USB_CAN_Test_64bits/lib/windows/header
copying Python_USB_CAN_Test_64bits/lib/windows/header/ControlUART.h -> /home/gerardo/TMR2026_Rescue/install/ginkgo_odrive_bridge/share/ginkgo_odrive_bridge/Python_USB_CAN_Test_64bits/lib/windows/header
copying Python_USB_CAN_Test_64bits/lib/windows/header/ControlSMBus.h -> /home/gerardo/TMR2026_Rescue/install/ginkgo_odrive_bridge/share/ginkgo_odrive_bridge/Python_USB_CAN_Test_64bits/lib/windows/header
copying Python_USB_CAN_Test_64bits/lib/windows/header/ControlSPI.h -> /home/gerardo/TMR2026_Rescue/install/ginkgo_odrive_bridge/share/ginkgo_odrive_bridge/Python_USB_CAN_Test_64bits/lib/windows/header
copying Python_USB_CAN_Test_64bits/lib/windows/header/ControlPWM.h -> /home/gerardo/TMR2026_Rescue/install/ginkgo_odrive_bridge/share/ginkgo_odrive_bridge/Python_USB_CAN_Test_64bits/lib/windows/header
copying Python_USB_CAN_Test_64bits/lib/windows/header/Control1Wire.h -> /home/gerardo/TMR2026_Rescue/install/ginkgo_odrive_bridge/share/ginkgo_odrive_bridge/Python_USB_CAN_Test_64bits/lib/windows/header
copying Python_USB_CAN_Test_64bits/lib/windows/header/ControlDigRF.h -> /home/gerardo/TMR2026_Rescue/install/ginkgo_odrive_bridge/share/ginkgo_odrive_bridge/Python_USB_CAN_Test_64bits/lib/windows/header
copying Python_USB_CAN_Test_64bits/lib/windows/header/ControlDAC.h -> /home/gerardo/TMR2026_Rescue/install/ginkgo_odrive_bridge/share/ginkgo_odrive_bridge/Python_USB_CAN_Test_64bits/lib/windows/header
copying Python_USB_CAN_Test_64bits/lib/windows/header/ControlPMBus.h -> /home/gerardo/TMR2026_Rescue/install/ginkgo_odrive_bridge/share/ginkgo_odrive_bridge/Python_USB_CAN_Test_64bits/lib/windows/header
running install_egg_info
Copying ../../../../build/ginkgo_odrive_bridge/ginkgo_odrive_bridge.egg-info to /home/gerardo/TMR2026_Rescue/install/ginkgo_odrive_bridge/lib/python3.10/site-packages/ginkgo_odrive_bridge-0.1.0-py3.10.egg-info
running install_scripts
Installing joint_state_bridge script to /home/gerardo/TMR2026_Rescue/install/ginkgo_odrive_bridge/lib/ginkgo_odrive_bridge
writing list of installed files to '/home/gerardo/TMR2026_Rescue/build/ginkgo_odrive_bridge/install.log'
