[0.855s] Invoking command in '/home/gerardo/TMR2026_Rescue/jaguar/arm/src/ginkgo_odrive_bridge': PYTHONPATH=/home/gerardo/TMR2026_Rescue/build/ginkgo_odrive_bridge/prefix_override:/usr/lib/python3/dist-packages/colcon_core/task/python/colcon_distutils_commands:/home/gerardo/TMR2026_Rescue/install/ginkgo_odrive_bridge/lib/python3.10/site-packages:${PYTHONPATH} /usr/bin/python3 -W ignore:setup.py install is deprecated -W ignore:easy_install command is deprecated setup.py egg_info --egg-base ../../../../build/ginkgo_odrive_bridge build --build-base /home/gerardo/TMR2026_Rescue/build/ginkgo_odrive_bridge/build install --record /home/gerardo/TMR2026_Rescue/build/ginkgo_odrive_bridge/install.log --single-version-externally-managed install_data
[1.039s] running egg_info
[1.041s] creating ../../../../build/ginkgo_odrive_bridge/ginkgo_odrive_bridge.egg-info
[1.041s] writing ../../../../build/ginkgo_odrive_bridge/ginkgo_odrive_bridge.egg-info/PKG-INFO
[1.041s] writing dependency_links to ../../../../build/ginkgo_odrive_bridge/ginkgo_odrive_bridge.egg-info/dependency_links.txt
[1.041s] writing entry points to ../../../../build/ginkgo_odrive_bridge/ginkgo_odrive_bridge.egg-info/entry_points.txt
[1.041s] writing requirements to ../../../../build/ginkgo_odrive_bridge/ginkgo_odrive_bridge.egg-info/requires.txt
[1.041s] writing top-level names to ../../../../build/ginkgo_odrive_bridge/ginkgo_odrive_bridge.egg-info/top_level.txt
[1.041s] writing manifest file '../../../../build/ginkgo_odrive_bridge/ginkgo_odrive_bridge.egg-info/SOURCES.txt'
[1.042s] reading manifest file '../../../../build/ginkgo_odrive_bridge/ginkgo_odrive_bridge.egg-info/SOURCES.txt'
[1.043s] writing manifest file '../../../../build/ginkgo_odrive_bridge/ginkgo_odrive_bridge.egg-info/SOURCES.txt'
[1.043s] running build
[1.043s] running build_py
[1.043s] creating /home/gerardo/TMR2026_Rescue/build/ginkgo_odrive_bridge/build
[1.043s] creating /home/gerardo/TMR2026_Rescue/build/ginkgo_odrive_bridge/build/lib
[1.043s] creating /home/gerardo/TMR2026_Rescue/build/ginkgo_odrive_bridge/build/lib/ginkgo_odrive_bridge
[1.043s] copying ginkgo_odrive_bridge/joint_state_bridge.py -> /home/gerardo/TMR2026_Rescue/build/ginkgo_odrive_bridge/build/lib/ginkgo_odrive_bridge
[1.044s] copying ginkgo_odrive_bridge/__init__.py -> /home/gerardo/TMR2026_Rescue/build/ginkgo_odrive_bridge/build/lib/ginkgo_odrive_bridge
[1.044s] running install
[1.044s] running install_lib
[1.045s] creating /home/gerardo/TMR2026_Rescue/install/ginkgo_odrive_bridge/lib/python3.10/site-packages/ginkgo_odrive_bridge
[1.045s] copying /home/gerardo/TMR2026_Rescue/build/ginkgo_odrive_bridge/build/lib/ginkgo_odrive_bridge/joint_state_bridge.py -> /home/gerardo/TMR2026_Rescue/install/ginkgo_odrive_bridge/lib/python3.10/site-packages/ginkgo_odrive_bridge
[1.045s] copying /home/gerardo/TMR2026_Rescue/build/ginkgo_odrive_bridge/build/lib/ginkgo_odrive_bridge/__init__.py -> /home/gerardo/TMR2026_Rescue/install/ginkgo_odrive_bridge/lib/python3.10/site-packages/ginkgo_odrive_bridge
[1.045s] byte-compiling /home/gerardo/TMR2026_Rescue/install/ginkgo_odrive_bridge/lib/python3.10/site-packages/ginkgo_odrive_bridge/joint_state_bridge.py to joint_state_bridge.cpython-310.pyc
[1.048s] byte-compiling /home/gerardo/TMR2026_Rescue/install/ginkgo_odrive_bridge/lib/python3.10/site-packages/ginkgo_odrive_bridge/__init__.py to __init__.cpython-310.pyc
[1.048s] running install_data
[1.048s] creating /home/gerardo/TMR2026_Rescue/install/ginkgo_odrive_bridge/share/ament_index
[1.048s] creating /home/gerardo/TMR2026_Rescue/install/ginkgo_odrive_bridge/share/ament_index/resource_index
[1.048s] creating /home/gerardo/TMR2026_Rescue/install/ginkgo_odrive_bridge/share/ament_index/resource_index/packages
[1.049s] copying resource/ginkgo_odrive_bridge -> /home/gerardo/TMR2026_Rescue/install/ginkgo_odrive_bridge/share/ament_index/resource_index/packages
[1.049s] copying package.xml -> /home/gerardo/TMR2026_Rescue/install/ginkgo_odrive_bridge/share/ginkgo_odrive_bridge
[1.049s] copying README.md -> /home/gerardo/TMR2026_Rescue/install/ginkgo_odrive_bridge/share/ginkgo_odrive_bridge
[1.049s] creating /home/gerardo/TMR2026_Rescue/install/ginkgo_odrive_bridge/share/ginkgo_odrive_bridge/config
[1.049s] copying config/joint_state_bridge.yaml -> /home/gerardo/TMR2026_Rescue/install/ginkgo_odrive_bridge/share/ginkgo_odrive_bridge/config
[1.049s] creating /home/gerardo/TMR2026_Rescue/install/ginkgo_odrive_bridge/share/ginkgo_odrive_bridge/launch
[1.049s] copying launch/joint_state_bridge.launch.py -> /home/gerardo/TMR2026_Rescue/install/ginkgo_odrive_bridge/share/ginkgo_odrive_bridge/launch
[1.050s] creating /home/gerardo/TMR2026_Rescue/install/ginkgo_odrive_bridge/share/ginkgo_odrive_bridge/Python_USB_CAN_Test_64bits
[1.050s] copying Python_USB_CAN_Test_64bits/ErrorType.py -> /home/gerardo/TMR2026_Rescue/install/ginkgo_odrive_bridge/share/ginkgo_odrive_bridge/Python_USB_CAN_Test_64bits
[1.050s] copying Python_USB_CAN_Test_64bits/ControlCAN.py -> /home/gerardo/TMR2026_Rescue/install/ginkgo_odrive_bridge/share/ginkgo_odrive_bridge/Python_USB_CAN_Test_64bits
[1.050s] creating /home/gerardo/TMR2026_Rescue/install/ginkgo_odrive_bridge/share/ginkgo_odrive_bridge/Python_USB_CAN_Test_64bits/ginkgo_can
[1.050s] copying Python_USB_CAN_Test_64bits/ginkgo_can/bus.py -> /home/gerardo/TMR2026_Rescue/install/ginkgo_odrive_bridge/share/ginkgo_odrive_bridge/Python_USB_CAN_Test_64bits/ginkgo_can
[1.050s] copying Python_USB_CAN_Test_64bits/ginkgo_can/odrive.py -> /home/gerardo/TMR2026_Rescue/install/ginkgo_odrive_bridge/share/ginkgo_odrive_bridge/Python_USB_CAN_Test_64bits/ginkgo_can
[1.050s] copying Python_USB_CAN_Test_64bits/ginkgo_can/__init__.py -> /home/gerardo/TMR2026_Rescue/install/ginkgo_odrive_bridge/share/ginkgo_odrive_bridge/Python_USB_CAN_Test_64bits/ginkgo_can
[1.050s] creating /home/gerardo/TMR2026_Rescue/install/ginkgo_odrive_bridge/share/ginkgo_odrive_bridge/Python_USB_CAN_Test_64bits/lib
[1.050s] creating /home/gerardo/TMR2026_Rescue/install/ginkgo_odrive_bridge/share/ginkgo_odrive_bridge/Python_USB_CAN_Test_64bits/lib/macos
[1.050s] copying Python_USB_CAN_Test_64bits/lib/macos/libusb-1.0.0.dylib -> /home/gerardo/TMR2026_Rescue/install/ginkgo_odrive_bridge/share/ginkgo_odrive_bridge/Python_USB_CAN_Test_64bits/lib/macos
[1.051s] copying Python_USB_CAN_Test_64bits/lib/macos/libusb-0.1.4.dylib -> /home/gerardo/TMR2026_Rescue/install/ginkgo_odrive_bridge/share/ginkgo_odrive_bridge/Python_USB_CAN_Test_64bits/lib/macos
[1.051s] copying Python_USB_CAN_Test_64bits/lib/macos/libGinkgo_Driver.dylib -> /home/gerardo/TMR2026_Rescue/install/ginkgo_odrive_bridge/share/ginkgo_odrive_bridge/Python_USB_CAN_Test_64bits/lib/macos
[1.052s] creating /home/gerardo/TMR2026_Rescue/install/ginkgo_odrive_bridge/share/ginkgo_odrive_bridge/Python_USB_CAN_Test_64bits/lib/windows
[1.052s] creating /home/gerardo/TMR2026_Rescue/install/ginkgo_odrive_bridge/share/ginkgo_odrive_bridge/Python_USB_CAN_Test_64bits/lib/windows/32bit
[1.052s] copying Python_USB_CAN_Test_64bits/lib/windows/32bit/Ginkgo_Driver.dll -> /home/gerardo/TMR2026_Rescue/install/ginkgo_odrive_bridge/share/ginkgo_odrive_bridge/Python_USB_CAN_Test_64bits/lib/windows/32bit
[1.053s] copying Python_USB_CAN_Test_64bits/lib/windows/32bit/Ginkgo_Driver.lib -> /home/gerardo/TMR2026_Rescue/install/ginkgo_odrive_bridge/share/ginkgo_odrive_bridge/Python_USB_CAN_Test_64bits/lib/windows/32bit
[1.053s] creating /home/gerardo/TMR2026_Rescue/install/ginkgo_odrive_bridge/share/ginkgo_odrive_bridge/Python_USB_CAN_Test_64bits/lib/windows/64bit
[1.053s] copying Python_USB_CAN_Test_64bits/lib/windows/64bit/Ginkgo_Driver.dll -> /home/gerardo/TMR2026_Rescue/install/ginkgo_odrive_bridge/share/ginkgo_odrive_bridge/Python_USB_CAN_Test_64bits/lib/windows/64bit
[1.054s] copying Python_USB_CAN_Test_64bits/lib/windows/64bit/64bit.zip -> /home/gerardo/TMR2026_Rescue/install/ginkgo_odrive_bridge/share/ginkgo_odrive_bridge/Python_USB_CAN_Test_64bits/lib/windows/64bit
[1.054s] copying Python_USB_CAN_Test_64bits/lib/windows/64bit/libusb0.dll.x86.bak -> /home/gerardo/TMR2026_Rescue/install/ginkgo_odrive_bridge/share/ginkgo_odrive_bridge/Python_USB_CAN_Test_64bits/lib/windows/64bit
[1.055s] copying Python_USB_CAN_Test_64bits/lib/windows/64bit/libusb0.zip -> /home/gerardo/TMR2026_Rescue/install/ginkgo_odrive_bridge/share/ginkgo_odrive_bridge/Python_USB_CAN_Test_64bits/lib/windows/64bit
[1.055s] copying Python_USB_CAN_Test_64bits/lib/windows/64bit/libusb0.dll -> /home/gerardo/TMR2026_Rescue/install/ginkgo_odrive_bridge/share/ginkgo_odrive_bridge/Python_USB_CAN_Test_64bits/lib/windows/64bit
[1.055s] copying Python_USB_CAN_Test_64bits/lib/windows/64bit/Ginkgo_Driver.lib -> /home/gerardo/TMR2026_Rescue/install/ginkgo_odrive_bridge/share/ginkgo_odrive_bridge/Python_USB_CAN_Test_64bits/lib/windows/64bit
[1.056s] creating /home/gerardo/TMR2026_Rescue/install/ginkgo_odrive_bridge/share/ginkgo_odrive_bridge/Python_USB_CAN_Test_64bits/lib/windows/header
[1.056s] copying Python_USB_CAN_Test_64bits/lib/windows/header/ControlI2C.h -> /home/gerardo/TMR2026_Rescue/install/ginkgo_odrive_bridge/share/ginkgo_odrive_bridge/Python_USB_CAN_Test_64bits/lib/windows/header
[1.056s] copying Python_USB_CAN_Test_64bits/lib/windows/header/ControlCNT.h -> /home/gerardo/TMR2026_Rescue/install/ginkgo_odrive_bridge/share/ginkgo_odrive_bridge/Python_USB_CAN_Test_64bits/lib/windows/header
[1.056s] copying Python_USB_CAN_Test_64bits/lib/windows/header/ControlADC.h -> /home/gerardo/TMR2026_Rescue/install/ginkgo_odrive_bridge/share/ginkgo_odrive_bridge/Python_USB_CAN_Test_64bits/lib/windows/header
[1.056s] copying Python_USB_CAN_Test_64bits/lib/windows/header/ControlGPIO.h -> /home/gerardo/TMR2026_Rescue/install/ginkgo_odrive_bridge/share/ginkgo_odrive_bridge/Python_USB_CAN_Test_64bits/lib/windows/header
[1.056s] copying Python_USB_CAN_Test_64bits/lib/windows/header/ControlBoot.h -> /home/gerardo/TMR2026_Rescue/install/ginkgo_odrive_bridge/share/ginkgo_odrive_bridge/Python_USB_CAN_Test_64bits/lib/windows/header
[1.056s] copying Python_USB_CAN_Test_64bits/lib/windows/header/ControlSDI.h -> /home/gerardo/TMR2026_Rescue/install/ginkgo_odrive_bridge/share/ginkgo_odrive_bridge/Python_USB_CAN_Test_64bits/lib/windows/header
[1.056s] copying Python_USB_CAN_Test_64bits/lib/windows/header/ControlTest.h -> /home/gerardo/TMR2026_Rescue/install/ginkgo_odrive_bridge/share/ginkgo_odrive_bridge/Python_USB_CAN_Test_64bits/lib/windows/header
[1.057s] copying Python_USB_CAN_Test_64bits/lib/windows/header/ControlCAN.h -> /home/gerardo/TMR2026_Rescue/install/ginkgo_odrive_bridge/share/ginkgo_odrive_bridge/Python_USB_CAN_Test_64bits/lib/windows/header
[1.057s] copying Python_USB_CAN_Test_64bits/lib/windows/header/ControlUART.h -> /home/gerardo/TMR2026_Rescue/install/ginkgo_odrive_bridge/share/ginkgo_odrive_bridge/Python_USB_CAN_Test_64bits/lib/windows/header
[1.057s] copying Python_USB_CAN_Test_64bits/lib/windows/header/ControlSMBus.h -> /home/gerardo/TMR2026_Rescue/install/ginkgo_odrive_bridge/share/ginkgo_odrive_bridge/Python_USB_CAN_Test_64bits/lib/windows/header
[1.057s] copying Python_USB_CAN_Test_64bits/lib/windows/header/ControlSPI.h -> /home/gerardo/TMR2026_Rescue/install/ginkgo_odrive_bridge/share/ginkgo_odrive_bridge/Python_USB_CAN_Test_64bits/lib/windows/header
[1.057s] copying Python_USB_CAN_Test_64bits/lib/windows/header/ControlPWM.h -> /home/gerardo/TMR2026_Rescue/install/ginkgo_odrive_bridge/share/ginkgo_odrive_bridge/Python_USB_CAN_Test_64bits/lib/windows/header
[1.057s] copying Python_USB_CAN_Test_64bits/lib/windows/header/Control1Wire.h -> /home/gerardo/TMR2026_Rescue/install/ginkgo_odrive_bridge/share/ginkgo_odrive_bridge/Python_USB_CAN_Test_64bits/lib/windows/header
[1.057s] copying Python_USB_CAN_Test_64bits/lib/windows/header/ControlDigRF.h -> /home/gerardo/TMR2026_Rescue/install/ginkgo_odrive_bridge/share/ginkgo_odrive_bridge/Python_USB_CAN_Test_64bits/lib/windows/header
[1.057s] copying Python_USB_CAN_Test_64bits/lib/windows/header/ControlDAC.h -> /home/gerardo/TMR2026_Rescue/install/ginkgo_odrive_bridge/share/ginkgo_odrive_bridge/Python_USB_CAN_Test_64bits/lib/windows/header
[1.057s] copying Python_USB_CAN_Test_64bits/lib/windows/header/ControlPMBus.h -> /home/gerardo/TMR2026_Rescue/install/ginkgo_odrive_bridge/share/ginkgo_odrive_bridge/Python_USB_CAN_Test_64bits/lib/windows/header
[1.057s] running install_egg_info
[1.059s] Copying ../../../../build/ginkgo_odrive_bridge/ginkgo_odrive_bridge.egg-info to /home/gerardo/TMR2026_Rescue/install/ginkgo_odrive_bridge/lib/python3.10/site-packages/ginkgo_odrive_bridge-0.1.0-py3.10.egg-info
[1.060s] running install_scripts
[1.077s] Installing joint_state_bridge script to /home/gerardo/TMR2026_Rescue/install/ginkgo_odrive_bridge/lib/ginkgo_odrive_bridge
[1.077s] writing list of installed files to '/home/gerardo/TMR2026_Rescue/build/ginkgo_odrive_bridge/install.log'
[1.098s] Invoked command in '/home/gerardo/TMR2026_Rescue/jaguar/arm/src/ginkgo_odrive_bridge' returned '0': PYTHONPATH=/home/gerardo/TMR2026_Rescue/build/ginkgo_odrive_bridge/prefix_override:/usr/lib/python3/dist-packages/colcon_core/task/python/colcon_distutils_commands:/home/gerardo/TMR2026_Rescue/install/ginkgo_odrive_bridge/lib/python3.10/site-packages:${PYTHONPATH} /usr/bin/python3 -W ignore:setup.py install is deprecated -W ignore:easy_install command is deprecated setup.py egg_info --egg-base ../../../../build/ginkgo_odrive_bridge build --build-base /home/gerardo/TMR2026_Rescue/build/ginkgo_odrive_bridge/build install --record /home/gerardo/TMR2026_Rescue/build/ginkgo_odrive_bridge/install.log --single-version-externally-managed install_data
