[0.019s] Invoking command in '/home/arepo/TMR2026_Rescue/jaguar/arm/build/jaguar_robot_full_description': CMAKE_PREFIX_PATH=/opt/ros/humble /home/arepo/.local/bin/cmake /home/arepo/TMR2026_Rescue/jaguar/arm/src/jaguar_robot_full_description -DCMAKE_INSTALL_PREFIX=/home/arepo/TMR2026_Rescue/jaguar/arm/install/jaguar_robot_full_description
[0.384s] -- The C compiler identification is GNU 11.4.0
[0.712s] -- The CXX compiler identification is GNU 11.4.0
[0.768s] -- Detecting C compiler ABI info
[0.878s] -- Detecting C compiler ABI info - done
[0.893s] -- Check for working C compiler: /usr/bin/cc - skipped
[0.896s] -- Detecting C compile features
[0.897s] -- Detecting C compile features - done
[0.915s] -- Detecting CXX compiler ABI info
[1.001s] -- Detecting CXX compiler ABI info - done
[1.015s] -- Check for working CXX compiler: /usr/bin/c++ - skipped
[1.015s] -- Detecting CXX compile features
[1.016s] -- Detecting CXX compile features - done
[1.040s] -- Found ament_cmake: 1.3.12 (/opt/ros/humble/share/ament_cmake/cmake)
[1.170s] -- Found Python3: /usr/bin/python3 (found version "3.10.12") found components: Interpreter
[1.343s] -- Configuring done (1.2s)
[1.348s] -- Generating done (0.0s)
[1.348s] -- Build files have been written to: /home/arepo/TMR2026_Rescue/jaguar/arm/build/jaguar_robot_full_description
[1.354s] Invoked command in '/home/arepo/TMR2026_Rescue/jaguar/arm/build/jaguar_robot_full_description' returned '0': CMAKE_PREFIX_PATH=/opt/ros/humble /home/arepo/.local/bin/cmake /home/arepo/TMR2026_Rescue/jaguar/arm/src/jaguar_robot_full_description -DCMAKE_INSTALL_PREFIX=/home/arepo/TMR2026_Rescue/jaguar/arm/install/jaguar_robot_full_description
[1.356s] Invoking command in '/home/arepo/TMR2026_Rescue/jaguar/arm/build/jaguar_robot_full_description': CMAKE_PREFIX_PATH=/opt/ros/humble /home/arepo/.local/bin/cmake --build /home/arepo/TMR2026_Rescue/jaguar/arm/build/jaguar_robot_full_description -- -j16 -l16
[1.430s] Invoked command in '/home/arepo/TMR2026_Rescue/jaguar/arm/build/jaguar_robot_full_description' returned '0': CMAKE_PREFIX_PATH=/opt/ros/humble /home/arepo/.local/bin/cmake --build /home/arepo/TMR2026_Rescue/jaguar/arm/build/jaguar_robot_full_description -- -j16 -l16
[1.493s] Invoking command in '/home/arepo/TMR2026_Rescue/jaguar/arm/build/jaguar_robot_full_description': CMAKE_PREFIX_PATH=/opt/ros/humble /home/arepo/.local/bin/cmake --install /home/arepo/TMR2026_Rescue/jaguar/arm/build/jaguar_robot_full_description
[1.554s] -- Install configuration: ""
[1.554s] -- Installing: /home/arepo/TMR2026_Rescue/jaguar/arm/install/jaguar_robot_full_description/share/jaguar_robot_full_description/launch
[1.554s] -- Installing: /home/arepo/TMR2026_Rescue/jaguar/arm/install/jaguar_robot_full_description/share/jaguar_robot_full_description/launch/launch.py
[1.554s] -- Installing: /home/arepo/TMR2026_Rescue/jaguar/arm/install/jaguar_robot_full_description/share/jaguar_robot_full_description/meshes
[1.554s] -- Installing: /home/arepo/TMR2026_Rescue/jaguar/arm/install/jaguar_robot_full_description/share/jaguar_robot_full_description/meshes/collision
[1.554s] -- Installing: /home/arepo/TMR2026_Rescue/jaguar/arm/install/jaguar_robot_full_description/share/jaguar_robot_full_description/meshes/collision/Link6.STL
[1.560s] -- Installing: /home/arepo/TMR2026_Rescue/jaguar/arm/install/jaguar_robot_full_description/share/jaguar_robot_full_description/meshes/collision/Link4.STL
[1.561s] -- Installing: /home/arepo/TMR2026_Rescue/jaguar/arm/install/jaguar_robot_full_description/share/jaguar_robot_full_description/meshes/collision/base_link.STL
[1.577s] -- Installing: /home/arepo/TMR2026_Rescue/jaguar/arm/install/jaguar_robot_full_description/share/jaguar_robot_full_description/meshes/collision/Link5.STL
[1.578s] -- Installing: /home/arepo/TMR2026_Rescue/jaguar/arm/install/jaguar_robot_full_description/share/jaguar_robot_full_description/meshes/collision/Link1.STL
[1.579s] -- Installing: /home/arepo/TMR2026_Rescue/jaguar/arm/install/jaguar_robot_full_description/share/jaguar_robot_full_description/meshes/collision/Link3.STL
[1.581s] -- Installing: /home/arepo/TMR2026_Rescue/jaguar/arm/install/jaguar_robot_full_description/share/jaguar_robot_full_description/meshes/collision/Link2.STL
[1.583s] -- Installing: /home/arepo/TMR2026_Rescue/jaguar/arm/install/jaguar_robot_full_description/share/jaguar_robot_full_description/meshes/visual
[1.583s] -- Installing: /home/arepo/TMR2026_Rescue/jaguar/arm/install/jaguar_robot_full_description/share/jaguar_robot_full_description/meshes/visual/Link6.STL
[1.589s] -- Installing: /home/arepo/TMR2026_Rescue/jaguar/arm/install/jaguar_robot_full_description/share/jaguar_robot_full_description/meshes/visual/Link4.STL
[1.589s] -- Installing: /home/arepo/TMR2026_Rescue/jaguar/arm/install/jaguar_robot_full_description/share/jaguar_robot_full_description/meshes/visual/base_link.STL
[1.605s] -- Installing: /home/arepo/TMR2026_Rescue/jaguar/arm/install/jaguar_robot_full_description/share/jaguar_robot_full_description/meshes/visual/Link5.STL
[1.606s] -- Installing: /home/arepo/TMR2026_Rescue/jaguar/arm/install/jaguar_robot_full_description/share/jaguar_robot_full_description/meshes/visual/Link1.STL
[1.607s] -- Installing: /home/arepo/TMR2026_Rescue/jaguar/arm/install/jaguar_robot_full_description/share/jaguar_robot_full_description/meshes/visual/Link3.STL
[1.609s] -- Installing: /home/arepo/TMR2026_Rescue/jaguar/arm/install/jaguar_robot_full_description/share/jaguar_robot_full_description/meshes/visual/Link2.STL
[1.611s] -- Installing: /home/arepo/TMR2026_Rescue/jaguar/arm/install/jaguar_robot_full_description/share/jaguar_robot_full_description/urdf
[1.611s] -- Installing: /home/arepo/TMR2026_Rescue/jaguar/arm/install/jaguar_robot_full_description/share/jaguar_robot_full_description/urdf/jaguar_robot_full.xacro
[1.611s] -- Installing: /home/arepo/TMR2026_Rescue/jaguar/arm/install/jaguar_robot_full_description/share/jaguar_robot_full_description/rviz
[1.611s] -- Installing: /home/arepo/TMR2026_Rescue/jaguar/arm/install/jaguar_robot_full_description/share/jaguar_robot_full_description/rviz/default.rviz
[1.611s] -- Installing: /home/arepo/TMR2026_Rescue/jaguar/arm/install/jaguar_robot_full_description/share/jaguar_robot_full_description/package.xml
[1.611s] -- Installing: /home/arepo/TMR2026_Rescue/jaguar/arm/install/jaguar_robot_full_description/share/jaguar_robot_full_description/resource/jaguar_robot_full_description
[1.611s] -- Installing: /home/arepo/TMR2026_Rescue/jaguar/arm/install/jaguar_robot_full_description/share/ament_index/resource_index/package_run_dependencies/jaguar_robot_full_description
[1.611s] -- Installing: /home/arepo/TMR2026_Rescue/jaguar/arm/install/jaguar_robot_full_description/share/ament_index/resource_index/parent_prefix_path/jaguar_robot_full_description
[1.612s] -- Installing: /home/arepo/TMR2026_Rescue/jaguar/arm/install/jaguar_robot_full_description/share/jaguar_robot_full_description/environment/ament_prefix_path.sh
[1.612s] -- Installing: /home/arepo/TMR2026_Rescue/jaguar/arm/install/jaguar_robot_full_description/share/jaguar_robot_full_description/environment/ament_prefix_path.dsv
[1.612s] -- Installing: /home/arepo/TMR2026_Rescue/jaguar/arm/install/jaguar_robot_full_description/share/jaguar_robot_full_description/environment/path.sh
[1.612s] -- Installing: /home/arepo/TMR2026_Rescue/jaguar/arm/install/jaguar_robot_full_description/share/jaguar_robot_full_description/environment/path.dsv
[1.612s] -- Installing: /home/arepo/TMR2026_Rescue/jaguar/arm/install/jaguar_robot_full_description/share/jaguar_robot_full_description/local_setup.bash
[1.612s] -- Installing: /home/arepo/TMR2026_Rescue/jaguar/arm/install/jaguar_robot_full_description/share/jaguar_robot_full_description/local_setup.sh
[1.612s] -- Installing: /home/arepo/TMR2026_Rescue/jaguar/arm/install/jaguar_robot_full_description/share/jaguar_robot_full_description/local_setup.zsh
[1.612s] -- Installing: /home/arepo/TMR2026_Rescue/jaguar/arm/install/jaguar_robot_full_description/share/jaguar_robot_full_description/local_setup.dsv
[1.613s] -- Installing: /home/arepo/TMR2026_Rescue/jaguar/arm/install/jaguar_robot_full_description/share/jaguar_robot_full_description/package.dsv
[1.613s] -- Installing: /home/arepo/TMR2026_Rescue/jaguar/arm/install/jaguar_robot_full_description/share/ament_index/resource_index/packages/jaguar_robot_full_description
[1.613s] -- Installing: /home/arepo/TMR2026_Rescue/jaguar/arm/install/jaguar_robot_full_description/share/jaguar_robot_full_description/cmake/jaguar_robot_full_descriptionConfig.cmake
[1.613s] -- Installing: /home/arepo/TMR2026_Rescue/jaguar/arm/install/jaguar_robot_full_description/share/jaguar_robot_full_description/cmake/jaguar_robot_full_descriptionConfig-version.cmake
[1.613s] -- Up-to-date: /home/arepo/TMR2026_Rescue/jaguar/arm/install/jaguar_robot_full_description/share/jaguar_robot_full_description/package.xml
[1.615s] Invoked command in '/home/arepo/TMR2026_Rescue/jaguar/arm/build/jaguar_robot_full_description' returned '0': CMAKE_PREFIX_PATH=/opt/ros/humble /home/arepo/.local/bin/cmake --install /home/arepo/TMR2026_Rescue/jaguar/arm/build/jaguar_robot_full_description
