[0.095s] [34mcolcon[0m [1;30mDEBUG[0m [32mCommand line arguments: ['/usr/bin/colcon', 'build'][0m
[0.095s] [34mcolcon[0m [1;30mDEBUG[0m [32mParsed command line arguments: Namespace(log_base=None, log_level=None, verb_name='build', build_base='build', install_base='install', merge_install=False, symlink_install=False, test_result_base=None, continue_on_error=False, executor='parallel', parallel_workers=16, event_handlers=None, ignore_user_meta=False, metas=['./colcon.meta'], base_paths=['.'], packages_ignore=None, packages_ignore_regex=None, paths=None, packages_up_to=None, packages_up_to_regex=None, packages_above=None, packages_above_and_dependencies=None, packages_above_depth=None, packages_select_by_dep=None, packages_skip_by_dep=None, packages_skip_up_to=None, packages_select_build_failed=False, packages_skip_build_finished=False, packages_select_test_failures=False, packages_skip_test_passed=False, packages_select=None, packages_skip=None, packages_select_regex=None, packages_skip_regex=None, packages_start=None, packages_end=None, allow_overriding=[], cmake_args=None, cmake_target=None, cmake_target_skip_unavailable=False, cmake_clean_cache=False, cmake_clean_first=False, cmake_force_configure=False, ament_cmake_args=None, catkin_cmake_args=None, catkin_skip_building_tests=False, mixin_files=None, mixin=None, verb_parser=<colcon_mixin.mixin.mixin_argument.MixinArgumentDecorator object at 0x7744ab6473d0>, verb_extension=<colcon_core.verb.build.BuildVerb object at 0x7744ab6466b0>, main=<bound method BuildVerb.main of <colcon_core.verb.build.BuildVerb object at 0x7744ab6466b0>>, mixin_verb=('build',))[0m
[0.121s] [34mcolcon.colcon_core.package_discovery[0m [1;30mLevel 1[0m discover_packages(colcon_meta) check parameters
[0.121s] [34mcolcon.colcon_core.package_discovery[0m [1;30mLevel 1[0m discover_packages(recursive) check parameters
[0.121s] [34mcolcon.colcon_core.package_discovery[0m [1;30mLevel 1[0m discover_packages(ignore) check parameters
[0.121s] [34mcolcon.colcon_core.package_discovery[0m [1;30mLevel 1[0m discover_packages(path) check parameters
[0.121s] [34mcolcon.colcon_core.package_discovery[0m [1;30mLevel 1[0m discover_packages(colcon_meta) discover
[0.121s] [34mcolcon.colcon_core.package_discovery[0m [1;30mLevel 1[0m discover_packages(recursive) discover
[0.121s] [34mcolcon.colcon_core.package_discovery[0m [1;30mINFO[0m Crawling recursively for packages in '/home/arepo/TMR2026_Rescue/shared/gui_ws'
[0.122s] [34mcolcon.colcon_core.package_identification[0m [1;30mLevel 1[0m _identify(.) by extensions ['ignore', 'ignore_ament_install']
[0.122s] [34mcolcon.colcon_core.package_identification[0m [1;30mLevel 1[0m _identify(.) by extension 'ignore'
[0.122s] [34mcolcon.colcon_core.package_identification[0m [1;30mLevel 1[0m _identify(.) by extension 'ignore_ament_install'
[0.122s] [34mcolcon.colcon_core.package_identification[0m [1;30mLevel 1[0m _identify(.) by extensions ['colcon_pkg']
[0.122s] [34mcolcon.colcon_core.package_identification[0m [1;30mLevel 1[0m _identify(.) by extension 'colcon_pkg'
[0.122s] [34mcolcon.colcon_core.package_identification[0m [1;30mLevel 1[0m _identify(.) by extensions ['colcon_meta']
[0.122s] [34mcolcon.colcon_core.package_identification[0m [1;30mLevel 1[0m _identify(.) by extension 'colcon_meta'
[0.122s] [34mcolcon.colcon_core.package_identification[0m [1;30mLevel 1[0m _identify(.) by extensions ['ros']
[0.122s] [34mcolcon.colcon_core.package_identification[0m [1;30mLevel 1[0m _identify(.) by extension 'ros'
[0.132s] [34mcolcon.colcon_core.package_identification[0m [1;30mLevel 1[0m _identify(.) by extensions ['cmake', 'python']
[0.132s] [34mcolcon.colcon_core.package_identification[0m [1;30mLevel 1[0m _identify(.) by extension 'cmake'
[0.132s] [34mcolcon.colcon_core.package_identification[0m [1;30mLevel 1[0m _identify(.) by extension 'python'
[0.132s] [34mcolcon.colcon_core.package_identification[0m [1;30mLevel 1[0m _identify(.) by extensions ['python_setup_py']
[0.132s] [34mcolcon.colcon_core.package_identification[0m [1;30mLevel 1[0m _identify(.) by extension 'python_setup_py'
[0.132s] [34mcolcon.colcon_core.package_identification[0m [1;30mLevel 1[0m _identify(build) by extensions ['ignore', 'ignore_ament_install']
[0.132s] [34mcolcon.colcon_core.package_identification[0m [1;30mLevel 1[0m _identify(build) by extension 'ignore'
[0.132s] [34mcolcon.colcon_core.package_identification[0m [1;30mLevel 1[0m _identify(build) ignored
[0.132s] [34mcolcon.colcon_core.package_identification[0m [1;30mLevel 1[0m _identify(install) by extensions ['ignore', 'ignore_ament_install']
[0.132s] [34mcolcon.colcon_core.package_identification[0m [1;30mLevel 1[0m _identify(install) by extension 'ignore'
[0.132s] [34mcolcon.colcon_core.package_identification[0m [1;30mLevel 1[0m _identify(install) ignored
[0.132s] [34mcolcon.colcon_core.package_identification[0m [1;30mLevel 1[0m _identify(log) by extensions ['ignore', 'ignore_ament_install']
[0.132s] [34mcolcon.colcon_core.package_identification[0m [1;30mLevel 1[0m _identify(log) by extension 'ignore'
[0.132s] [34mcolcon.colcon_core.package_identification[0m [1;30mLevel 1[0m _identify(log) ignored
[0.132s] [34mcolcon.colcon_core.package_identification[0m [1;30mLevel 1[0m _identify(src) by extensions ['ignore', 'ignore_ament_install']
[0.132s] [34mcolcon.colcon_core.package_identification[0m [1;30mLevel 1[0m _identify(src) by extension 'ignore'
[0.132s] [34mcolcon.colcon_core.package_identification[0m [1;30mLevel 1[0m _identify(src) by extension 'ignore_ament_install'
[0.132s] [34mcolcon.colcon_core.package_identification[0m [1;30mLevel 1[0m _identify(src) by extensions ['colcon_pkg']
[0.132s] [34mcolcon.colcon_core.package_identification[0m [1;30mLevel 1[0m _identify(src) by extension 'colcon_pkg'
[0.132s] [34mcolcon.colcon_core.package_identification[0m [1;30mLevel 1[0m _identify(src) by extensions ['colcon_meta']
[0.132s] [34mcolcon.colcon_core.package_identification[0m [1;30mLevel 1[0m _identify(src) by extension 'colcon_meta'
[0.133s] [34mcolcon.colcon_core.package_identification[0m [1;30mLevel 1[0m _identify(src) by extensions ['ros']
[0.133s] [34mcolcon.colcon_core.package_identification[0m [1;30mLevel 1[0m _identify(src) by extension 'ros'
[0.133s] [34mcolcon.colcon_core.package_identification[0m [1;30mLevel 1[0m _identify(src) by extensions ['cmake', 'python']
[0.133s] [34mcolcon.colcon_core.package_identification[0m [1;30mLevel 1[0m _identify(src) by extension 'cmake'
[0.133s] [34mcolcon.colcon_core.package_identification[0m [1;30mLevel 1[0m _identify(src) by extension 'python'
[0.133s] [34mcolcon.colcon_core.package_identification[0m [1;30mLevel 1[0m _identify(src) by extensions ['python_setup_py']
[0.133s] [34mcolcon.colcon_core.package_identification[0m [1;30mLevel 1[0m _identify(src) by extension 'python_setup_py'
[0.133s] [34mcolcon.colcon_core.package_identification[0m [1;30mLevel 1[0m _identify(src/esp32_bridge) by extensions ['ignore', 'ignore_ament_install']
[0.133s] [34mcolcon.colcon_core.package_identification[0m [1;30mLevel 1[0m _identify(src/esp32_bridge) by extension 'ignore'
[0.133s] [34mcolcon.colcon_core.package_identification[0m [1;30mLevel 1[0m _identify(src/esp32_bridge) by extension 'ignore_ament_install'
[0.133s] [34mcolcon.colcon_core.package_identification[0m [1;30mLevel 1[0m _identify(src/esp32_bridge) by extensions ['colcon_pkg']
[0.133s] [34mcolcon.colcon_core.package_identification[0m [1;30mLevel 1[0m _identify(src/esp32_bridge) by extension 'colcon_pkg'
[0.133s] [34mcolcon.colcon_core.package_identification[0m [1;30mLevel 1[0m _identify(src/esp32_bridge) by extensions ['colcon_meta']
[0.133s] [34mcolcon.colcon_core.package_identification[0m [1;30mLevel 1[0m _identify(src/esp32_bridge) by extension 'colcon_meta'
[0.133s] [34mcolcon.colcon_core.package_identification[0m [1;30mLevel 1[0m _identify(src/esp32_bridge) by extensions ['ros']
[0.133s] [34mcolcon.colcon_core.package_identification[0m [1;30mLevel 1[0m _identify(src/esp32_bridge) by extension 'ros'
[0.135s] [34mcolcon.colcon_core.package_identification[0m [1;30mDEBUG[0m [32mPackage 'src/esp32_bridge' with type 'ros.ament_python' and name 'esp32_bridge'[0m
[0.135s] [34mcolcon.colcon_core.package_identification[0m [1;30mLevel 1[0m _identify(src/gui) by extensions ['ignore', 'ignore_ament_install']
[0.135s] [34mcolcon.colcon_core.package_identification[0m [1;30mLevel 1[0m _identify(src/gui) by extension 'ignore'
[0.135s] [34mcolcon.colcon_core.package_identification[0m [1;30mLevel 1[0m _identify(src/gui) by extension 'ignore_ament_install'
[0.135s] [34mcolcon.colcon_core.package_identification[0m [1;30mLevel 1[0m _identify(src/gui) by extensions ['colcon_pkg']
[0.135s] [34mcolcon.colcon_core.package_identification[0m [1;30mLevel 1[0m _identify(src/gui) by extension 'colcon_pkg'
[0.135s] [34mcolcon.colcon_core.package_identification[0m [1;30mLevel 1[0m _identify(src/gui) by extensions ['colcon_meta']
[0.135s] [34mcolcon.colcon_core.package_identification[0m [1;30mLevel 1[0m _identify(src/gui) by extension 'colcon_meta'
[0.135s] [34mcolcon.colcon_core.package_identification[0m [1;30mLevel 1[0m _identify(src/gui) by extensions ['ros']
[0.135s] [34mcolcon.colcon_core.package_identification[0m [1;30mLevel 1[0m _identify(src/gui) by extension 'ros'
[0.136s] [34mcolcon.colcon_core.package_identification[0m [1;30mDEBUG[0m [32mPackage 'src/gui' with type 'ros.ament_cmake' and name 'gui'[0m
[0.136s] [34mcolcon.colcon_core.package_discovery[0m [1;30mLevel 1[0m discover_packages(recursive) using defaults
[0.136s] [34mcolcon.colcon_core.package_discovery[0m [1;30mLevel 1[0m discover_packages(ignore) discover
[0.136s] [34mcolcon.colcon_core.package_discovery[0m [1;30mLevel 1[0m discover_packages(ignore) using defaults
[0.136s] [34mcolcon.colcon_core.package_discovery[0m [1;30mLevel 1[0m discover_packages(path) discover
[0.136s] [34mcolcon.colcon_core.package_discovery[0m [1;30mLevel 1[0m discover_packages(path) using defaults
[0.147s] [34mcolcon.colcon_core.package_discovery[0m [1;30mLevel 1[0m discover_packages(prefix_path) check parameters
[0.147s] [34mcolcon.colcon_core.package_discovery[0m [1;30mLevel 1[0m discover_packages(prefix_path) discover
[0.149s] [34mcolcon.colcon_installed_package_information.package_discovery[0m [1;30mDEBUG[0m [32mFound 2 installed packages in /home/arepo/TMR2026_Rescue/shared/gui_ws/install[0m
[0.150s] [34mcolcon.colcon_installed_package_information.package_discovery[0m [1;30mDEBUG[0m [32mFound 459 installed packages in /opt/ros/humble[0m
[0.152s] [34mcolcon.colcon_core.package_discovery[0m [1;30mLevel 1[0m discover_packages(prefix_path) using defaults
[0.201s] [34mcolcon.colcon_core.verb[0m [1;30mLevel 5[0m set package 'esp32_bridge' build argument 'cmake_args' from command line to 'None'
[0.201s] [34mcolcon.colcon_core.verb[0m [1;30mLevel 5[0m set package 'esp32_bridge' build argument 'cmake_target' from command line to 'None'
[0.201s] [34mcolcon.colcon_core.verb[0m [1;30mLevel 5[0m set package 'esp32_bridge' build argument 'cmake_target_skip_unavailable' from command line to 'False'
[0.201s] [34mcolcon.colcon_core.verb[0m [1;30mLevel 5[0m set package 'esp32_bridge' build argument 'cmake_clean_cache' from command line to 'False'
[0.201s] [34mcolcon.colcon_core.verb[0m [1;30mLevel 5[0m set package 'esp32_bridge' build argument 'cmake_clean_first' from command line to 'False'
[0.201s] [34mcolcon.colcon_core.verb[0m [1;30mLevel 5[0m set package 'esp32_bridge' build argument 'cmake_force_configure' from command line to 'False'
[0.201s] [34mcolcon.colcon_core.verb[0m [1;30mLevel 5[0m set package 'esp32_bridge' build argument 'ament_cmake_args' from command line to 'None'
[0.201s] [34mcolcon.colcon_core.verb[0m [1;30mLevel 5[0m set package 'esp32_bridge' build argument 'catkin_cmake_args' from command line to 'None'
[0.201s] [34mcolcon.colcon_core.verb[0m [1;30mLevel 5[0m set package 'esp32_bridge' build argument 'catkin_skip_building_tests' from command line to 'False'
[0.201s] [34mcolcon.colcon_core.verb[0m [1;30mDEBUG[0m [32mBuilding package 'esp32_bridge' with the following arguments: {'ament_cmake_args': None, 'build_base': '/home/arepo/TMR2026_Rescue/shared/gui_ws/build/esp32_bridge', 'catkin_cmake_args': None, 'catkin_skip_building_tests': False, 'cmake_args': None, 'cmake_clean_cache': False, 'cmake_clean_first': False, 'cmake_force_configure': False, 'cmake_target': None, 'cmake_target_skip_unavailable': False, 'install_base': '/home/arepo/TMR2026_Rescue/shared/gui_ws/install/esp32_bridge', 'merge_install': False, 'path': '/home/arepo/TMR2026_Rescue/shared/gui_ws/src/esp32_bridge', 'symlink_install': False, 'test_result_base': None}[0m
[0.201s] [34mcolcon.colcon_core.verb[0m [1;30mLevel 5[0m set package 'gui' build argument 'cmake_args' from command line to 'None'
[0.202s] [34mcolcon.colcon_core.verb[0m [1;30mLevel 5[0m set package 'gui' build argument 'cmake_target' from command line to 'None'
[0.202s] [34mcolcon.colcon_core.verb[0m [1;30mLevel 5[0m set package 'gui' build argument 'cmake_target_skip_unavailable' from command line to 'False'
[0.202s] [34mcolcon.colcon_core.verb[0m [1;30mLevel 5[0m set package 'gui' build argument 'cmake_clean_cache' from command line to 'False'
[0.202s] [34mcolcon.colcon_core.verb[0m [1;30mLevel 5[0m set package 'gui' build argument 'cmake_clean_first' from command line to 'False'
[0.202s] [34mcolcon.colcon_core.verb[0m [1;30mLevel 5[0m set package 'gui' build argument 'cmake_force_configure' from command line to 'False'
[0.202s] [34mcolcon.colcon_core.verb[0m [1;30mLevel 5[0m set package 'gui' build argument 'ament_cmake_args' from command line to 'None'
[0.202s] [34mcolcon.colcon_core.verb[0m [1;30mLevel 5[0m set package 'gui' build argument 'catkin_cmake_args' from command line to 'None'
[0.202s] [34mcolcon.colcon_core.verb[0m [1;30mLevel 5[0m set package 'gui' build argument 'catkin_skip_building_tests' from command line to 'False'
[0.202s] [34mcolcon.colcon_core.verb[0m [1;30mDEBUG[0m [32mBuilding package 'gui' with the following arguments: {'ament_cmake_args': None, 'build_base': '/home/arepo/TMR2026_Rescue/shared/gui_ws/build/gui', 'catkin_cmake_args': None, 'catkin_skip_building_tests': False, 'cmake_args': None, 'cmake_clean_cache': False, 'cmake_clean_first': False, 'cmake_force_configure': False, 'cmake_target': None, 'cmake_target_skip_unavailable': False, 'install_base': '/home/arepo/TMR2026_Rescue/shared/gui_ws/install/gui', 'merge_install': False, 'path': '/home/arepo/TMR2026_Rescue/shared/gui_ws/src/gui', 'symlink_install': False, 'test_result_base': None}[0m
[0.202s] [34mcolcon.colcon_core.executor[0m [1;30mINFO[0m Executing jobs using 'parallel' executor
[0.203s] [34mcolcon.colcon_parallel_executor.executor.parallel[0m [1;30mDEBUG[0m [32mrun_until_complete[0m
[0.203s] [34mcolcon.colcon_ros.task.ament_python.build[0m [1;30mINFO[0m Building ROS package in '/home/arepo/TMR2026_Rescue/shared/gui_ws/src/esp32_bridge' with build type 'ament_python'
[0.203s] [34mcolcon.colcon_core.shell[0m [1;30mLevel 1[0m create_environment_hook('esp32_bridge', 'ament_prefix_path')
[0.204s] [34mcolcon.colcon_core.plugin_system[0m [1;30mINFO[0m Skipping extension 'colcon_core.shell.bat': Not used on non-Windows systems
[0.205s] [34mcolcon.colcon_core.shell[0m [1;30mINFO[0m Creating environment hook '/home/arepo/TMR2026_Rescue/shared/gui_ws/install/esp32_bridge/share/esp32_bridge/hook/ament_prefix_path.ps1'
[0.205s] [34mcolcon.colcon_core.shell[0m [1;30mINFO[0m Creating environment descriptor '/home/arepo/TMR2026_Rescue/shared/gui_ws/install/esp32_bridge/share/esp32_bridge/hook/ament_prefix_path.dsv'
[0.205s] [34mcolcon.colcon_core.shell[0m [1;30mINFO[0m Creating environment hook '/home/arepo/TMR2026_Rescue/shared/gui_ws/install/esp32_bridge/share/esp32_bridge/hook/ament_prefix_path.sh'
[0.206s] [34mcolcon.colcon_core.shell[0m [1;30mINFO[0m Skip shell extension 'powershell' for command environment: Not usable outside of PowerShell
[0.206s] [34mcolcon.colcon_core.shell[0m [1;30mDEBUG[0m [32mSkip shell extension 'dsv' for command environment[0m
[0.209s] [34mcolcon.colcon_ros.task.ament_cmake.build[0m [1;30mINFO[0m Building ROS package in '/home/arepo/TMR2026_Rescue/shared/gui_ws/src/gui' with build type 'ament_cmake'
[0.209s] [34mcolcon.colcon_cmake.task.cmake.build[0m [1;30mINFO[0m Building CMake package in '/home/arepo/TMR2026_Rescue/shared/gui_ws/src/gui'
[0.210s] [34mcolcon.colcon_core.shell[0m [1;30mINFO[0m Skip shell extension 'powershell' for command environment: Not usable outside of PowerShell
[0.210s] [34mcolcon.colcon_core.shell[0m [1;30mDEBUG[0m [32mSkip shell extension 'dsv' for command environment[0m
[0.376s] [34mcolcon.colcon_core.task.python.build[0m [1;30mINFO[0m Building Python package in '/home/arepo/TMR2026_Rescue/shared/gui_ws/src/esp32_bridge'
[0.376s] [34mcolcon.colcon_core.shell[0m [1;30mINFO[0m Skip shell extension 'powershell' for command environment: Not usable outside of PowerShell
[0.376s] [34mcolcon.colcon_core.shell[0m [1;30mDEBUG[0m [32mSkip shell extension 'dsv' for command environment[0m
[0.384s] [34mcolcon.colcon_core.event_handler.log_command[0m [1;30mDEBUG[0m [32mInvoking command in '/home/arepo/TMR2026_Rescue/shared/gui_ws/build/gui': CMAKE_PREFIX_PATH=${CMAKE_PREFIX_PATH}:/home/arepo/TMR2026_Rescue/shared/gui_ws/install/esp32_bridge:/opt/ros/humble /home/arepo/.local/bin/cmake --build /home/arepo/TMR2026_Rescue/shared/gui_ws/build/gui -- -j16 -l16[0m
[0.918s] [34mcolcon.colcon_core.event_handler.log_command[0m [1;30mDEBUG[0m [32mInvoking command in '/home/arepo/TMR2026_Rescue/shared/gui_ws/src/esp32_bridge': PYTHONPATH=/home/arepo/TMR2026_Rescue/shared/gui_ws/build/esp32_bridge/prefix_override:/usr/lib/python3/dist-packages/colcon_core/task/python/colcon_distutils_commands:/home/arepo/TMR2026_Rescue/shared/gui_ws/install/esp32_bridge/lib/python3.10/site-packages:${PYTHONPATH} /usr/bin/python3 -W ignore:setup.py install is deprecated -W ignore:easy_install command is deprecated setup.py egg_info --egg-base ../../build/esp32_bridge build --build-base /home/arepo/TMR2026_Rescue/shared/gui_ws/build/esp32_bridge/build install --record /home/arepo/TMR2026_Rescue/shared/gui_ws/build/esp32_bridge/install.log --single-version-externally-managed install_data[0m
[1.451s] [34mcolcon.colcon_core.event_handler.log_command[0m [1;30mDEBUG[0m [32mInvoked command in '/home/arepo/TMR2026_Rescue/shared/gui_ws/src/esp32_bridge' returned '0': PYTHONPATH=/home/arepo/TMR2026_Rescue/shared/gui_ws/build/esp32_bridge/prefix_override:/usr/lib/python3/dist-packages/colcon_core/task/python/colcon_distutils_commands:/home/arepo/TMR2026_Rescue/shared/gui_ws/install/esp32_bridge/lib/python3.10/site-packages:${PYTHONPATH} /usr/bin/python3 -W ignore:setup.py install is deprecated -W ignore:easy_install command is deprecated setup.py egg_info --egg-base ../../build/esp32_bridge build --build-base /home/arepo/TMR2026_Rescue/shared/gui_ws/build/esp32_bridge/build install --record /home/arepo/TMR2026_Rescue/shared/gui_ws/build/esp32_bridge/install.log --single-version-externally-managed install_data[0m
[1.453s] [34mcolcon.colcon_core.environment[0m [1;30mLevel 1[0m checking '/home/arepo/TMR2026_Rescue/shared/gui_ws/install/esp32_bridge' for CMake module files
[1.453s] [34mcolcon.colcon_core.environment[0m [1;30mLevel 1[0m checking '/home/arepo/TMR2026_Rescue/shared/gui_ws/install/esp32_bridge' for CMake config files
[1.454s] [34mcolcon.colcon_core.environment[0m [1;30mLevel 1[0m checking '/home/arepo/TMR2026_Rescue/shared/gui_ws/install/esp32_bridge/lib'
[1.454s] [34mcolcon.colcon_core.environment[0m [1;30mLevel 1[0m checking '/home/arepo/TMR2026_Rescue/shared/gui_ws/install/esp32_bridge/bin'
[1.454s] [34mcolcon.colcon_core.shell[0m [1;30mLevel 1[0m create_environment_hook('esp32_bridge', 'path')
[1.454s] [34mcolcon.colcon_core.shell[0m [1;30mINFO[0m Creating environment hook '/home/arepo/TMR2026_Rescue/shared/gui_ws/install/esp32_bridge/share/esp32_bridge/hook/path.ps1'
[1.455s] [34mcolcon.colcon_core.shell[0m [1;30mINFO[0m Creating environment descriptor '/home/arepo/TMR2026_Rescue/shared/gui_ws/install/esp32_bridge/share/esp32_bridge/hook/path.dsv'
[1.455s] [34mcolcon.colcon_core.shell[0m [1;30mINFO[0m Creating environment hook '/home/arepo/TMR2026_Rescue/shared/gui_ws/install/esp32_bridge/share/esp32_bridge/hook/path.sh'
[1.456s] [34mcolcon.colcon_core.environment[0m [1;30mLevel 1[0m checking '/home/arepo/TMR2026_Rescue/shared/gui_ws/install/esp32_bridge/lib/pkgconfig/esp32_bridge.pc'
[1.456s] [34mcolcon.colcon_core.environment[0m [1;30mLevel 1[0m checking '/home/arepo/TMR2026_Rescue/shared/gui_ws/install/esp32_bridge/lib/python3.10/site-packages'
[1.456s] [34mcolcon.colcon_core.shell[0m [1;30mLevel 1[0m create_environment_hook('esp32_bridge', 'pythonpath')
[1.456s] [34mcolcon.colcon_core.shell[0m [1;30mINFO[0m Creating environment hook '/home/arepo/TMR2026_Rescue/shared/gui_ws/install/esp32_bridge/share/esp32_bridge/hook/pythonpath.ps1'
[1.456s] [34mcolcon.colcon_core.shell[0m [1;30mINFO[0m Creating environment descriptor '/home/arepo/TMR2026_Rescue/shared/gui_ws/install/esp32_bridge/share/esp32_bridge/hook/pythonpath.dsv'
[1.457s] [34mcolcon.colcon_core.shell[0m [1;30mINFO[0m Creating environment hook '/home/arepo/TMR2026_Rescue/shared/gui_ws/install/esp32_bridge/share/esp32_bridge/hook/pythonpath.sh'
[1.457s] [34mcolcon.colcon_core.environment[0m [1;30mLevel 1[0m checking '/home/arepo/TMR2026_Rescue/shared/gui_ws/install/esp32_bridge/bin'
[1.457s] [34mcolcon.colcon_core.shell[0m [1;30mLevel 1[0m create_environment_hook('esp32_bridge', 'pythonscriptspath')
[1.457s] [34mcolcon.colcon_core.shell[0m [1;30mINFO[0m Creating environment hook '/home/arepo/TMR2026_Rescue/shared/gui_ws/install/esp32_bridge/share/esp32_bridge/hook/pythonscriptspath.ps1'
[1.458s] [34mcolcon.colcon_core.shell[0m [1;30mINFO[0m Creating environment descriptor '/home/arepo/TMR2026_Rescue/shared/gui_ws/install/esp32_bridge/share/esp32_bridge/hook/pythonscriptspath.dsv'
[1.458s] [34mcolcon.colcon_core.shell[0m [1;30mINFO[0m Creating environment hook '/home/arepo/TMR2026_Rescue/shared/gui_ws/install/esp32_bridge/share/esp32_bridge/hook/pythonscriptspath.sh'
[1.458s] [34mcolcon.colcon_core.environment[0m [1;30mLevel 1[0m create_environment_scripts_only(esp32_bridge)
[1.458s] [34mcolcon.colcon_core.shell[0m [1;30mINFO[0m Creating package script '/home/arepo/TMR2026_Rescue/shared/gui_ws/install/esp32_bridge/share/esp32_bridge/package.ps1'
[1.459s] [34mcolcon.colcon_core.shell[0m [1;30mINFO[0m Creating package descriptor '/home/arepo/TMR2026_Rescue/shared/gui_ws/install/esp32_bridge/share/esp32_bridge/package.dsv'
[1.460s] [34mcolcon.colcon_core.shell[0m [1;30mINFO[0m Creating package script '/home/arepo/TMR2026_Rescue/shared/gui_ws/install/esp32_bridge/share/esp32_bridge/package.sh'
[1.460s] [34mcolcon.colcon_core.shell[0m [1;30mINFO[0m Creating package script '/home/arepo/TMR2026_Rescue/shared/gui_ws/install/esp32_bridge/share/esp32_bridge/package.bash'
[1.461s] [34mcolcon.colcon_core.shell[0m [1;30mINFO[0m Creating package script '/home/arepo/TMR2026_Rescue/shared/gui_ws/install/esp32_bridge/share/esp32_bridge/package.zsh'
[1.461s] [34mcolcon.colcon_core.environment[0m [1;30mLevel 1[0m create_file_with_runtime_dependencies(/home/arepo/TMR2026_Rescue/shared/gui_ws/install/esp32_bridge/share/colcon-core/packages/esp32_bridge)
[19.933s] [34mcolcon.colcon_core.event_handler.log_command[0m [1;30mDEBUG[0m [32mInvoked command in '/home/arepo/TMR2026_Rescue/shared/gui_ws/build/gui' returned '0': CMAKE_PREFIX_PATH=${CMAKE_PREFIX_PATH}:/home/arepo/TMR2026_Rescue/shared/gui_ws/install/esp32_bridge:/opt/ros/humble /home/arepo/.local/bin/cmake --build /home/arepo/TMR2026_Rescue/shared/gui_ws/build/gui -- -j16 -l16[0m
[19.992s] [34mcolcon.colcon_core.event_handler.log_command[0m [1;30mDEBUG[0m [32mInvoking command in '/home/arepo/TMR2026_Rescue/shared/gui_ws/build/gui': CMAKE_PREFIX_PATH=${CMAKE_PREFIX_PATH}:/home/arepo/TMR2026_Rescue/shared/gui_ws/install/esp32_bridge:/opt/ros/humble /home/arepo/.local/bin/cmake --install /home/arepo/TMR2026_Rescue/shared/gui_ws/build/gui[0m
[20.087s] [34mcolcon.colcon_core.environment[0m [1;30mLevel 1[0m create_environment_scripts_only(gui)
[20.087s] [34mcolcon.colcon_core.environment[0m [1;30mLevel 1[0m checking '/home/arepo/TMR2026_Rescue/shared/gui_ws/install/gui' for CMake module files
[20.087s] [34mcolcon.colcon_core.event_handler.log_command[0m [1;30mDEBUG[0m [32mInvoked command in '/home/arepo/TMR2026_Rescue/shared/gui_ws/build/gui' returned '0': CMAKE_PREFIX_PATH=${CMAKE_PREFIX_PATH}:/home/arepo/TMR2026_Rescue/shared/gui_ws/install/esp32_bridge:/opt/ros/humble /home/arepo/.local/bin/cmake --install /home/arepo/TMR2026_Rescue/shared/gui_ws/build/gui[0m
[20.088s] [34mcolcon.colcon_core.environment[0m [1;30mLevel 1[0m checking '/home/arepo/TMR2026_Rescue/shared/gui_ws/install/gui' for CMake config files
[20.088s] [34mcolcon.colcon_core.shell[0m [1;30mLevel 1[0m create_environment_hook('gui', 'cmake_prefix_path')
[20.088s] [34mcolcon.colcon_core.shell[0m [1;30mINFO[0m Creating environment hook '/home/arepo/TMR2026_Rescue/shared/gui_ws/install/gui/share/gui/hook/cmake_prefix_path.ps1'
[20.088s] [34mcolcon.colcon_core.shell[0m [1;30mINFO[0m Creating environment descriptor '/home/arepo/TMR2026_Rescue/shared/gui_ws/install/gui/share/gui/hook/cmake_prefix_path.dsv'
[20.089s] [34mcolcon.colcon_core.shell[0m [1;30mINFO[0m Creating environment hook '/home/arepo/TMR2026_Rescue/shared/gui_ws/install/gui/share/gui/hook/cmake_prefix_path.sh'
[20.089s] [34mcolcon.colcon_core.environment[0m [1;30mLevel 1[0m checking '/home/arepo/TMR2026_Rescue/shared/gui_ws/install/gui/lib'
[20.089s] [34mcolcon.colcon_core.environment[0m [1;30mLevel 1[0m checking '/home/arepo/TMR2026_Rescue/shared/gui_ws/install/gui/bin'
[20.089s] [34mcolcon.colcon_core.environment[0m [1;30mLevel 1[0m checking '/home/arepo/TMR2026_Rescue/shared/gui_ws/install/gui/lib/pkgconfig/gui.pc'
[20.089s] [34mcolcon.colcon_core.environment[0m [1;30mLevel 1[0m checking '/home/arepo/TMR2026_Rescue/shared/gui_ws/install/gui/lib/python3.10/site-packages'
[20.089s] [34mcolcon.colcon_core.environment[0m [1;30mLevel 1[0m checking '/home/arepo/TMR2026_Rescue/shared/gui_ws/install/gui/bin'
[20.090s] [34mcolcon.colcon_core.shell[0m [1;30mINFO[0m Creating package script '/home/arepo/TMR2026_Rescue/shared/gui_ws/install/gui/share/gui/package.ps1'
[20.090s] [34mcolcon.colcon_core.shell[0m [1;30mINFO[0m Creating package descriptor '/home/arepo/TMR2026_Rescue/shared/gui_ws/install/gui/share/gui/package.dsv'
[20.090s] [34mcolcon.colcon_core.shell[0m [1;30mINFO[0m Creating package script '/home/arepo/TMR2026_Rescue/shared/gui_ws/install/gui/share/gui/package.sh'
[20.091s] [34mcolcon.colcon_core.shell[0m [1;30mINFO[0m Creating package script '/home/arepo/TMR2026_Rescue/shared/gui_ws/install/gui/share/gui/package.bash'
[20.091s] [34mcolcon.colcon_core.shell[0m [1;30mINFO[0m Creating package script '/home/arepo/TMR2026_Rescue/shared/gui_ws/install/gui/share/gui/package.zsh'
[20.091s] [34mcolcon.colcon_core.environment[0m [1;30mLevel 1[0m create_file_with_runtime_dependencies(/home/arepo/TMR2026_Rescue/shared/gui_ws/install/gui/share/colcon-core/packages/gui)
[20.092s] [34mcolcon.colcon_core.environment[0m [1;30mLevel 1[0m create_environment_scripts_only(gui)
[20.092s] [34mcolcon.colcon_core.environment[0m [1;30mLevel 1[0m checking '/home/arepo/TMR2026_Rescue/shared/gui_ws/install/gui' for CMake module files
[20.092s] [34mcolcon.colcon_core.environment[0m [1;30mLevel 1[0m checking '/home/arepo/TMR2026_Rescue/shared/gui_ws/install/gui' for CMake config files
[20.092s] [34mcolcon.colcon_core.shell[0m [1;30mLevel 1[0m create_environment_hook('gui', 'cmake_prefix_path')
[20.092s] [34mcolcon.colcon_core.shell[0m [1;30mINFO[0m Creating environment hook '/home/arepo/TMR2026_Rescue/shared/gui_ws/install/gui/share/gui/hook/cmake_prefix_path.ps1'
[20.093s] [34mcolcon.colcon_core.shell[0m [1;30mINFO[0m Creating environment descriptor '/home/arepo/TMR2026_Rescue/shared/gui_ws/install/gui/share/gui/hook/cmake_prefix_path.dsv'
[20.093s] [34mcolcon.colcon_core.shell[0m [1;30mINFO[0m Creating environment hook '/home/arepo/TMR2026_Rescue/shared/gui_ws/install/gui/share/gui/hook/cmake_prefix_path.sh'
[20.093s] [34mcolcon.colcon_core.environment[0m [1;30mLevel 1[0m checking '/home/arepo/TMR2026_Rescue/shared/gui_ws/install/gui/lib'
[20.093s] [34mcolcon.colcon_core.environment[0m [1;30mLevel 1[0m checking '/home/arepo/TMR2026_Rescue/shared/gui_ws/install/gui/bin'
[20.093s] [34mcolcon.colcon_core.environment[0m [1;30mLevel 1[0m checking '/home/arepo/TMR2026_Rescue/shared/gui_ws/install/gui/lib/pkgconfig/gui.pc'
[20.093s] [34mcolcon.colcon_core.environment[0m [1;30mLevel 1[0m checking '/home/arepo/TMR2026_Rescue/shared/gui_ws/install/gui/lib/python3.10/site-packages'
[20.094s] [34mcolcon.colcon_core.environment[0m [1;30mLevel 1[0m checking '/home/arepo/TMR2026_Rescue/shared/gui_ws/install/gui/bin'
[20.094s] [34mcolcon.colcon_core.shell[0m [1;30mINFO[0m Creating package script '/home/arepo/TMR2026_Rescue/shared/gui_ws/install/gui/share/gui/package.ps1'
[20.094s] [34mcolcon.colcon_core.shell[0m [1;30mINFO[0m Creating package descriptor '/home/arepo/TMR2026_Rescue/shared/gui_ws/install/gui/share/gui/package.dsv'
[20.094s] [34mcolcon.colcon_core.shell[0m [1;30mINFO[0m Creating package script '/home/arepo/TMR2026_Rescue/shared/gui_ws/install/gui/share/gui/package.sh'
[20.095s] [34mcolcon.colcon_core.shell[0m [1;30mINFO[0m Creating package script '/home/arepo/TMR2026_Rescue/shared/gui_ws/install/gui/share/gui/package.bash'
[20.095s] [34mcolcon.colcon_core.shell[0m [1;30mINFO[0m Creating package script '/home/arepo/TMR2026_Rescue/shared/gui_ws/install/gui/share/gui/package.zsh'
[20.095s] [34mcolcon.colcon_core.environment[0m [1;30mLevel 1[0m create_file_with_runtime_dependencies(/home/arepo/TMR2026_Rescue/shared/gui_ws/install/gui/share/colcon-core/packages/gui)
[20.095s] [34mcolcon.colcon_parallel_executor.executor.parallel[0m [1;30mDEBUG[0m [32mclosing loop[0m
[20.096s] [34mcolcon.colcon_parallel_executor.executor.parallel[0m [1;30mDEBUG[0m [32mloop closed[0m
[20.096s] [34mcolcon.colcon_parallel_executor.executor.parallel[0m [1;30mDEBUG[0m [32mrun_until_complete finished with '0'[0m
[20.096s] [34mcolcon.colcon_core.event_reactor[0m [1;30mDEBUG[0m [32mjoining thread[0m
[20.100s] [34mcolcon.colcon_core.plugin_system[0m [1;30mINFO[0m Skipping extension 'colcon_notification.desktop_notification.terminal_notifier': Not used on non-Darwin systems
[20.100s] [34mcolcon.colcon_core.plugin_system[0m [1;30mINFO[0m Skipping extension 'colcon_notification.desktop_notification.win32': Not used on non-Windows systems
[20.100s] [34mcolcon.colcon_notification.desktop_notification[0m [1;30mINFO[0m Sending desktop notification using 'notify2'
[20.111s] [34mcolcon.colcon_core.event_reactor[0m [1;30mDEBUG[0m [32mjoined thread[0m
[20.111s] [34mcolcon.colcon_core.shell[0m [1;30mINFO[0m Creating prefix script '/home/arepo/TMR2026_Rescue/shared/gui_ws/install/local_setup.ps1'
[20.113s] [34mcolcon.colcon_core.shell[0m [1;30mINFO[0m Creating prefix util module '/home/arepo/TMR2026_Rescue/shared/gui_ws/install/_local_setup_util_ps1.py'
[20.114s] [34mcolcon.colcon_core.shell[0m [1;30mINFO[0m Creating prefix chain script '/home/arepo/TMR2026_Rescue/shared/gui_ws/install/setup.ps1'
[20.115s] [34mcolcon.colcon_core.shell[0m [1;30mINFO[0m Creating prefix script '/home/arepo/TMR2026_Rescue/shared/gui_ws/install/local_setup.sh'
[20.115s] [34mcolcon.colcon_core.shell[0m [1;30mINFO[0m Creating prefix util module '/home/arepo/TMR2026_Rescue/shared/gui_ws/install/_local_setup_util_sh.py'
[20.116s] [34mcolcon.colcon_core.shell[0m [1;30mINFO[0m Creating prefix chain script '/home/arepo/TMR2026_Rescue/shared/gui_ws/install/setup.sh'
[20.117s] [34mcolcon.colcon_core.shell[0m [1;30mINFO[0m Creating prefix script '/home/arepo/TMR2026_Rescue/shared/gui_ws/install/local_setup.bash'
[20.117s] [34mcolcon.colcon_core.shell[0m [1;30mINFO[0m Creating prefix chain script '/home/arepo/TMR2026_Rescue/shared/gui_ws/install/setup.bash'
[20.119s] [34mcolcon.colcon_core.shell[0m [1;30mINFO[0m Creating prefix script '/home/arepo/TMR2026_Rescue/shared/gui_ws/install/local_setup.zsh'
[20.120s] [34mcolcon.colcon_core.shell[0m [1;30mINFO[0m Creating prefix chain script '/home/arepo/TMR2026_Rescue/shared/gui_ws/install/setup.zsh'
