[0.014s] Invoking command in '/home/arepo/TMR2026_Rescue/shared/gui_ws/build/gui': CMAKE_PREFIX_PATH=/opt/ros/humble /home/arepo/.local/bin/cmake /home/arepo/TMR2026_Rescue/shared/gui_ws/src/gui -DCMAKE_INSTALL_PREFIX=/home/arepo/TMR2026_Rescue/shared/gui_ws/install/gui
[0.369s] -- The C compiler identification is GNU 11.4.0
[0.581s] -- The CXX compiler identification is GNU 11.4.0
[0.624s] -- Detecting C compiler ABI info
[0.753s] -- Detecting C compiler ABI info - done
[0.774s] -- Check for working C compiler: /usr/bin/cc - skipped
[0.777s] -- Detecting C compile features
[0.777s] -- Detecting C compile features - done
[0.805s] -- Detecting CXX compiler ABI info
[0.876s] -- Detecting CXX compiler ABI info - done
[0.888s] -- Check for working CXX compiler: /usr/bin/c++ - skipped
[0.889s] -- Detecting CXX compile features
[0.889s] -- Detecting CXX compile features - done
[0.911s] -- Found ament_cmake: 1.3.12 (/opt/ros/humble/share/ament_cmake/cmake)
[1.037s] -- Found Python3: /usr/bin/python3 (found version "3.10.12") found components: Interpreter
[1.150s] -- Found rclcpp: 16.0.14 (/opt/ros/humble/share/rclcpp/cmake)
[1.221s] -- Found rosidl_generator_c: 3.1.7 (/opt/ros/humble/share/rosidl_generator_c/cmake)
[1.227s] -- Found rosidl_adapter: 3.1.7 (/opt/ros/humble/share/rosidl_adapter/cmake)
[1.238s] -- Found rosidl_generator_cpp: 3.1.7 (/opt/ros/humble/share/rosidl_generator_cpp/cmake)
[1.255s] -- Using all available rosidl_typesupport_c: rosidl_typesupport_fastrtps_c;rosidl_typesupport_introspection_c
[1.274s] -- Using all available rosidl_typesupport_cpp: rosidl_typesupport_fastrtps_cpp;rosidl_typesupport_introspection_cpp
[1.327s] -- Found rmw_implementation_cmake: 6.1.2 (/opt/ros/humble/share/rmw_implementation_cmake/cmake)
[1.330s] -- Found rmw_fastrtps_cpp: 6.2.8 (/opt/ros/humble/share/rmw_fastrtps_cpp/cmake)
[1.442s] -- Found OpenSSL: /usr/lib/x86_64-linux-gnu/libcrypto.so (found version "3.0.2")
[1.474s] -- Found FastRTPS: /opt/ros/humble/include
[1.521s] -- Using RMW implementation 'rmw_fastrtps_cpp' as default
[1.533s] -- Performing Test CMAKE_HAVE_LIBC_PTHREAD
[1.620s] -- Performing Test CMAKE_HAVE_LIBC_PTHREAD - Success
[1.621s] -- Found Threads: TRUE
[1.692s] -- Found sensor_msgs: 4.9.0 (/opt/ros/humble/share/sensor_msgs/cmake)
[1.733s] -- Found urdf: 2.6.1 (/opt/ros/humble/share/urdf/cmake)
[1.848s] -- Performing Test HAVE_STDATOMIC
[1.979s] -- Performing Test HAVE_STDATOMIC - Success
[1.980s] -- Found WrapAtomic: TRUE
[2.023s] -- Found OpenGL: /usr/lib/x86_64-linux-gnu/libOpenGL.so
[2.023s] -- Found WrapOpenGL: TRUE
[2.084s] -- Found XKB: /usr/lib/x86_64-linux-gnu/libxkbcommon.so (found suitable version "1.4.0", minimum required is "0.5.0")
[2.148s] -- Found WrapVulkanHeaders: /usr/include
[2.212s] -- Found OpenCV: /usr (found version "4.5.4")
[2.229s] -- Found ament_lint_auto: 0.12.14 (/opt/ros/humble/share/ament_lint_auto/cmake)
[2.314s] -- Added test 'cppcheck' to perform static code analysis on C / C++ code
[2.315s] -- Configured cppcheck include dirs: $<BUILD_INTERFACE:/home/arepo/TMR2026_Rescue/shared/gui_ws/src/gui/include>
[2.315s] -- Configured cppcheck exclude dirs and/or files: 
[2.315s] -- Added test 'flake8' to check Python code syntax and style conventions
[2.316s] -- Added test 'lint_cmake' to check CMake code style
[2.317s] -- Added test 'pep257' to check Python code against some of the docstring style conventions in PEP 257
[2.319s] -- Added test 'uncrustify' to check C / C++ code style
[2.319s] -- Configured uncrustify additional arguments: 
[2.320s] -- Added test 'xmllint' to check XML markup files
[2.321s] -- Configuring done (2.2s)
[2.452s] -- Generating done (0.1s)
[2.463s] -- Build files have been written to: /home/arepo/TMR2026_Rescue/shared/gui_ws/build/gui
[2.480s] Invoked command in '/home/arepo/TMR2026_Rescue/shared/gui_ws/build/gui' returned '0': CMAKE_PREFIX_PATH=/opt/ros/humble /home/arepo/.local/bin/cmake /home/arepo/TMR2026_Rescue/shared/gui_ws/src/gui -DCMAKE_INSTALL_PREFIX=/home/arepo/TMR2026_Rescue/shared/gui_ws/install/gui
[2.483s] Invoking command in '/home/arepo/TMR2026_Rescue/shared/gui_ws/build/gui': CMAKE_PREFIX_PATH=/opt/ros/humble /home/arepo/.local/bin/cmake --build /home/arepo/TMR2026_Rescue/shared/gui_ws/build/gui -- -j16 -l16
[2.567s] [  0%] [0mBuilt target gui_autogen_timestamp_deps[0m
[2.577s] [  6%] [1m[34mAutomatic MOC and UIC for target gui[0m
[3.498s] [  6%] [0mBuilt target gui_autogen[0m
[3.523s] [ 18%] [32mBuilding CXX object CMakeFiles/gui.dir/gui_autogen/mocs_compilation.cpp.o[0m
[3.524s] [ 18%] [32mBuilding CXX object CMakeFiles/gui.dir/src/gui.cpp.o[0m
[3.524s] [ 25%] [32mBuilding CXX object CMakeFiles/gui.dir/src/main_window.cpp.o[0m
[3.524s] [ 31%] [32mBuilding CXX object CMakeFiles/gui.dir/src/video_widget.cpp.o[0m
[3.524s] [ 37%] [32mBuilding CXX object CMakeFiles/gui.dir/src/video_panel.cpp.o[0m
[3.524s] [ 50%] [32mBuilding CXX object CMakeFiles/gui.dir/src/source_manager.cpp.o[0m
[3.524s] [ 50%] [32mBuilding CXX object CMakeFiles/gui.dir/src/camera_hub.cpp.o[0m
[3.525s] [ 56%] [32mBuilding CXX object CMakeFiles/gui.dir/src/dashboard_panel.cpp.o[0m
[3.525s] [ 68%] [32mBuilding CXX object CMakeFiles/gui.dir/src/speech_processor.cpp.o[0m
[3.525s] [ 68%] [32mBuilding CXX object CMakeFiles/gui.dir/src/urdf_viewer.cpp.o[0m
[3.525s] [ 81%] [32mBuilding CXX object CMakeFiles/gui.dir/src/app_settings.cpp.o[0m
[3.525s] [ 81%] [32mBuilding CXX object CMakeFiles/gui.dir/src/filters.cpp.o[0m
[3.526s] [ 87%] [32mBuilding CXX object CMakeFiles/gui.dir/src/settings_dialog.cpp.o[0m
[12.576s] [01m[K/home/arepo/TMR2026_Rescue/shared/gui_ws/src/gui/src/urdf_viewer.cpp:57:20:[m[K [01;35m[Kwarning: [m[K‘[01m[KGRID_FRAG[m[K’ defined but not used [[01;35m[K]8;;https://gcc.gnu.org/onlinedocs/gcc/Warning-Options.html#index-Wunused-variable-Wunused-variable]8;;[m[K]
[12.576s]    57 | static const char* [01;35m[KGRID_FRAG[m[K = R"(
[12.576s]       |                    [01;35m[K^~~~~~~~~[m[K
[12.576s] [01m[K/home/arepo/TMR2026_Rescue/shared/gui_ws/src/gui/src/urdf_viewer.cpp:45:20:[m[K [01;35m[Kwarning: [m[K‘[01m[KGRID_VERT[m[K’ defined but not used [[01;35m[K]8;;https://gcc.gnu.org/onlinedocs/gcc/Warning-Options.html#index-Wunused-variable-Wunused-variable]8;;[m[K]
[12.576s]    45 | static const char* [01;35m[KGRID_VERT[m[K = R"(
[12.577s]       |                    [01;35m[K^~~~~~~~~[m[K
[17.710s] [ 93%] [1m[32mLinking CXX executable gui[0m
[21.954s] [100%] [0mBuilt target gui[0m
[21.960s] Invoked command in '/home/arepo/TMR2026_Rescue/shared/gui_ws/build/gui' returned '0': CMAKE_PREFIX_PATH=/opt/ros/humble /home/arepo/.local/bin/cmake --build /home/arepo/TMR2026_Rescue/shared/gui_ws/build/gui -- -j16 -l16
[22.019s] Invoking command in '/home/arepo/TMR2026_Rescue/shared/gui_ws/build/gui': CMAKE_PREFIX_PATH=/opt/ros/humble /home/arepo/.local/bin/cmake --install /home/arepo/TMR2026_Rescue/shared/gui_ws/build/gui
[22.075s] -- Install configuration: ""
[22.075s] -- Installing: /home/arepo/TMR2026_Rescue/shared/gui_ws/install/gui/lib/gui/gui
[22.088s] -- Set non-toolchain portion of runtime path of "/home/arepo/TMR2026_Rescue/shared/gui_ws/install/gui/lib/gui/gui" to ""
[22.089s] -- Installing: /home/arepo/TMR2026_Rescue/shared/gui_ws/install/gui/lib/gui/gst_bridge
[22.089s] -- Installing: /home/arepo/TMR2026_Rescue/shared/gui_ws/install/gui/share/gui/assets
[22.089s] -- Installing: /home/arepo/TMR2026_Rescue/shared/gui_ws/install/gui/share/gui/assets/vision
[22.089s] -- Installing: /home/arepo/TMR2026_Rescue/shared/gui_ws/install/gui/share/gui/assets/audio
[22.090s] -- Installing: /home/arepo/TMR2026_Rescue/shared/gui_ws/install/gui/share/gui/launch
[22.090s] -- Installing: /home/arepo/TMR2026_Rescue/shared/gui_ws/install/gui/share/gui/launch/gui.launch.py
[22.090s] -- Installing: /home/arepo/TMR2026_Rescue/shared/gui_ws/install/gui/share/ament_index/resource_index/package_run_dependencies/gui
[22.090s] -- Installing: /home/arepo/TMR2026_Rescue/shared/gui_ws/install/gui/share/ament_index/resource_index/parent_prefix_path/gui
[22.090s] -- Installing: /home/arepo/TMR2026_Rescue/shared/gui_ws/install/gui/share/gui/environment/ament_prefix_path.sh
[22.090s] -- Installing: /home/arepo/TMR2026_Rescue/shared/gui_ws/install/gui/share/gui/environment/ament_prefix_path.dsv
[22.090s] -- Installing: /home/arepo/TMR2026_Rescue/shared/gui_ws/install/gui/share/gui/environment/path.sh
[22.090s] -- Installing: /home/arepo/TMR2026_Rescue/shared/gui_ws/install/gui/share/gui/environment/path.dsv
[22.090s] -- Installing: /home/arepo/TMR2026_Rescue/shared/gui_ws/install/gui/share/gui/local_setup.bash
[22.091s] -- Installing: /home/arepo/TMR2026_Rescue/shared/gui_ws/install/gui/share/gui/local_setup.sh
[22.091s] -- Installing: /home/arepo/TMR2026_Rescue/shared/gui_ws/install/gui/share/gui/local_setup.zsh
[22.091s] -- Installing: /home/arepo/TMR2026_Rescue/shared/gui_ws/install/gui/share/gui/local_setup.dsv
[22.091s] -- Installing: /home/arepo/TMR2026_Rescue/shared/gui_ws/install/gui/share/gui/package.dsv
[22.091s] -- Installing: /home/arepo/TMR2026_Rescue/shared/gui_ws/install/gui/share/ament_index/resource_index/packages/gui
[22.092s] -- Installing: /home/arepo/TMR2026_Rescue/shared/gui_ws/install/gui/share/gui/cmake/guiConfig.cmake
[22.092s] -- Installing: /home/arepo/TMR2026_Rescue/shared/gui_ws/install/gui/share/gui/cmake/guiConfig-version.cmake
[22.092s] -- Installing: /home/arepo/TMR2026_Rescue/shared/gui_ws/install/gui/share/gui/package.xml
[22.093s] Invoked command in '/home/arepo/TMR2026_Rescue/shared/gui_ws/build/gui' returned '0': CMAKE_PREFIX_PATH=/opt/ros/humble /home/arepo/.local/bin/cmake --install /home/arepo/TMR2026_Rescue/shared/gui_ws/build/gui
