[0.018s] Invoking command in '/home/gerardo/TMR2026_Rescue/build/jaguar_robot_full_description': CMAKE_PREFIX_PATH=${CMAKE_PREFIX_PATH}:/home/gerardo/TMR2026_Rescue/shared/gui_ws/install/esp32_bridge:/opt/ros/humble /usr/bin/cmake /home/gerardo/TMR2026_Rescue/jaguar/arm/src/jaguar_robot_full_description -DCMAKE_INSTALL_PREFIX=/home/gerardo/TMR2026_Rescue/install/jaguar_robot_full_description
[0.353s] -- The C compiler identification is GNU 11.4.0
[0.353s] -- The CXX compiler identification is GNU 11.4.0
[0.353s] -- Detecting C compiler ABI info
[0.353s] -- Detecting C compiler ABI info - done
[0.353s] -- Check for working C compiler: /usr/bin/cc - skipped
[0.353s] -- Detecting C compile features
[0.353s] -- Detecting C compile features - done
[0.353s] -- Detecting CXX compiler ABI info
[0.353s] -- Detecting CXX compiler ABI info - done
[0.353s] -- Check for working CXX compiler: /usr/bin/c++ - skipped
[0.353s] -- Detecting CXX compile features
[0.353s] -- Detecting CXX compile features - done
[0.353s] -- Found ament_cmake: 1.3.14 (/opt/ros/humble/share/ament_cmake/cmake)
[0.386s] -- Found Python3: /usr/bin/python3 (found version "3.10.12") found components: Interpreter 
[0.532s] -- Configuring done
[0.534s] -- Generating done
[0.535s] -- Build files have been written to: /home/gerardo/TMR2026_Rescue/build/jaguar_robot_full_description
[0.556s] Invoked command in '/home/gerardo/TMR2026_Rescue/build/jaguar_robot_full_description' returned '0': CMAKE_PREFIX_PATH=${CMAKE_PREFIX_PATH}:/home/gerardo/TMR2026_Rescue/shared/gui_ws/install/esp32_bridge:/opt/ros/humble /usr/bin/cmake /home/gerardo/TMR2026_Rescue/jaguar/arm/src/jaguar_robot_full_description -DCMAKE_INSTALL_PREFIX=/home/gerardo/TMR2026_Rescue/install/jaguar_robot_full_description
[0.557s] Invoking command in '/home/gerardo/TMR2026_Rescue/build/jaguar_robot_full_description': CMAKE_PREFIX_PATH=${CMAKE_PREFIX_PATH}:/home/gerardo/TMR2026_Rescue/shared/gui_ws/install/esp32_bridge:/opt/ros/humble /usr/bin/cmake --build /home/gerardo/TMR2026_Rescue/build/jaguar_robot_full_description -- -j16 -l16
[0.583s] Invoked command in '/home/gerardo/TMR2026_Rescue/build/jaguar_robot_full_description' returned '0': CMAKE_PREFIX_PATH=${CMAKE_PREFIX_PATH}:/home/gerardo/TMR2026_Rescue/shared/gui_ws/install/esp32_bridge:/opt/ros/humble /usr/bin/cmake --build /home/gerardo/TMR2026_Rescue/build/jaguar_robot_full_description -- -j16 -l16
[0.593s] Invoking command in '/home/gerardo/TMR2026_Rescue/build/jaguar_robot_full_description': CMAKE_PREFIX_PATH=${CMAKE_PREFIX_PATH}:/home/gerardo/TMR2026_Rescue/shared/gui_ws/install/esp32_bridge:/opt/ros/humble /usr/bin/cmake --install /home/gerardo/TMR2026_Rescue/build/jaguar_robot_full_description
[0.599s] -- Install configuration: ""
[0.600s] -- Installing: /home/gerardo/TMR2026_Rescue/install/jaguar_robot_full_description/share/jaguar_robot_full_description/launch
[0.600s] -- Installing: /home/gerardo/TMR2026_Rescue/install/jaguar_robot_full_description/share/jaguar_robot_full_description/launch/launch.py
[0.600s] -- Installing: /home/gerardo/TMR2026_Rescue/install/jaguar_robot_full_description/share/jaguar_robot_full_description/meshes
[0.600s] -- Installing: /home/gerardo/TMR2026_Rescue/install/jaguar_robot_full_description/share/jaguar_robot_full_description/meshes/collision
[0.600s] -- Installing: /home/gerardo/TMR2026_Rescue/install/jaguar_robot_full_description/share/jaguar_robot_full_description/meshes/collision/Link2.STL
[0.603s] -- Installing: /home/gerardo/TMR2026_Rescue/install/jaguar_robot_full_description/share/jaguar_robot_full_description/meshes/collision/Link1.STL
[0.604s] -- Installing: /home/gerardo/TMR2026_Rescue/install/jaguar_robot_full_description/share/jaguar_robot_full_description/meshes/collision/Link3.STL
[0.608s] -- Installing: /home/gerardo/TMR2026_Rescue/install/jaguar_robot_full_description/share/jaguar_robot_full_description/meshes/collision/Link4.STL
[0.609s] -- Installing: /home/gerardo/TMR2026_Rescue/install/jaguar_robot_full_description/share/jaguar_robot_full_description/meshes/collision/Link6.STL
[0.619s] -- Installing: /home/gerardo/TMR2026_Rescue/install/jaguar_robot_full_description/share/jaguar_robot_full_description/meshes/collision/base_link.STL
[0.639s] -- Installing: /home/gerardo/TMR2026_Rescue/install/jaguar_robot_full_description/share/jaguar_robot_full_description/meshes/collision/Link5.STL
[0.641s] -- Installing: /home/gerardo/TMR2026_Rescue/install/jaguar_robot_full_description/share/jaguar_robot_full_description/meshes/visual
[0.641s] -- Installing: /home/gerardo/TMR2026_Rescue/install/jaguar_robot_full_description/share/jaguar_robot_full_description/meshes/visual/Link2.STL
[0.643s] -- Installing: /home/gerardo/TMR2026_Rescue/install/jaguar_robot_full_description/share/jaguar_robot_full_description/meshes/visual/Link1.STL
[0.645s] -- Installing: /home/gerardo/TMR2026_Rescue/install/jaguar_robot_full_description/share/jaguar_robot_full_description/meshes/visual/Link3.STL
[0.647s] -- Installing: /home/gerardo/TMR2026_Rescue/install/jaguar_robot_full_description/share/jaguar_robot_full_description/meshes/visual/Link4.STL
[0.648s] -- Installing: /home/gerardo/TMR2026_Rescue/install/jaguar_robot_full_description/share/jaguar_robot_full_description/meshes/visual/Link6.STL
[0.655s] -- Installing: /home/gerardo/TMR2026_Rescue/install/jaguar_robot_full_description/share/jaguar_robot_full_description/meshes/visual/base_link.STL
[0.670s] -- Installing: /home/gerardo/TMR2026_Rescue/install/jaguar_robot_full_description/share/jaguar_robot_full_description/meshes/visual/Link5.STL
[0.672s] -- Installing: /home/gerardo/TMR2026_Rescue/install/jaguar_robot_full_description/share/jaguar_robot_full_description/urdf
[0.673s] -- Installing: /home/gerardo/TMR2026_Rescue/install/jaguar_robot_full_description/share/jaguar_robot_full_description/urdf/jaguar_robot_full.xacro
[0.673s] -- Installing: /home/gerardo/TMR2026_Rescue/install/jaguar_robot_full_description/share/jaguar_robot_full_description/rviz
[0.673s] -- Installing: /home/gerardo/TMR2026_Rescue/install/jaguar_robot_full_description/share/jaguar_robot_full_description/rviz/default.rviz
[0.673s] -- Installing: /home/gerardo/TMR2026_Rescue/install/jaguar_robot_full_description/share/jaguar_robot_full_description/package.xml
[0.674s] -- Installing: /home/gerardo/TMR2026_Rescue/install/jaguar_robot_full_description/share/jaguar_robot_full_description/resource/jaguar_robot_full_description
[0.674s] -- Installing: /home/gerardo/TMR2026_Rescue/install/jaguar_robot_full_description/share/ament_index/resource_index/package_run_dependencies/jaguar_robot_full_description
[0.674s] -- Installing: /home/gerardo/TMR2026_Rescue/install/jaguar_robot_full_description/share/ament_index/resource_index/parent_prefix_path/jaguar_robot_full_description
[0.674s] -- Installing: /home/gerardo/TMR2026_Rescue/install/jaguar_robot_full_description/share/jaguar_robot_full_description/environment/ament_prefix_path.sh
[0.674s] -- Installing: /home/gerardo/TMR2026_Rescue/install/jaguar_robot_full_description/share/jaguar_robot_full_description/environment/ament_prefix_path.dsv
[0.674s] -- Installing: /home/gerardo/TMR2026_Rescue/install/jaguar_robot_full_description/share/jaguar_robot_full_description/environment/path.sh
[0.674s] -- Installing: /home/gerardo/TMR2026_Rescue/install/jaguar_robot_full_description/share/jaguar_robot_full_description/environment/path.dsv
[0.675s] -- Installing: /home/gerardo/TMR2026_Rescue/install/jaguar_robot_full_description/share/jaguar_robot_full_description/local_setup.bash
[0.675s] -- Installing: /home/gerardo/TMR2026_Rescue/install/jaguar_robot_full_description/share/jaguar_robot_full_description/local_setup.sh
[0.675s] -- Installing: /home/gerardo/TMR2026_Rescue/install/jaguar_robot_full_description/share/jaguar_robot_full_description/local_setup.zsh
[0.675s] -- Installing: /home/gerardo/TMR2026_Rescue/install/jaguar_robot_full_description/share/jaguar_robot_full_description/local_setup.dsv
[0.675s] -- Installing: /home/gerardo/TMR2026_Rescue/install/jaguar_robot_full_description/share/jaguar_robot_full_description/package.dsv
[0.675s] -- Installing: /home/gerardo/TMR2026_Rescue/install/jaguar_robot_full_description/share/ament_index/resource_index/packages/jaguar_robot_full_description
[0.675s] -- Installing: /home/gerardo/TMR2026_Rescue/install/jaguar_robot_full_description/share/jaguar_robot_full_description/cmake/jaguar_robot_full_descriptionConfig.cmake
[0.675s] -- Installing: /home/gerardo/TMR2026_Rescue/install/jaguar_robot_full_description/share/jaguar_robot_full_description/cmake/jaguar_robot_full_descriptionConfig-version.cmake
[0.675s] -- Up-to-date: /home/gerardo/TMR2026_Rescue/install/jaguar_robot_full_description/share/jaguar_robot_full_description/package.xml
[0.677s] Invoked command in '/home/gerardo/TMR2026_Rescue/build/jaguar_robot_full_description' returned '0': CMAKE_PREFIX_PATH=${CMAKE_PREFIX_PATH}:/home/gerardo/TMR2026_Rescue/shared/gui_ws/install/esp32_bridge:/opt/ros/humble /usr/bin/cmake --install /home/gerardo/TMR2026_Rescue/build/jaguar_robot_full_description
